../Src/lib/STM32F746NGH/USB_DEVICE/App/usbd_cdc_if.c:43:10:cdcAvailable	16	static
../Src/lib/STM32F746NGH/USB_DEVICE/App/usbd_cdc_if.c:52:9:cdcRead	16	static
../Src/lib/STM32F746NGH/USB_DEVICE/App/usbd_cdc_if.c:66:6:cdcDataIn	24	static
../Src/lib/STM32F746NGH/USB_DEVICE/App/usbd_cdc_if.c:80:10:cdcWrite	24	static
../Src/lib/STM32F746NGH/USB_DEVICE/App/usbd_cdc_if.c:109:10:cdcGetBaud	4	static
../Src/lib/STM32F746NGH/USB_DEVICE/App/usbd_cdc_if.c:241:15:CDC_Init_FS	8	static
../Src/lib/STM32F746NGH/USB_DEVICE/App/usbd_cdc_if.c:255:15:CDC_DeInit_FS	4	static
../Src/lib/STM32F746NGH/USB_DEVICE/App/usbd_cdc_if.c:269:15:CDC_Control_FS	16	static
../Src/lib/STM32F746NGH/USB_DEVICE/App/usbd_cdc_if.c:362:15:CDC_Receive_FS	24	static
../Src/lib/STM32F746NGH/USB_DEVICE/App/usbd_cdc_if.c:391:9:CDC_Transmit_FS	24	static
../Src/lib/STM32F746NGH/USB_DEVICE/App/usbd_cdc_if.c:417:15:CDC_TransmitCplt_FS	32	static
