D:/1_Work/01_Work/02_ExtWork/STM32F746NGH/STM32F746NGH/Src/lib/STM32F746NGH/Drivers/CMSIS/Include/core_cm7.h:2229:22:SCB_EnableICache	4	static,ignoring_inline_asm
D:/1_Work/01_Work/02_ExtWork/STM32F746NGH/STM32F746NGH/Src/lib/STM32F746NGH/Drivers/CMSIS/Include/core_cm7.h:2281:22:SCB_EnableDCache	24	static,ignoring_inline_asm
../Src/bsp/bsp.c:19:6:bspInit	48	static
../Src/bsp/bsp.c:52:6:delay	16	static
../Src/bsp/bsp.c:57:10:millis	8	static
../Src/bsp/bsp.c:63:6:map	24	static
../Src/bsp/bsp.c:71:6:SystemClock_Config	88	static
../Src/bsp/bsp.c:124:6:CPU_CACHE_Enable	8	static
../Src/bsp/bsp.c:138:6:MPU_Config	24	static
../Src/bsp/bsp.c:169:6:Error_Handler	4	static,ignoring_inline_asm
