../Src/hw/driver/cli.c:112:6:cliInit	8	static
../Src/hw/driver/cli.c:135:6:cliOpen	16	static
../Src/hw/driver/cli.c:145:6:cliOpenLog	24	static
../Src/hw/driver/cli.c:161:6:cliLogClose	4	static
../Src/hw/driver/cli.c:167:6:cliShowLog	24	static
../Src/hw/driver/cli.c:187:6:cliShowPrompt	16	static
../Src/hw/driver/cli.c:193:6:cliMain	8	static
../Src/hw/driver/cli.c:208:10:cliAvailable	8	static
../Src/hw/driver/cli.c:213:9:cliRead	8	static
../Src/hw/driver/cli.c:218:10:cliWrite	16	static
../Src/hw/driver/cli.c:223:6:cliUpdate	56	static
../Src/hw/driver/cli.c:435:6:cliLineClean	16	static
../Src/hw/driver/cli.c:443:6:cliLineAdd	32	static
../Src/hw/driver/cli.c:458:6:cliLineChange	40	static
../Src/hw/driver/cli.c:500:6:cliRunCmd	24	static
../Src/hw/driver/cli.c:526:6:cliParseArgs	40	static
../Src/hw/driver/cli.c:558:6:cliPrintf	24	static
../Src/hw/driver/cli.c:572:6:cliToUpper	24	static
../Src/hw/driver/cli.c:599:9:cliArgsGetData	24	static
../Src/hw/driver/cli.c:615:7:cliArgsGetFloat	24	static
../Src/hw/driver/cli.c:631:7:cliArgsGetStr	24	static
../Src/hw/driver/cli.c:647:6:cliArgsIsStr	24	static
../Src/hw/driver/cli.c:666:6:cliKeepLoop	16	static
../Src/hw/driver/cli.c:681:6:cliAdd	32	static
../Src/hw/driver/cli.c:704:6:cliShowList	24	static
