Archive member included to satisfy reference by file (symbol)

c:/st/stm32cubeide_1.12.1/stm32cubeide/plugins/com.st.stm32cube.ide.mcu.externaltools.gnu-tools-for-stm32.10.3-2021.10.win32_1.0.200.202301161003/tools/bin/../lib/gcc/arm-none-eabi/10.3.1/../../../../arm-none-eabi/lib/thumb/v7e-m+fp/hard\libc_nano.a(lib_a-errno.o)
                              ./Src/bsp/syscalls.o (__errno)
c:/st/stm32cubeide_1.12.1/stm32cubeide/plugins/com.st.stm32cube.ide.mcu.externaltools.gnu-tools-for-stm32.10.3-2021.10.win32_1.0.200.202301161003/tools/bin/../lib/gcc/arm-none-eabi/10.3.1/../../../../arm-none-eabi/lib/thumb/v7e-m+fp/hard\libc_nano.a(lib_a-exit.o)
                              c:/st/stm32cubeide_1.12.1/stm32cubeide/plugins/com.st.stm32cube.ide.mcu.externaltools.gnu-tools-for-stm32.10.3-2021.10.win32_1.0.200.202301161003/tools/bin/../lib/gcc/arm-none-eabi/10.3.1/../../../../arm-none-eabi/lib/thumb/v7e-m+fp/hard/crt0.o (exit)
c:/st/stm32cubeide_1.12.1/stm32cubeide/plugins/com.st.stm32cube.ide.mcu.externaltools.gnu-tools-for-stm32.10.3-2021.10.win32_1.0.200.202301161003/tools/bin/../lib/gcc/arm-none-eabi/10.3.1/../../../../arm-none-eabi/lib/thumb/v7e-m+fp/hard\libc_nano.a(lib_a-impure.o)
                              c:/st/stm32cubeide_1.12.1/stm32cubeide/plugins/com.st.stm32cube.ide.mcu.externaltools.gnu-tools-for-stm32.10.3-2021.10.win32_1.0.200.202301161003/tools/bin/../lib/gcc/arm-none-eabi/10.3.1/../../../../arm-none-eabi/lib/thumb/v7e-m+fp/hard\libc_nano.a(lib_a-exit.o) (_global_impure_ptr)
c:/st/stm32cubeide_1.12.1/stm32cubeide/plugins/com.st.stm32cube.ide.mcu.externaltools.gnu-tools-for-stm32.10.3-2021.10.win32_1.0.200.202301161003/tools/bin/../lib/gcc/arm-none-eabi/10.3.1/../../../../arm-none-eabi/lib/thumb/v7e-m+fp/hard\libc_nano.a(lib_a-init.o)
                              c:/st/stm32cubeide_1.12.1/stm32cubeide/plugins/com.st.stm32cube.ide.mcu.externaltools.gnu-tools-for-stm32.10.3-2021.10.win32_1.0.200.202301161003/tools/bin/../lib/gcc/arm-none-eabi/10.3.1/../../../../arm-none-eabi/lib/thumb/v7e-m+fp/hard/crt0.o (__libc_init_array)
c:/st/stm32cubeide_1.12.1/stm32cubeide/plugins/com.st.stm32cube.ide.mcu.externaltools.gnu-tools-for-stm32.10.3-2021.10.win32_1.0.200.202301161003/tools/bin/../lib/gcc/arm-none-eabi/10.3.1/../../../../arm-none-eabi/lib/thumb/v7e-m+fp/hard\libc_nano.a(lib_a-malloc.o)
                              ./Src/lib/STM32F746NGH/Middlewares/ST/STM32_USB_Device_Library/Class/CDC/Src/usbd_cdc.o (malloc)
c:/st/stm32cubeide_1.12.1/stm32cubeide/plugins/com.st.stm32cube.ide.mcu.externaltools.gnu-tools-for-stm32.10.3-2021.10.win32_1.0.200.202301161003/tools/bin/../lib/gcc/arm-none-eabi/10.3.1/../../../../arm-none-eabi/lib/thumb/v7e-m+fp/hard\libc_nano.a(lib_a-memset.o)
                              c:/st/stm32cubeide_1.12.1/stm32cubeide/plugins/com.st.stm32cube.ide.mcu.externaltools.gnu-tools-for-stm32.10.3-2021.10.win32_1.0.200.202301161003/tools/bin/../lib/gcc/arm-none-eabi/10.3.1/../../../../arm-none-eabi/lib/thumb/v7e-m+fp/hard/crt0.o (memset)
c:/st/stm32cubeide_1.12.1/stm32cubeide/plugins/com.st.stm32cube.ide.mcu.externaltools.gnu-tools-for-stm32.10.3-2021.10.win32_1.0.200.202301161003/tools/bin/../lib/gcc/arm-none-eabi/10.3.1/../../../../arm-none-eabi/lib/thumb/v7e-m+fp/hard\libc_nano.a(lib_a-nano-freer.o)
                              c:/st/stm32cubeide_1.12.1/stm32cubeide/plugins/com.st.stm32cube.ide.mcu.externaltools.gnu-tools-for-stm32.10.3-2021.10.win32_1.0.200.202301161003/tools/bin/../lib/gcc/arm-none-eabi/10.3.1/../../../../arm-none-eabi/lib/thumb/v7e-m+fp/hard\libc_nano.a(lib_a-malloc.o) (_free_r)
c:/st/stm32cubeide_1.12.1/stm32cubeide/plugins/com.st.stm32cube.ide.mcu.externaltools.gnu-tools-for-stm32.10.3-2021.10.win32_1.0.200.202301161003/tools/bin/../lib/gcc/arm-none-eabi/10.3.1/../../../../arm-none-eabi/lib/thumb/v7e-m+fp/hard\libc_nano.a(lib_a-nano-mallocr.o)
                              c:/st/stm32cubeide_1.12.1/stm32cubeide/plugins/com.st.stm32cube.ide.mcu.externaltools.gnu-tools-for-stm32.10.3-2021.10.win32_1.0.200.202301161003/tools/bin/../lib/gcc/arm-none-eabi/10.3.1/../../../../arm-none-eabi/lib/thumb/v7e-m+fp/hard\libc_nano.a(lib_a-malloc.o) (_malloc_r)
c:/st/stm32cubeide_1.12.1/stm32cubeide/plugins/com.st.stm32cube.ide.mcu.externaltools.gnu-tools-for-stm32.10.3-2021.10.win32_1.0.200.202301161003/tools/bin/../lib/gcc/arm-none-eabi/10.3.1/../../../../arm-none-eabi/lib/thumb/v7e-m+fp/hard\libc_nano.a(lib_a-sbrkr.o)
                              c:/st/stm32cubeide_1.12.1/stm32cubeide/plugins/com.st.stm32cube.ide.mcu.externaltools.gnu-tools-for-stm32.10.3-2021.10.win32_1.0.200.202301161003/tools/bin/../lib/gcc/arm-none-eabi/10.3.1/../../../../arm-none-eabi/lib/thumb/v7e-m+fp/hard\libc_nano.a(lib_a-nano-mallocr.o) (_sbrk_r)
[...]
Memory Configuration

Name             Origin             Length             Attributes
RAM              0x0000000020000000 0x0000000000050000 xrw
FLASH            0x0000000008000000 0x0000000000100000 xr
*default*        0x0000000000000000 0xffffffffffffffff

Linker script and memory map

LOAD c:/st/stm32cubeide_1.12.1/stm32cubeide/plugins/com.st.stm32cube.ide.mcu.externaltools.gnu-tools-for-stm32.10.3-2021.10.win32_1.0.200.202301161003/tools/bin/../lib/gcc/arm-none-eabi/10.3.1/thumb/v7e-m+fp/hard/crti.o
LOAD c:/st/stm32cubeide_1.12.1/stm32cubeide/plugins/com.st.stm32cube.ide.mcu.externaltools.gnu-tools-for-stm32.10.3-2021.10.win32_1.0.200.202301161003/tools/bin/../lib/gcc/arm-none-eabi/10.3.1/thumb/v7e-m+fp/hard/crtbegin.o
LOAD c:/st/stm32cubeide_1.12.1/stm32cubeide/plugins/com.st.stm32cube.ide.mcu.externaltools.gnu-tools-for-stm32.10.3-2021.10.win32_1.0.200.202301161003/tools/bin/../lib/gcc/arm-none-eabi/10.3.1/../../../../arm-none-eabi/lib/thumb/v7e-m+fp/hard/crt0.o
LOAD ./Src/ap/ap.o
LOAD ./Src/bsp/bsp.o
LOAD ./Src/bsp/stm32f7xx_hal_msp.o
LOAD ./Src/bsp/stm32f7xx_it.o
LOAD ./Src/bsp/syscalls.o
LOAD ./Src/bsp/sysmem.o
LOAD ./Src/bsp/system_stm32f7xx.o
LOAD ./Src/bsp/startup/startup_stm32f746nghx.o
LOAD ./Src/common/core/ft5336.o
LOAD ./Src/common/core/qbuffer.o
LOAD ./Src/hw/driver/cli.o
LOAD ./Src/hw/driver/flash.o
LOAD ./Src/hw/driver/i2c.o
LOAD ./Src/hw/driver/led.o
LOAD ./Src/hw/driver/touch.o
LOAD ./Src/hw/driver/uart.o
LOAD ./Src/hw/hw.o
LOAD ./Src/lib/STM32F746NGH/Drivers/STM32F7xx_HAL_Driver/Src/stm32f7xx_hal.o
LOAD ./Src/lib/STM32F746NGH/Drivers/STM32F7xx_HAL_Driver/Src/stm32f7xx_hal_cortex.o
LOAD ./Src/lib/STM32F746NGH/Drivers/STM32F7xx_HAL_Driver/Src/stm32f7xx_hal_dma.o
LOAD ./Src/lib/STM32F746NGH/Drivers/STM32F7xx_HAL_Driver/Src/stm32f7xx_hal_dma_ex.o
LOAD ./Src/lib/STM32F746NGH/Drivers/STM32F7xx_HAL_Driver/Src/stm32f7xx_hal_exti.o
LOAD ./Src/lib/STM32F746NGH/Drivers/STM32F7xx_HAL_Driver/Src/stm32f7xx_hal_flash.o
LOAD ./Src/lib/STM32F746NGH/Drivers/STM32F7xx_HAL_Driver/Src/stm32f7xx_hal_flash_ex.o
LOAD ./Src/lib/STM32F746NGH/Drivers/STM32F7xx_HAL_Driver/Src/stm32f7xx_hal_gpio.o
LOAD ./Src/lib/STM32F746NGH/Drivers/STM32F7xx_HAL_Driver/Src/stm32f7xx_hal_i2c.o
LOAD ./Src/lib/STM32F746NGH/Drivers/STM32F7xx_HAL_Driver/Src/stm32f7xx_hal_i2c_ex.o
LOAD ./Src/lib/STM32F746NGH/Drivers/STM32F7xx_HAL_Driver/Src/stm32f7xx_hal_pcd.o
LOAD ./Src/lib/STM32F746NGH/Drivers/STM32F7xx_HAL_Driver/Src/stm32f7xx_hal_pcd_ex.o
LOAD ./Src/lib/STM32F746NGH/Drivers/STM32F7xx_HAL_Driver/Src/stm32f7xx_hal_pwr.o
LOAD ./Src/lib/STM32F746NGH/Drivers/STM32F7xx_HAL_Driver/Src/stm32f7xx_hal_pwr_ex.o
LOAD ./Src/lib/STM32F746NGH/Drivers/STM32F7xx_HAL_Driver/Src/stm32f7xx_hal_rcc.o
LOAD ./Src/lib/STM32F746NGH/Drivers/STM32F7xx_HAL_Driver/Src/stm32f7xx_hal_rcc_ex.o
LOAD ./Src/lib/STM32F746NGH/Drivers/STM32F7xx_HAL_Driver/Src/stm32f7xx_hal_tim.o
LOAD ./Src/lib/STM32F746NGH/Drivers/STM32F7xx_HAL_Driver/Src/stm32f7xx_hal_tim_ex.o
LOAD ./Src/lib/STM32F746NGH/Drivers/STM32F7xx_HAL_Driver/Src/stm32f7xx_ll_usb.o
LOAD ./Src/lib/STM32F746NGH/Middlewares/ST/STM32_USB_Device_Library/Class/CDC/Src/usbd_cdc.o
LOAD ./Src/lib/STM32F746NGH/Middlewares/ST/STM32_USB_Device_Library/Core/Src/usbd_core.o
LOAD ./Src/lib/STM32F746NGH/Middlewares/ST/STM32_USB_Device_Library/Core/Src/usbd_ctlreq.o
LOAD ./Src/lib/STM32F746NGH/Middlewares/ST/STM32_USB_Device_Library/Core/Src/usbd_ioreq.o
LOAD ./Src/lib/STM32F746NGH/USB_DEVICE/App/usb_device.o
LOAD ./Src/lib/STM32F746NGH/USB_DEVICE/App/usbd_cdc_if.o
LOAD ./Src/lib/STM32F746NGH/USB_DEVICE/App/usbd_desc.o
LOAD ./Src/lib/STM32F746NGH/USB_DEVICE/Target/usbd_conf.o
LOAD ./Src/main.o
START GROUP
LOAD c:/st/stm32cubeide_1.12.1/stm32cubeide/plugins/com.st.stm32cube.ide.mcu.externaltools.gnu-tools-for-stm32.10.3-2021.10.win32_1.0.200.202301161003/tools/bin/../lib/gcc/arm-none-eabi/10.3.1/../../../../arm-none-eabi/lib/thumb/v7e-m+fp/hard\libc_nano.a
LOAD c:/st/stm32cubeide_1.12.1/stm32cubeide/plugins/com.st.stm32cube.ide.mcu.externaltools.gnu-tools-for-stm32.10.3-2021.10.win32_1.0.200.202301161003/tools/bin/../lib/gcc/arm-none-eabi/10.3.1/../../../../arm-none-eabi/lib/thumb/v7e-m+fp/hard\libm.a
END GROUP
START GROUP
LOAD c:/st/stm32cubeide_1.12.1/stm32cubeide/plugins/com.st.stm32cube.ide.mcu.externaltools.gnu-tools-for-stm32.10.3-2021.10.win32_1.0.200.202301161003/tools/bin/../lib/gcc/arm-none-eabi/10.3.1/thumb/v7e-m+fp/hard\libgcc.a
LOAD c:/st/stm32cubeide_1.12.1/stm32cubeide/plugins/com.st.stm32cube.ide.mcu.externaltools.gnu-tools-for-stm32.10.3-2021.10.win32_1.0.200.202301161003/tools/bin/../lib/gcc/arm-none-eabi/10.3.1/../../../../arm-none-eabi/lib/thumb/v7e-m+fp/hard\libc_nano.a
END GROUP
START GROUP
LOAD c:/st/stm32cubeide_1.12.1/stm32cubeide/plugins/com.st.stm32cube.ide.mcu.externaltools.gnu-tools-for-stm32.10.3-2021.10.win32_1.0.200.202301161003/tools/bin/../lib/gcc/arm-none-eabi/10.3.1/thumb/v7e-m+fp/hard\libgcc.a
LOAD c:/st/stm32cubeide_1.12.1/stm32cubeide/plugins/com.st.stm32cube.ide.mcu.externaltools.gnu-tools-for-stm32.10.3-2021.10.win32_1.0.200.202301161003/tools/bin/../lib/gcc/arm-none-eabi/10.3.1/../../../../arm-none-eabi/lib/thumb/v7e-m+fp/hard\libc_nano.a
LOAD c:/st/stm32cubeide_1.12.1/stm32cubeide/plugins/com.st.stm32cube.ide.mcu.externaltools.gnu-tools-for-stm32.10.3-2021.10.win32_1.0.200.202301161003/tools/bin/../lib/gcc/arm-none-eabi/10.3.1/../../../../arm-none-eabi/lib/thumb/v7e-m+fp/hard\libnosys.a
END GROUP
START GROUP
LOAD c:/st/stm32cubeide_1.12.1/stm32cubeide/plugins/com.st.stm32cube.ide.mcu.externaltools.gnu-tools-for-stm32.10.3-2021.10.win32_1.0.200.202301161003/tools/bin/../lib/gcc/arm-none-eabi/10.3.1/thumb/v7e-m+fp/hard\libgcc.a
LOAD c:/st/stm32cubeide_1.12.1/stm32cubeide/plugins/com.st.stm32cube.ide.mcu.externaltools.gnu-tools-for-stm32.10.3-2021.10.win32_1.0.200.202301161003/tools/bin/../lib/gcc/arm-none-eabi/10.3.1/../../../../arm-none-eabi/lib/thumb/v7e-m+fp/hard\libc_nano.a
LOAD c:/st/stm32cubeide_1.12.1/stm32cubeide/plugins/com.st.stm32cube.ide.mcu.externaltools.gnu-tools-for-stm32.10.3-2021.10.win32_1.0.200.202301161003/tools/bin/../lib/gcc/arm-none-eabi/10.3.1/../../../../arm-none-eabi/lib/thumb/v7e-m+fp/hard\libnosys.a
END GROUP
LOAD c:/st/stm32cubeide_1.12.1/stm32cubeide/plugins/com.st.stm32cube.ide.mcu.externaltools.gnu-tools-for-stm32.10.3-2021.10.win32_1.0.200.202301161003/tools/bin/../lib/gcc/arm-none-eabi/10.3.1/thumb/v7e-m+fp/hard/crtend.o
LOAD c:/st/stm32cubeide_1.12.1/stm32cubeide/plugins/com.st.stm32cube.ide.mcu.externaltools.gnu-tools-for-stm32.10.3-2021.10.win32_1.0.200.202301161003/tools/bin/../lib/gcc/arm-none-eabi/10.3.1/thumb/v7e-m+fp/hard/crtn.o
                0x0000000020050000                _estack = (ORIGIN (RAM) + LENGTH (RAM))
                0x0000000000000200                _Min_Heap_Size = 0x200
                0x0000000000000400                _Min_Stack_Size = 0x400

.isr_vector     0x0000000008000000      0x1c8
                0x0000000008000000                . = ALIGN (0x4)
 *(.isr_vector)
 .isr_vector    0x0000000008000000      0x1c8 ./Src/bsp/startup/startup_stm32f746nghx.o
                0x0000000008000000                g_pfnVectors
                0x00000000080001c8                . = ALIGN (0x4)

.text           0x00000000080001d0     0xf2e4
                0x00000000080001d0                . = ALIGN (0x4)
 *(.text)
 .text          0x00000000080001d0       0x40 c:/st/stm32cubeide_1.12.1/stm32cubeide/plugins/com.st.stm32cube.ide.mcu.externaltools.gnu-tools-for-stm32.10.3-2021.10.win32_1.0.200.202301161003/tools/bin/../lib/gcc/arm-none-eabi/10.3.1/thumb/v7e-m+fp/hard/crtbegin.o
 .text          0x0000000008000210       0x14 c:/st/stm32cubeide_1.12.1/stm32cubeide/plugins/com.st.stm32cube.ide.mcu.externaltools.gnu-tools-for-stm32.10.3-2021.10.win32_1.0.200.202301161003/tools/bin/../lib/gcc/arm-none-eabi/10.3.1/../../../../arm-none-eabi/lib/thumb/v7e-m+fp/hard\libc_nano.a(lib_a-strcmp.o)
                0x0000000008000210                strcmp
 .text          0x0000000008000224       0x10 c:/st/stm32cubeide_1.12.1/stm32cubeide/plugins/com.st.stm32cube.ide.mcu.externaltools.gnu-tools-for-stm32.10.3-2021.10.win32_1.0.200.202301161003/tools/bin/../lib/gcc/arm-none-eabi/10.3.1/../../../../arm-none-eabi/lib/thumb/v7e-m+fp/hard\libc_nano.a(lib_a-strlen.o)
                0x0000000008000224                strlen
 *fill*         0x0000000008000234        0xc 
 .text          0x0000000008000240       0xa0 c:/st/stm32cubeide_1.12.1/stm32cubeide/plugins/com.st.stm32cube.ide.mcu.externaltools.gnu-tools-for-stm32.10.3-2021.10.win32_1.0.200.202301161003/tools/bin/../lib/gcc/arm-none-eabi/10.3.1/../../../../arm-none-eabi/lib/thumb/v7e-m+fp/hard\libc_nano.a(lib_a-memchr.o)
                0x0000000008000240                memchr
 .text          0x00000000080002e0      0x378 c:/st/stm32cubeide_1.12.1/stm32cubeide/plugins/com.st.stm32cube.ide.mcu.externaltools.gnu-tools-for-stm32.10.3-2021.10.win32_1.0.200.202301161003/tools/bin/../lib/gcc/arm-none-eabi/10.3.1/thumb/v7e-m+fp/hard\libgcc.a(_arm_addsubdf3.o)
                0x00000000080002e0                __aeabi_drsub
                0x00000000080002e8                __aeabi_dsub
                0x00000000080002e8                __subdf3
                0x00000000080002ec                __aeabi_dadd
                0x00000000080002ec                __adddf3
                0x0000000008000564                __floatunsidf
                0x0000000008000564                __aeabi_ui2d
                0x0000000008000584                __floatsidf
                0x0000000008000584                __aeabi_i2d
                0x00000000080005a8                __aeabi_f2d
                0x00000000080005a8                __extendsfdf2
                0x00000000080005ec                __floatundidf
                0x00000000080005ec                __aeabi_ul2d
                0x00000000080005fc                __floatdidf
                0x00000000080005fc                __aeabi_l2d
 .text          0x0000000008000658      0x424 c:/st/stm32cubeide_1.12.1/stm32cubeide/plugins/com.st.stm32cube.ide.mcu.externaltools.gnu-tools-for-stm32.10.3-2021.10.win32_1.0.200.202301161003/tools/bin/../lib/gcc/arm-none-eabi/10.3.1/thumb/v7e-m+fp/hard\libgcc.a(_arm_muldivdf3.o)
                0x0000000008000658                __aeabi_dmul
                0x0000000008000658                __muldf3
                0x00000000080008ac                __divdf3
                0x00000000080008ac                __aeabi_ddiv
 .text          0x0000000008000a7c      0x110 c:/st/stm32cubeide_1.12.1/stm32cubeide/plugins/com.st.stm32cube.ide.mcu.externaltools.gnu-tools-for-stm32.10.3-2021.10.win32_1.0.200.202301161003/tools/bin/../lib/gcc/arm-none-eabi/10.3.1/thumb/v7e-m+fp/hard\libgcc.a(_arm_cmpdf2.o)
                0x0000000008000a7c                __gtdf2
                0x0000000008000a7c                __gedf2
                0x0000000008000a84                __ltdf2
                0x0000000008000a84                __ledf2
                0x0000000008000a8c                __nedf2
                0x0000000008000a8c                __eqdf2
                0x0000000008000a8c                __cmpdf2
                0x0000000008000b08                __aeabi_cdrcmple
                0x0000000008000b18                __aeabi_cdcmpeq
                0x0000000008000b18                __aeabi_cdcmple
                0x0000000008000b28                __aeabi_dcmpeq
                0x0000000008000b3c                __aeabi_dcmplt
                0x0000000008000b50                __aeabi_dcmple
                0x0000000008000b64                __aeabi_dcmpge
                0x0000000008000b78                __aeabi_dcmpgt
 .text          0x0000000008000b8c       0x2c c:/st/stm32cubeide_1.12.1/stm32cubeide/plugins/com.st.stm32cube.ide.mcu.externaltools.gnu-tools-for-stm32.10.3-2021.10.win32_1.0.200.202301161003/tools/bin/../lib/gcc/arm-none-eabi/10.3.1/thumb/v7e-m+fp/hard\libgcc.a(_arm_unorddf2.o)
                0x0000000008000b8c                __unorddf2
                0x0000000008000b8c                __aeabi_dcmpun
 .text          0x0000000008000bb8       0x40 c:/st/stm32cubeide_1.12.1/stm32cubeide/plugins/com.st.stm32cube.ide.mcu.externaltools.gnu-tools-for-stm32.10.3-2021.10.win32_1.0.200.202301161003/tools/bin/../lib/gcc/arm-none-eabi/10.3.1/thumb/v7e-m+fp/hard\libgcc.a(_arm_fixunsdfsi.o)
                0x0000000008000bb8                __aeabi_d2uiz
                0x0000000008000bb8                __fixunsdfsi
 .text          0x0000000008000bf8       0xa0 c:/st/stm32cubeide_1.12.1/stm32cubeide/plugins/com.st.stm32cube.ide.mcu.externaltools.gnu-tools-for-stm32.10.3-2021.10.win32_1.0.200.202301161003/tools/bin/../lib/gcc/arm-none-eabi/10.3.1/thumb/v7e-m+fp/hard\libgcc.a(_arm_truncdfsf2.o)
                0x0000000008000bf8                __truncdfsf2
                0x0000000008000bf8                __aeabi_d2f
 .text          0x0000000008000c98       0x30 c:/st/stm32cubeide_1.12.1/stm32cubeide/plugins/com.st.stm32cube.ide.mcu.externaltools.gnu-tools-for-stm32.10.3-2021.10.win32_1.0.200.202301161003/tools/bin/../lib/gcc/arm-none-eabi/10.3.1/thumb/v7e-m+fp/hard\libgcc.a(_aeabi_uldivmod.o)
                0x0000000008000c98                __aeabi_uldivmod
 .text          0x0000000008000cc8       0x30 c:/st/stm32cubeide_1.12.1/stm32cubeide/plugins/com.st.stm32cube.ide.mcu.externaltools.gnu-tools-for-stm32.10.3-2021.10.win32_1.0.200.202301161003/tools/bin/../lib/gcc/arm-none-eabi/10.3.1/thumb/v7e-m+fp/hard\libgcc.a(_fixdfdi.o)
                0x0000000008000cc8                __fixdfdi
                0x0000000008000cc8                __aeabi_d2lz
 .text          0x0000000008000cf8       0x3c c:/st/stm32cubeide_1.12.1/stm32cubeide/plugins/com.st.stm32cube.ide.mcu.externaltools.gnu-tools-for-stm32.10.3-2021.10.win32_1.0.200.202301161003/tools/bin/../lib/gcc/arm-none-eabi/10.3.1/thumb/v7e-m+fp/hard\libgcc.a(_fixunsdfdi.o)
                0x0000000008000cf8                __fixunsdfdi
                0x0000000008000cf8                __aeabi_d2ulz
 .text          0x0000000008000d34      0x2d0 c:/st/stm32cubeide_1.12.1/stm32cubeide/plugins/com.st.stm32cube.ide.mcu.externaltools.gnu-tools-for-stm32.10.3-2021.10.win32_1.0.200.202301161003/tools/bin/../lib/gcc/arm-none-eabi/10.3.1/thumb/v7e-m+fp/hard\libgcc.a(_udivmoddi4.o)
                0x0000000008000d34                __udivmoddi4
 .text          0x0000000008001004        0x4 c:/st/stm32cubeide_1.12.1/stm32cubeide/plugins/com.st.stm32cube.ide.mcu.externaltools.gnu-tools-for-stm32.10.3-2021.10.win32_1.0.200.202301161003/tools/bin/../lib/gcc/arm-none-eabi/10.3.1/thumb/v7e-m+fp/hard\libgcc.a(_dvmd_tls.o)
                0x0000000008001004                __aeabi_idiv0
                0x0000000008001004                __aeabi_ldiv0
 *(.text*)
 .text.apInit   0x0000000008001008       0x1a ./Src/ap/ap.o
                0x0000000008001008                apInit
 .text.apMain   0x0000000008001022       0x2e ./Src/ap/ap.o
                0x0000000008001022                apMain
 .text.bspInit  0x0000000008001050       0xfc ./Src/bsp/bsp.o
                0x0000000008001050                bspInit
 .text.delay    0x000000000800114c       0x16 ./Src/bsp/bsp.o
                0x000000000800114c                delay
 .text.millis   0x0000000008001162        0xe ./Src/bsp/bsp.o
                0x0000000008001162                millis
 .text.SystemClock_Config
                0x0000000008001170       0xe0 ./Src/bsp/bsp.o
                0x0000000008001170                SystemClock_Config
 .text.MPU_Config
                0x0000000008001250       0x58 ./Src/bsp/bsp.o
                0x0000000008001250                MPU_Config
 .text.Error_Handler
                0x00000000080012a8        0xa ./Src/bsp/bsp.o
                0x00000000080012a8                Error_Handler
 *fill*         0x00000000080012b2        0x2 
 .text.HAL_MspInit
                0x00000000080012b4       0x48 ./Src/bsp/stm32f7xx_hal_msp.o
                0x00000000080012b4                HAL_MspInit
 .text.NMI_Handler
                0x00000000080012fc        0x6 ./Src/bsp/stm32f7xx_it.o
                0x00000000080012fc                NMI_Handler
 .text.HardFault_Handler
                0x0000000008001302        0x6 ./Src/bsp/stm32f7xx_it.o
                0x0000000008001302                HardFault_Handler
 .text.MemManage_Handler
                0x0000000008001308        0x6 ./Src/bsp/stm32f7xx_it.o
                0x0000000008001308                MemManage_Handler
 .text.BusFault_Handler
                0x000000000800130e        0x6 ./Src/bsp/stm32f7xx_it.o
                0x000000000800130e                BusFault_Handler
 .text.UsageFault_Handler
                0x0000000008001314        0x6 ./Src/bsp/stm32f7xx_it.o
                0x0000000008001314                UsageFault_Handler
 .text.SVC_Handler
                0x000000000800131a        0xe ./Src/bsp/stm32f7xx_it.o
                0x000000000800131a                SVC_Handler
 .text.DebugMon_Handler
                0x0000000008001328        0xe ./Src/bsp/stm32f7xx_it.o
                0x0000000008001328                DebugMon_Handler
 .text.PendSV_Handler
                0x0000000008001336        0xe ./Src/bsp/stm32f7xx_it.o
                0x0000000008001336                PendSV_Handler
 .text.SysTick_Handler
                0x0000000008001344        0xc ./Src/bsp/stm32f7xx_it.o
                0x0000000008001344                SysTick_Handler
 .text.OTG_FS_IRQHandler
                0x0000000008001350       0x14 ./Src/bsp/stm32f7xx_it.o
                0x0000000008001350                OTG_FS_IRQHandler
 .text._getpid  0x0000000008001364       0x10 ./Src/bsp/syscalls.o
                0x0000000008001364                _getpid
 .text._kill    0x0000000008001374       0x20 ./Src/bsp/syscalls.o
                0x0000000008001374                _kill
 .text._exit    0x0000000008001394       0x14 ./Src/bsp/syscalls.o
                0x0000000008001394                _exit
 .text._read    0x00000000080013a8       0x3a ./Src/bsp/syscalls.o
                0x00000000080013a8                _read
 .text._write   0x00000000080013e2       0x38 ./Src/bsp/syscalls.o
                0x00000000080013e2                _write
 .text._close   0x000000000800141a       0x18 ./Src/bsp/syscalls.o
                0x000000000800141a                _close
 .text._fstat   0x0000000008001432       0x20 ./Src/bsp/syscalls.o
                0x0000000008001432                _fstat
 .text._isatty  0x0000000008001452       0x16 ./Src/bsp/syscalls.o
                0x0000000008001452                _isatty
 .text._lseek   0x0000000008001468       0x1a ./Src/bsp/syscalls.o
                0x0000000008001468                _lseek
 *fill*         0x0000000008001482        0x2 
 .text._sbrk    0x0000000008001484       0x6c ./Src/bsp/sysmem.o
                0x0000000008001484                _sbrk
 .text.SystemInit
                0x00000000080014f0       0x24 ./Src/bsp/system_stm32f7xx.o
                0x00000000080014f0                SystemInit
 .text.Reset_Handler
                0x0000000008001514       0x50 ./Src/bsp/startup/startup_stm32f746nghx.o
                0x0000000008001514                Reset_Handler
 .text.Default_Handler
                0x0000000008001564        0x2 ./Src/bsp/startup/startup_stm32f746nghx.o
                0x0000000008001564                HASH_RNG_IRQHandler
                0x0000000008001564                EXTI2_IRQHandler
                0x0000000008001564                TIM8_CC_IRQHandler
                0x0000000008001564                UART8_IRQHandler
                0x0000000008001564                SPI4_IRQHandler
                0x0000000008001564                TIM1_CC_IRQHandler
                0x0000000008001564                QuadSPI_IRQHandler
                0x0000000008001564                DMA2_Stream5_IRQHandler
                0x0000000008001564                DMA1_Stream5_IRQHandler
                0x0000000008001564                PVD_IRQHandler
                0x0000000008001564                TAMP_STAMP_IRQHandler
                0x0000000008001564                CAN2_RX1_IRQHandler
                0x0000000008001564                EXTI3_IRQHandler
                0x0000000008001564                TIM8_TRG_COM_TIM14_IRQHandler
                0x0000000008001564                TIM1_UP_TIM10_IRQHandler
                0x0000000008001564                TIM8_UP_TIM13_IRQHandler
                0x0000000008001564                I2C3_ER_IRQHandler
                0x0000000008001564                LCD_TFT_IRQHandler
                0x0000000008001564                EXTI0_IRQHandler
                0x0000000008001564                I2C2_EV_IRQHandler
                0x0000000008001564                DMA1_Stream2_IRQHandler
                0x0000000008001564                CAN1_RX0_IRQHandler
                0x0000000008001564                OTG_HS_WKUP_IRQHandler
                0x0000000008001564                LTDC_ER_IRQHandler
                0x0000000008001564                CAN2_SCE_IRQHandler
                0x0000000008001564                DMA2_Stream2_IRQHandler
                0x0000000008001564                SPI1_IRQHandler
                0x0000000008001564                TIM6_DAC_IRQHandler
                0x0000000008001564                TIM1_BRK_TIM9_IRQHandler
                0x0000000008001564                DCMI_IRQHandler
                0x0000000008001564                CAN2_RX0_IRQHandler
                0x0000000008001564                DMA2_Stream3_IRQHandler
                0x0000000008001564                RTC_ALARM_IRQHandler
                0x0000000008001564                SAI2_IRQHandler
                0x0000000008001564                USART6_IRQHandler
                0x0000000008001564                USART3_IRQHandler
                0x0000000008001564                CRYP_IRQHandler
                0x0000000008001564                CAN1_RX1_IRQHandler
                0x0000000008001564                UART5_IRQHandler
                0x0000000008001564                DMA2_Stream0_IRQHandler
                0x0000000008001564                TIM4_IRQHandler
                0x0000000008001564                I2C1_EV_IRQHandler
                0x0000000008001564                HDMI_CEC_IRQHandler
                0x0000000008001564                DMA1_Stream6_IRQHandler
                0x0000000008001564                DMA1_Stream1_IRQHandler
                0x0000000008001564                UART4_IRQHandler
                0x0000000008001564                TIM3_IRQHandler
                0x0000000008001564                RCC_IRQHandler
                0x0000000008001564                TIM8_BRK_TIM12_IRQHandler
                0x0000000008001564                Default_Handler
                0x0000000008001564                EXTI15_10_IRQHandler
                0x0000000008001564                ADC_IRQHandler
                0x0000000008001564                DMA1_Stream7_IRQHandler
                0x0000000008001564                SPI5_IRQHandler
                0x0000000008001564                LPTimer1_IRQHandler
                0x0000000008001564                TIM7_IRQHandler
                0x0000000008001564                SDMMC1_IRQHandler
                0x0000000008001564                CAN2_TX_IRQHandler
                0x0000000008001564                TIM5_IRQHandler
                0x0000000008001564                DMA2_Stream7_IRQHandler
                0x0000000008001564                I2C3_EV_IRQHandler
                0x0000000008001564                EXTI9_5_IRQHandler
                0x0000000008001564                RTC_WKUP_IRQHandler
                0x0000000008001564                ETH_WKUP_IRQHandler
                0x0000000008001564                SPI2_IRQHandler
                0x0000000008001564                OTG_HS_EP1_IN_IRQHandler
                0x0000000008001564                DMA1_Stream0_IRQHandler
                0x0000000008001564                CAN1_TX_IRQHandler
                0x0000000008001564                EXTI4_IRQHandler
                0x0000000008001564                ETH_IRQHandler
                0x0000000008001564                OTG_HS_EP1_OUT_IRQHandler
                0x0000000008001564                WWDG_IRQHandler
                0x0000000008001564                SPI6_IRQHandler
                0x0000000008001564                I2C4_EV_IRQHandler
                0x0000000008001564                TIM2_IRQHandler
                0x0000000008001564                OTG_FS_WKUP_IRQHandler
                0x0000000008001564                TIM1_TRG_COM_TIM11_IRQHandler
                0x0000000008001564                OTG_HS_IRQHandler
                0x0000000008001564                DMA2D_IRQHandler
                0x0000000008001564                EXTI1_IRQHandler
                0x0000000008001564                UART7_IRQHandler
                0x0000000008001564                USART2_IRQHandler
                0x0000000008001564                I2C2_ER_IRQHandler
                0x0000000008001564                SPDIFRX_IRQHandler
                0x0000000008001564                DMA2_Stream1_IRQHandler
                0x0000000008001564                CAN1_SCE_IRQHandler
                0x0000000008001564                FLASH_IRQHandler
                0x0000000008001564                DMA2_Stream4_IRQHandler
                0x0000000008001564                USART1_IRQHandler
                0x0000000008001564                SPI3_IRQHandler
                0x0000000008001564                DMA1_Stream4_IRQHandler
                0x0000000008001564                FMC_IRQHandler
                0x0000000008001564                I2C4_ER_IRQHandler
                0x0000000008001564                DMA2_Stream6_IRQHandler
                0x0000000008001564                SAI1_IRQHandler
                0x0000000008001564                DMA1_Stream3_IRQHandler
 *fill*         0x0000000008001566        0x2 
 .text.cliInit  0x0000000008001568       0x88 ./Src/hw/driver/cli.o
                0x0000000008001568                cliInit
 .text.cliOpen  0x00000000080015f0       0x3c ./Src/hw/driver/cli.o
                0x00000000080015f0                cliOpen
 .text.cliShowLog
                0x000000000800162c      0x104 ./Src/hw/driver/cli.o
                0x000000000800162c                cliShowLog
 .text.cliShowPrompt
                0x0000000008001730       0x30 ./Src/hw/driver/cli.o
 .text.cliMain  0x0000000008001760       0x44 ./Src/hw/driver/cli.o
                0x0000000008001760                cliMain
 .text.cliUpdate
                0x00000000080017a4      0x4cc ./Src/hw/driver/cli.o
 .text.cliLineClean
                0x0000000008001c70       0x34 ./Src/hw/driver/cli.o
 .text.cliLineAdd
                0x0000000008001ca4       0xa8 ./Src/hw/driver/cli.o
 .text.cliLineChange
                0x0000000008001d4c      0x134 ./Src/hw/driver/cli.o
 .text.cliRunCmd
                0x0000000008001e80       0xb4 ./Src/hw/driver/cli.o
 .text.cliParseArgs
                0x0000000008001f34       0x90 ./Src/hw/driver/cli.o
 .text.cliPrintf
                0x0000000008001fc4       0x48 ./Src/hw/driver/cli.o
                0x0000000008001fc4                cliPrintf
 .text.cliToUpper
                0x000000000800200c       0x68 ./Src/hw/driver/cli.o
 .text.cliArgsGetData
                0x0000000008002074       0x50 ./Src/hw/driver/cli.o
 .text.cliArgsGetFloat
                0x00000000080020c4       0x58 ./Src/hw/driver/cli.o
 .text.cliArgsGetStr
                0x000000000800211c       0x48 ./Src/hw/driver/cli.o
 .text.cliArgsIsStr
                0x0000000008002164       0x54 ./Src/hw/driver/cli.o
 .text.cliKeepLoop
                0x00000000080021b8       0x2c ./Src/hw/driver/cli.o
                0x00000000080021b8                cliKeepLoop
 .text.cliAdd   0x00000000080021e4       0x94 ./Src/hw/driver/cli.o
                0x00000000080021e4                cliAdd
 .text.cliShowList
                0x0000000008002278       0x70 ./Src/hw/driver/cli.o
                0x0000000008002278                cliShowList
 .text.flashInit
                0x00000000080022e8       0x10 ./Src/hw/driver/flash.o
                0x00000000080022e8                flashInit
 .text.i2cInit  0x00000000080022f8       0x58 ./Src/hw/driver/i2c.o
                0x00000000080022f8                i2cInit
 .text.i2cOpen  0x0000000008002350       0xd4 ./Src/hw/driver/i2c.o
                0x0000000008002350                i2cOpen
 .text.i2cReset
                0x0000000008002424      0x12c ./Src/hw/driver/i2c.o
                0x0000000008002424                i2cReset
 .text.i2cIsDeviceReady
                0x0000000008002550       0x4c ./Src/hw/driver/i2c.o
                0x0000000008002550                i2cIsDeviceReady
 .text.i2cReadByte
                0x000000000800259c       0x32 ./Src/hw/driver/i2c.o
                0x000000000800259c                i2cReadByte
 *fill*         0x00000000080025ce        0x2 
 .text.i2cReadBytes
                0x00000000080025d0       0x74 ./Src/hw/driver/i2c.o
                0x00000000080025d0                i2cReadBytes
 .text.i2cRead16Byte
                0x0000000008002644       0x32 ./Src/hw/driver/i2c.o
                0x0000000008002644                i2cRead16Byte
 *fill*         0x0000000008002676        0x2 
 .text.i2cRead16Bytes
                0x0000000008002678       0x74 ./Src/hw/driver/i2c.o
                0x0000000008002678                i2cRead16Bytes
 .text.i2cWriteByte
                0x00000000080026ec       0x3e ./Src/hw/driver/i2c.o
                0x00000000080026ec                i2cWriteByte
 *fill*         0x000000000800272a        0x2 
 .text.i2cWriteBytes
                0x000000000800272c       0x74 ./Src/hw/driver/i2c.o
                0x000000000800272c                i2cWriteBytes
 .text.i2cWrite16Byte
                0x00000000080027a0       0x3e ./Src/hw/driver/i2c.o
                0x00000000080027a0                i2cWrite16Byte
 *fill*         0x00000000080027de        0x2 
 .text.i2cWrite16Bytes
                0x00000000080027e0       0x74 ./Src/hw/driver/i2c.o
                0x00000000080027e0                i2cWrite16Bytes
 .text.i2cWriteData
                0x0000000008002854       0x68 ./Src/hw/driver/i2c.o
                0x0000000008002854                i2cWriteData
 .text.delayUs  0x00000000080028bc       0x32 ./Src/hw/driver/i2c.o
 *fill*         0x00000000080028ee        0x2 
 .text.HAL_I2C_ErrorCallback
                0x00000000080028f0       0x3c ./Src/hw/driver/i2c.o
                0x00000000080028f0                HAL_I2C_ErrorCallback
 .text.I2C1_ER_IRQHandler
                0x000000000800292c       0x14 ./Src/hw/driver/i2c.o
                0x000000000800292c                I2C1_ER_IRQHandler
 .text.HAL_I2C_MspInit
                0x0000000008002940       0xd0 ./Src/hw/driver/i2c.o
                0x0000000008002940                HAL_I2C_MspInit
 .text.cliI2C   0x0000000008002a10      0x494 ./Src/hw/driver/i2c.o
 .text.ledInit  0x0000000008002ea4       0x7c ./Src/hw/driver/led.o
                0x0000000008002ea4                ledInit
 .text.ledOff   0x0000000008002f20       0x40 ./Src/hw/driver/led.o
                0x0000000008002f20                ledOff
 .text.ledToggle
                0x0000000008002f60       0x38 ./Src/hw/driver/led.o
                0x0000000008002f60                ledToggle
 .text.cliLed   0x0000000008002f98       0xa0 ./Src/hw/driver/led.o
 .text.uartInit
                0x0000000008003038       0x34 ./Src/hw/driver/uart.o
                0x0000000008003038                uartInit
 .text.uartOpen
                0x000000000800306c       0x38 ./Src/hw/driver/uart.o
                0x000000000800306c                uartOpen
 .text.uartAvailable
                0x00000000080030a4       0x26 ./Src/hw/driver/uart.o
                0x00000000080030a4                uartAvailable
 .text.uartRead
                0x00000000080030ca       0x24 ./Src/hw/driver/uart.o
                0x00000000080030ca                uartRead
 .text.uartWrite
                0x00000000080030ee       0x2a ./Src/hw/driver/uart.o
                0x00000000080030ee                uartWrite
 .text.uartPrintf
                0x0000000008003118       0x70 ./Src/hw/driver/uart.o
                0x0000000008003118                uartPrintf
 .text.hwInit   0x0000000008003188       0x20 ./Src/hw/hw.o
                0x0000000008003188                hwInit
 .text.HAL_Init
                0x00000000080031a8       0x1a ./Src/lib/STM32F746NGH/Drivers/STM32F7xx_HAL_Driver/Src/stm32f7xx_hal.o
                0x00000000080031a8                HAL_Init
 *fill*         0x00000000080031c2        0x2 
 .text.HAL_InitTick
                0x00000000080031c4       0x60 ./Src/lib/STM32F746NGH/Drivers/STM32F7xx_HAL_Driver/Src/stm32f7xx_hal.o
                0x00000000080031c4                HAL_InitTick
 .text.HAL_IncTick
                0x0000000008003224       0x28 ./Src/lib/STM32F746NGH/Drivers/STM32F7xx_HAL_Driver/Src/stm32f7xx_hal.o
                0x0000000008003224                HAL_IncTick
 .text.HAL_GetTick
                0x000000000800324c       0x18 ./Src/lib/STM32F746NGH/Drivers/STM32F7xx_HAL_Driver/Src/stm32f7xx_hal.o
                0x000000000800324c                HAL_GetTick
 .text.HAL_Delay
                0x0000000008003264       0x48 ./Src/lib/STM32F746NGH/Drivers/STM32F7xx_HAL_Driver/Src/stm32f7xx_hal.o
                0x0000000008003264                HAL_Delay
 .text.__NVIC_SetPriorityGrouping
                0x00000000080032ac       0x48 ./Src/lib/STM32F746NGH/Drivers/STM32F7xx_HAL_Driver/Src/stm32f7xx_hal_cortex.o
 .text.__NVIC_GetPriorityGrouping
                0x00000000080032f4       0x1c ./Src/lib/STM32F746NGH/Drivers/STM32F7xx_HAL_Driver/Src/stm32f7xx_hal_cortex.o
 .text.__NVIC_EnableIRQ
                0x0000000008003310       0x3c ./Src/lib/STM32F746NGH/Drivers/STM32F7xx_HAL_Driver/Src/stm32f7xx_hal_cortex.o
 .text.__NVIC_SetPriority
                0x000000000800334c       0x54 ./Src/lib/STM32F746NGH/Drivers/STM32F7xx_HAL_Driver/Src/stm32f7xx_hal_cortex.o
 .text.NVIC_EncodePriority
                0x00000000080033a0       0x66 ./Src/lib/STM32F746NGH/Drivers/STM32F7xx_HAL_Driver/Src/stm32f7xx_hal_cortex.o
 *fill*         0x0000000008003406        0x2 
 .text.SysTick_Config
                0x0000000008003408       0x44 ./Src/lib/STM32F746NGH/Drivers/STM32F7xx_HAL_Driver/Src/stm32f7xx_hal_cortex.o
 .text.HAL_NVIC_SetPriorityGrouping
                0x000000000800344c       0x16 ./Src/lib/STM32F746NGH/Drivers/STM32F7xx_HAL_Driver/Src/stm32f7xx_hal_cortex.o
                0x000000000800344c                HAL_NVIC_SetPriorityGrouping
 .text.HAL_NVIC_SetPriority
                0x0000000008003462       0x38 ./Src/lib/STM32F746NGH/Drivers/STM32F7xx_HAL_Driver/Src/stm32f7xx_hal_cortex.o
                0x0000000008003462                HAL_NVIC_SetPriority
 .text.HAL_NVIC_EnableIRQ
                0x000000000800349a       0x1c ./Src/lib/STM32F746NGH/Drivers/STM32F7xx_HAL_Driver/Src/stm32f7xx_hal_cortex.o
                0x000000000800349a                HAL_NVIC_EnableIRQ
 .text.HAL_SYSTICK_Config
                0x00000000080034b6       0x18 ./Src/lib/STM32F746NGH/Drivers/STM32F7xx_HAL_Driver/Src/stm32f7xx_hal_cortex.o
                0x00000000080034b6                HAL_SYSTICK_Config
 *fill*         0x00000000080034ce        0x2 
 .text.HAL_MPU_Disable
                0x00000000080034d0       0x30 ./Src/lib/STM32F746NGH/Drivers/STM32F7xx_HAL_Driver/Src/stm32f7xx_hal_cortex.o
                0x00000000080034d0                HAL_MPU_Disable
 .text.HAL_MPU_Enable
                0x0000000008003500       0x40 ./Src/lib/STM32F746NGH/Drivers/STM32F7xx_HAL_Driver/Src/stm32f7xx_hal_cortex.o
                0x0000000008003500                HAL_MPU_Enable
 .text.HAL_MPU_ConfigRegion
                0x0000000008003540       0x88 ./Src/lib/STM32F746NGH/Drivers/STM32F7xx_HAL_Driver/Src/stm32f7xx_hal_cortex.o
                0x0000000008003540                HAL_MPU_ConfigRegion
 .text.HAL_DMA_Abort_IT
                0x00000000080035c8       0x44 ./Src/lib/STM32F746NGH/Drivers/STM32F7xx_HAL_Driver/Src/stm32f7xx_hal_dma.o
                0x00000000080035c8                HAL_DMA_Abort_IT
 .text.HAL_DMA_GetState
                0x000000000800360c       0x1c ./Src/lib/STM32F746NGH/Drivers/STM32F7xx_HAL_Driver/Src/stm32f7xx_hal_dma.o
                0x000000000800360c                HAL_DMA_GetState
 .text.HAL_GPIO_Init
                0x0000000008003628      0x358 ./Src/lib/STM32F746NGH/Drivers/STM32F7xx_HAL_Driver/Src/stm32f7xx_hal_gpio.o
                0x0000000008003628                HAL_GPIO_Init
 .text.HAL_GPIO_WritePin
                0x0000000008003980       0x32 ./Src/lib/STM32F746NGH/Drivers/STM32F7xx_HAL_Driver/Src/stm32f7xx_hal_gpio.o
                0x0000000008003980                HAL_GPIO_WritePin
 .text.HAL_GPIO_TogglePin
                0x00000000080039b2       0x34 ./Src/lib/STM32F746NGH/Drivers/STM32F7xx_HAL_Driver/Src/stm32f7xx_hal_gpio.o
                0x00000000080039b2                HAL_GPIO_TogglePin
 *fill*         0x00000000080039e6        0x2 
 .text.HAL_I2C_Init
                0x00000000080039e8      0x120 ./Src/lib/STM32F746NGH/Drivers/STM32F7xx_HAL_Driver/Src/stm32f7xx_hal_i2c.o
                0x00000000080039e8                HAL_I2C_Init
 .text.HAL_I2C_Master_Transmit
                0x0000000008003b08      0x1e8 ./Src/lib/STM32F746NGH/Drivers/STM32F7xx_HAL_Driver/Src/stm32f7xx_hal_i2c.o
                0x0000000008003b08                HAL_I2C_Master_Transmit
 .text.HAL_I2C_Mem_Write
                0x0000000008003cf0      0x228 ./Src/lib/STM32F746NGH/Drivers/STM32F7xx_HAL_Driver/Src/stm32f7xx_hal_i2c.o
                0x0000000008003cf0                HAL_I2C_Mem_Write
 .text.HAL_I2C_Mem_Read
                0x0000000008003f18      0x234 ./Src/lib/STM32F746NGH/Drivers/STM32F7xx_HAL_Driver/Src/stm32f7xx_hal_i2c.o
                0x0000000008003f18                HAL_I2C_Mem_Read
 .text.HAL_I2C_IsDeviceReady
                0x000000000800414c      0x210 ./Src/lib/STM32F746NGH/Drivers/STM32F7xx_HAL_Driver/Src/stm32f7xx_hal_i2c.o
                0x000000000800414c                HAL_I2C_IsDeviceReady
 .text.HAL_I2C_ER_IRQHandler
                0x000000000800435c       0xc2 ./Src/lib/STM32F746NGH/Drivers/STM32F7xx_HAL_Driver/Src/stm32f7xx_hal_i2c.o
                0x000000000800435c                HAL_I2C_ER_IRQHandler
 .text.HAL_I2C_SlaveTxCpltCallback
                0x000000000800441e       0x14 ./Src/lib/STM32F746NGH/Drivers/STM32F7xx_HAL_Driver/Src/stm32f7xx_hal_i2c.o
                0x000000000800441e                HAL_I2C_SlaveTxCpltCallback
 .text.HAL_I2C_SlaveRxCpltCallback
                0x0000000008004432       0x14 ./Src/lib/STM32F746NGH/Drivers/STM32F7xx_HAL_Driver/Src/stm32f7xx_hal_i2c.o
                0x0000000008004432                HAL_I2C_SlaveRxCpltCallback
 .text.HAL_I2C_AddrCallback
                0x0000000008004446       0x1c ./Src/lib/STM32F746NGH/Drivers/STM32F7xx_HAL_Driver/Src/stm32f7xx_hal_i2c.o
                0x0000000008004446                HAL_I2C_AddrCallback
 .text.HAL_I2C_ListenCpltCallback
                0x0000000008004462       0x14 ./Src/lib/STM32F746NGH/Drivers/STM32F7xx_HAL_Driver/Src/stm32f7xx_hal_i2c.o
                0x0000000008004462                HAL_I2C_ListenCpltCallback
 .text.HAL_I2C_AbortCpltCallback
                0x0000000008004476       0x14 ./Src/lib/STM32F746NGH/Drivers/STM32F7xx_HAL_Driver/Src/stm32f7xx_hal_i2c.o
                0x0000000008004476                HAL_I2C_AbortCpltCallback
 .text.I2C_Slave_ISR_IT
                0x000000000800448a      0x206 ./Src/lib/STM32F746NGH/Drivers/STM32F7xx_HAL_Driver/Src/stm32f7xx_hal_i2c.o
 .text.I2C_RequestMemoryWrite
                0x0000000008004690       0xa8 ./Src/lib/STM32F746NGH/Drivers/STM32F7xx_HAL_Driver/Src/stm32f7xx_hal_i2c.o
 .text.I2C_RequestMemoryRead
                0x0000000008004738       0xa8 ./Src/lib/STM32F746NGH/Drivers/STM32F7xx_HAL_Driver/Src/stm32f7xx_hal_i2c.o
 .text.I2C_ITAddrCplt
                0x00000000080047e0      0x108 ./Src/lib/STM32F746NGH/Drivers/STM32F7xx_HAL_Driver/Src/stm32f7xx_hal_i2c.o
 .text.I2C_ITSlaveSeqCplt
                0x00000000080048e8       0xbc ./Src/lib/STM32F746NGH/Drivers/STM32F7xx_HAL_Driver/Src/stm32f7xx_hal_i2c.o
 .text.I2C_ITSlaveCplt
                0x00000000080049a4      0x214 ./Src/lib/STM32F746NGH/Drivers/STM32F7xx_HAL_Driver/Src/stm32f7xx_hal_i2c.o
 .text.I2C_ITListenCplt
                0x0000000008004bb8       0xac ./Src/lib/STM32F746NGH/Drivers/STM32F7xx_HAL_Driver/Src/stm32f7xx_hal_i2c.o
 .text.I2C_ITError
                0x0000000008004c64      0x1a0 ./Src/lib/STM32F746NGH/Drivers/STM32F7xx_HAL_Driver/Src/stm32f7xx_hal_i2c.o
 .text.I2C_TreatErrorCallback
                0x0000000008004e04       0x4e ./Src/lib/STM32F746NGH/Drivers/STM32F7xx_HAL_Driver/Src/stm32f7xx_hal_i2c.o
 .text.I2C_Flush_TXDR
                0x0000000008004e52       0x48 ./Src/lib/STM32F746NGH/Drivers/STM32F7xx_HAL_Driver/Src/stm32f7xx_hal_i2c.o
 .text.I2C_DMAAbort
                0x0000000008004e9a       0x3c ./Src/lib/STM32F746NGH/Drivers/STM32F7xx_HAL_Driver/Src/stm32f7xx_hal_i2c.o
 .text.I2C_WaitOnFlagUntilTimeout
                0x0000000008004ed6       0x80 ./Src/lib/STM32F746NGH/Drivers/STM32F7xx_HAL_Driver/Src/stm32f7xx_hal_i2c.o
 .text.I2C_WaitOnTXISFlagUntilTimeout
                0x0000000008004f56       0x80 ./Src/lib/STM32F746NGH/Drivers/STM32F7xx_HAL_Driver/Src/stm32f7xx_hal_i2c.o
 .text.I2C_WaitOnSTOPFlagUntilTimeout
                0x0000000008004fd6       0x78 ./Src/lib/STM32F746NGH/Drivers/STM32F7xx_HAL_Driver/Src/stm32f7xx_hal_i2c.o
 *fill*         0x000000000800504e        0x2 
 .text.I2C_IsErrorOccurred
                0x0000000008005050      0x1c0 ./Src/lib/STM32F746NGH/Drivers/STM32F7xx_HAL_Driver/Src/stm32f7xx_hal_i2c.o
 .text.I2C_TransferConfig
                0x0000000008005210       0x64 ./Src/lib/STM32F746NGH/Drivers/STM32F7xx_HAL_Driver/Src/stm32f7xx_hal_i2c.o
 .text.I2C_Disable_IRQ
                0x0000000008005274       0xbc ./Src/lib/STM32F746NGH/Drivers/STM32F7xx_HAL_Driver/Src/stm32f7xx_hal_i2c.o
 .text.HAL_I2CEx_ConfigAnalogFilter
                0x0000000008005330       0x96 ./Src/lib/STM32F746NGH/Drivers/STM32F7xx_HAL_Driver/Src/stm32f7xx_hal_i2c_ex.o
                0x0000000008005330                HAL_I2CEx_ConfigAnalogFilter
 .text.HAL_I2CEx_ConfigDigitalFilter
                0x00000000080053c6       0x98 ./Src/lib/STM32F746NGH/Drivers/STM32F7xx_HAL_Driver/Src/stm32f7xx_hal_i2c_ex.o
                0x00000000080053c6                HAL_I2CEx_ConfigDigitalFilter
 .text.HAL_PCD_Init
                0x000000000800545e      0x248 ./Src/lib/STM32F746NGH/Drivers/STM32F7xx_HAL_Driver/Src/stm32f7xx_hal_pcd.o
                0x000000000800545e                HAL_PCD_Init
 .text.HAL_PCD_Start
                0x00000000080056a6       0x44 ./Src/lib/STM32F746NGH/Drivers/STM32F7xx_HAL_Driver/Src/stm32f7xx_hal_pcd.o
                0x00000000080056a6                HAL_PCD_Start
 .text.HAL_PCD_IRQHandler
                0x00000000080056ea      0x998 ./Src/lib/STM32F746NGH/Drivers/STM32F7xx_HAL_Driver/Src/stm32f7xx_hal_pcd.o
                0x00000000080056ea                HAL_PCD_IRQHandler
 .text.HAL_PCD_SetAddress
                0x0000000008006082       0x4a ./Src/lib/STM32F746NGH/Drivers/STM32F7xx_HAL_Driver/Src/stm32f7xx_hal_pcd.o
                0x0000000008006082                HAL_PCD_SetAddress
 .text.HAL_PCD_EP_Open
                0x00000000080060cc       0xd0 ./Src/lib/STM32F746NGH/Drivers/STM32F7xx_HAL_Driver/Src/stm32f7xx_hal_pcd.o
                0x00000000080060cc                HAL_PCD_EP_Open
 .text.HAL_PCD_EP_Close
                0x000000000800619c       0x94 ./Src/lib/STM32F746NGH/Drivers/STM32F7xx_HAL_Driver/Src/stm32f7xx_hal_pcd.o
                0x000000000800619c                HAL_PCD_EP_Close
 .text.HAL_PCD_EP_Receive
                0x0000000008006230       0x96 ./Src/lib/STM32F746NGH/Drivers/STM32F7xx_HAL_Driver/Src/stm32f7xx_hal_pcd.o
                0x0000000008006230                HAL_PCD_EP_Receive
 .text.HAL_PCD_EP_GetRxCount
                0x00000000080062c6       0x30 ./Src/lib/STM32F746NGH/Drivers/STM32F7xx_HAL_Driver/Src/stm32f7xx_hal_pcd.o
                0x00000000080062c6                HAL_PCD_EP_GetRxCount
 .text.HAL_PCD_EP_Transmit
                0x00000000080062f6       0x94 ./Src/lib/STM32F746NGH/Drivers/STM32F7xx_HAL_Driver/Src/stm32f7xx_hal_pcd.o
                0x00000000080062f6                HAL_PCD_EP_Transmit
 .text.HAL_PCD_EP_SetStall
                0x000000000800638a       0xc8 ./Src/lib/STM32F746NGH/Drivers/STM32F7xx_HAL_Driver/Src/stm32f7xx_hal_pcd.o
                0x000000000800638a                HAL_PCD_EP_SetStall
 .text.HAL_PCD_EP_ClrStall
                0x0000000008006452       0xac ./Src/lib/STM32F746NGH/Drivers/STM32F7xx_HAL_Driver/Src/stm32f7xx_hal_pcd.o
                0x0000000008006452                HAL_PCD_EP_ClrStall
 .text.HAL_PCD_EP_Abort
                0x00000000080064fe       0x62 ./Src/lib/STM32F746NGH/Drivers/STM32F7xx_HAL_Driver/Src/stm32f7xx_hal_pcd.o
                0x00000000080064fe                HAL_PCD_EP_Abort
 .text.PCD_WriteEmptyTxFifo
                0x0000000008006560      0x11a ./Src/lib/STM32F746NGH/Drivers/STM32F7xx_HAL_Driver/Src/stm32f7xx_hal_pcd.o
 *fill*         0x000000000800667a        0x2 
 .text.PCD_EP_OutXfrComplete_int
                0x000000000800667c      0x1d0 ./Src/lib/STM32F746NGH/Drivers/STM32F7xx_HAL_Driver/Src/stm32f7xx_hal_pcd.o
 .text.PCD_EP_OutSetupPacket_int
                0x000000000800684c       0x8c ./Src/lib/STM32F746NGH/Drivers/STM32F7xx_HAL_Driver/Src/stm32f7xx_hal_pcd.o
 .text.HAL_PCDEx_SetTxFiFo
                0x00000000080068d8       0x8e ./Src/lib/STM32F746NGH/Drivers/STM32F7xx_HAL_Driver/Src/stm32f7xx_hal_pcd_ex.o
                0x00000000080068d8                HAL_PCDEx_SetTxFiFo
 .text.HAL_PCDEx_SetRxFiFo
                0x0000000008006966       0x22 ./Src/lib/STM32F746NGH/Drivers/STM32F7xx_HAL_Driver/Src/stm32f7xx_hal_pcd_ex.o
                0x0000000008006966                HAL_PCDEx_SetRxFiFo
 .text.HAL_PCDEx_ActivateLPM
                0x0000000008006988       0x48 ./Src/lib/STM32F746NGH/Drivers/STM32F7xx_HAL_Driver/Src/stm32f7xx_hal_pcd_ex.o
                0x0000000008006988                HAL_PCDEx_ActivateLPM
 .text.HAL_PWR_EnableBkUpAccess
                0x00000000080069d0       0x20 ./Src/lib/STM32F746NGH/Drivers/STM32F7xx_HAL_Driver/Src/stm32f7xx_hal_pwr.o
                0x00000000080069d0                HAL_PWR_EnableBkUpAccess
 .text.HAL_PWREx_EnableOverDrive
                0x00000000080069f0       0xa0 ./Src/lib/STM32F746NGH/Drivers/STM32F7xx_HAL_Driver/Src/stm32f7xx_hal_pwr_ex.o
                0x00000000080069f0                HAL_PWREx_EnableOverDrive
 .text.HAL_RCC_OscConfig
                0x0000000008006a90      0x548 ./Src/lib/STM32F746NGH/Drivers/STM32F7xx_HAL_Driver/Src/stm32f7xx_hal_rcc.o
                0x0000000008006a90                HAL_RCC_OscConfig
 .text.HAL_RCC_ClockConfig
                0x0000000008006fd8      0x1d8 ./Src/lib/STM32F746NGH/Drivers/STM32F7xx_HAL_Driver/Src/stm32f7xx_hal_rcc.o
                0x0000000008006fd8                HAL_RCC_ClockConfig
 .text.HAL_RCC_GetSysClockFreq
                0x00000000080071b0      0x18c ./Src/lib/STM32F746NGH/Drivers/STM32F7xx_HAL_Driver/Src/stm32f7xx_hal_rcc.o
                0x00000000080071b0                HAL_RCC_GetSysClockFreq
 .text.HAL_RCC_GetHCLKFreq
                0x000000000800733c       0x18 ./Src/lib/STM32F746NGH/Drivers/STM32F7xx_HAL_Driver/Src/stm32f7xx_hal_rcc.o
                0x000000000800733c                HAL_RCC_GetHCLKFreq
 .text.HAL_RCCEx_PeriphCLKConfig
                0x0000000008007354      0x7e0 ./Src/lib/STM32F746NGH/Drivers/STM32F7xx_HAL_Driver/Src/stm32f7xx_hal_rcc_ex.o
                0x0000000008007354                HAL_RCCEx_PeriphCLKConfig
 .text.USB_CoreInit
                0x0000000008007b34       0xb0 ./Src/lib/STM32F746NGH/Drivers/STM32F7xx_HAL_Driver/Src/stm32f7xx_ll_usb.o
                0x0000000008007b34                USB_CoreInit
 .text.USB_SetTurnaroundTime
                0x0000000008007be4      0x144 ./Src/lib/STM32F746NGH/Drivers/STM32F7xx_HAL_Driver/Src/stm32f7xx_ll_usb.o
                0x0000000008007be4                USB_SetTurnaroundTime
 .text.USB_EnableGlobalInt
                0x0000000008007d28       0x22 ./Src/lib/STM32F746NGH/Drivers/STM32F7xx_HAL_Driver/Src/stm32f7xx_ll_usb.o
                0x0000000008007d28                USB_EnableGlobalInt
 .text.USB_DisableGlobalInt
                0x0000000008007d4a       0x22 ./Src/lib/STM32F746NGH/Drivers/STM32F7xx_HAL_Driver/Src/stm32f7xx_ll_usb.o
                0x0000000008007d4a                USB_DisableGlobalInt
 .text.USB_SetCurrentMode
                0x0000000008007d6c       0x98 ./Src/lib/STM32F746NGH/Drivers/STM32F7xx_HAL_Driver/Src/stm32f7xx_ll_usb.o
                0x0000000008007d6c                USB_SetCurrentMode
 .text.USB_DevInit
                0x0000000008007e04      0x2bc ./Src/lib/STM32F746NGH/Drivers/STM32F7xx_HAL_Driver/Src/stm32f7xx_ll_usb.o
                0x0000000008007e04                USB_DevInit
 .text.USB_FlushTxFifo
                0x00000000080080c0       0x68 ./Src/lib/STM32F746NGH/Drivers/STM32F7xx_HAL_Driver/Src/stm32f7xx_ll_usb.o
                0x00000000080080c0                USB_FlushTxFifo
 .text.USB_FlushRxFifo
                0x0000000008008128       0x60 ./Src/lib/STM32F746NGH/Drivers/STM32F7xx_HAL_Driver/Src/stm32f7xx_ll_usb.o
                0x0000000008008128                USB_FlushRxFifo
 .text.USB_SetDevSpeed
                0x0000000008008188       0x32 ./Src/lib/STM32F746NGH/Drivers/STM32F7xx_HAL_Driver/Src/stm32f7xx_ll_usb.o
                0x0000000008008188                USB_SetDevSpeed
 .text.USB_GetDevSpeed
                0x00000000080081ba       0x4a ./Src/lib/STM32F746NGH/Drivers/STM32F7xx_HAL_Driver/Src/stm32f7xx_ll_usb.o
                0x00000000080081ba                USB_GetDevSpeed
 .text.USB_ActivateEndpoint
                0x0000000008008204      0x110 ./Src/lib/STM32F746NGH/Drivers/STM32F7xx_HAL_Driver/Src/stm32f7xx_ll_usb.o
                0x0000000008008204                USB_ActivateEndpoint
 .text.USB_DeactivateEndpoint
                0x0000000008008314      0x1b8 ./Src/lib/STM32F746NGH/Drivers/STM32F7xx_HAL_Driver/Src/stm32f7xx_ll_usb.o
                0x0000000008008314                USB_DeactivateEndpoint
 .text.USB_EPStartXfer
                0x00000000080084cc      0x4a0 ./Src/lib/STM32F746NGH/Drivers/STM32F7xx_HAL_Driver/Src/stm32f7xx_ll_usb.o
                0x00000000080084cc                USB_EPStartXfer
 .text.USB_EP0StartXfer
                0x000000000800896c      0x2b8 ./Src/lib/STM32F746NGH/Drivers/STM32F7xx_HAL_Driver/Src/stm32f7xx_ll_usb.o
                0x000000000800896c                USB_EP0StartXfer
 .text.USB_EPStopXfer
                0x0000000008008c24      0x154 ./Src/lib/STM32F746NGH/Drivers/STM32F7xx_HAL_Driver/Src/stm32f7xx_ll_usb.o
                0x0000000008008c24                USB_EPStopXfer
 .text.USB_WritePacket
                0x0000000008008d78       0x7c ./Src/lib/STM32F746NGH/Drivers/STM32F7xx_HAL_Driver/Src/stm32f7xx_ll_usb.o
                0x0000000008008d78                USB_WritePacket
 .text.USB_ReadPacket
                0x0000000008008df4       0xb0 ./Src/lib/STM32F746NGH/Drivers/STM32F7xx_HAL_Driver/Src/stm32f7xx_ll_usb.o
                0x0000000008008df4                USB_ReadPacket
 .text.USB_EPSetStall
                0x0000000008008ea4       0xdc ./Src/lib/STM32F746NGH/Drivers/STM32F7xx_HAL_Driver/Src/stm32f7xx_ll_usb.o
                0x0000000008008ea4                USB_EPSetStall
 .text.USB_EPClearStall
                0x0000000008008f80       0xcc ./Src/lib/STM32F746NGH/Drivers/STM32F7xx_HAL_Driver/Src/stm32f7xx_ll_usb.o
                0x0000000008008f80                USB_EPClearStall
 .text.USB_SetDevAddress
                0x000000000800904c       0x4c ./Src/lib/STM32F746NGH/Drivers/STM32F7xx_HAL_Driver/Src/stm32f7xx_ll_usb.o
                0x000000000800904c                USB_SetDevAddress
 .text.USB_DevConnect
                0x0000000008009098       0x42 ./Src/lib/STM32F746NGH/Drivers/STM32F7xx_HAL_Driver/Src/stm32f7xx_ll_usb.o
                0x0000000008009098                USB_DevConnect
 .text.USB_DevDisconnect
                0x00000000080090da       0x42 ./Src/lib/STM32F746NGH/Drivers/STM32F7xx_HAL_Driver/Src/stm32f7xx_ll_usb.o
                0x00000000080090da                USB_DevDisconnect
 .text.USB_ReadInterrupts
                0x000000000800911c       0x26 ./Src/lib/STM32F746NGH/Drivers/STM32F7xx_HAL_Driver/Src/stm32f7xx_ll_usb.o
                0x000000000800911c                USB_ReadInterrupts
 .text.USB_ReadDevAllOutEpInterrupt
                0x0000000008009142       0x34 ./Src/lib/STM32F746NGH/Drivers/STM32F7xx_HAL_Driver/Src/stm32f7xx_ll_usb.o
                0x0000000008009142                USB_ReadDevAllOutEpInterrupt
 .text.USB_ReadDevAllInEpInterrupt
                0x0000000008009176       0x34 ./Src/lib/STM32F746NGH/Drivers/STM32F7xx_HAL_Driver/Src/stm32f7xx_ll_usb.o
                0x0000000008009176                USB_ReadDevAllInEpInterrupt
 .text.USB_ReadDevOutEPInterrupt
                0x00000000080091aa       0x3c ./Src/lib/STM32F746NGH/Drivers/STM32F7xx_HAL_Driver/Src/stm32f7xx_ll_usb.o
                0x00000000080091aa                USB_ReadDevOutEPInterrupt
 .text.USB_ReadDevInEPInterrupt
                0x00000000080091e6       0x5c ./Src/lib/STM32F746NGH/Drivers/STM32F7xx_HAL_Driver/Src/stm32f7xx_ll_usb.o
                0x00000000080091e6                USB_ReadDevInEPInterrupt
 .text.USB_GetMode
                0x0000000008009242       0x1c ./Src/lib/STM32F746NGH/Drivers/STM32F7xx_HAL_Driver/Src/stm32f7xx_ll_usb.o
                0x0000000008009242                USB_GetMode
 *fill*         0x000000000800925e        0x2 
 .text.USB_ActivateSetup
                0x0000000008009260       0x48 ./Src/lib/STM32F746NGH/Drivers/STM32F7xx_HAL_Driver/Src/stm32f7xx_ll_usb.o
                0x0000000008009260                USB_ActivateSetup
 .text.USB_EP0_OutStart
                0x00000000080092a8       0xbc ./Src/lib/STM32F746NGH/Drivers/STM32F7xx_HAL_Driver/Src/stm32f7xx_ll_usb.o
                0x00000000080092a8                USB_EP0_OutStart
 .text.USB_CoreReset
                0x0000000008009364       0x68 ./Src/lib/STM32F746NGH/Drivers/STM32F7xx_HAL_Driver/Src/stm32f7xx_ll_usb.o
 .text.USBD_CDC_Init
                0x00000000080093cc      0x1f0 ./Src/lib/STM32F746NGH/Middlewares/ST/STM32_USB_Device_Library/Class/CDC/Src/usbd_cdc.o
 .text.USBD_CDC_DeInit
                0x00000000080095bc      0x104 ./Src/lib/STM32F746NGH/Middlewares/ST/STM32_USB_Device_Library/Class/CDC/Src/usbd_cdc.o
 .text.USBD_CDC_Setup
                0x00000000080096c0      0x1b8 ./Src/lib/STM32F746NGH/Middlewares/ST/STM32_USB_Device_Library/Class/CDC/Src/usbd_cdc.o
 .text.USBD_CDC_DataIn
                0x0000000008009878       0xfe ./Src/lib/STM32F746NGH/Middlewares/ST/STM32_USB_Device_Library/Class/CDC/Src/usbd_cdc.o
 .text.USBD_CDC_DataOut
                0x0000000008009976       0x70 ./Src/lib/STM32F746NGH/Middlewares/ST/STM32_USB_Device_Library/Class/CDC/Src/usbd_cdc.o
 .text.USBD_CDC_EP0_RxReady
                0x00000000080099e6       0x76 ./Src/lib/STM32F746NGH/Middlewares/ST/STM32_USB_Device_Library/Class/CDC/Src/usbd_cdc.o
 .text.USBD_CDC_GetFSCfgDesc
                0x0000000008009a5c       0x70 ./Src/lib/STM32F746NGH/Middlewares/ST/STM32_USB_Device_Library/Class/CDC/Src/usbd_cdc.o
 .text.USBD_CDC_GetHSCfgDesc
                0x0000000008009acc       0x70 ./Src/lib/STM32F746NGH/Middlewares/ST/STM32_USB_Device_Library/Class/CDC/Src/usbd_cdc.o
 .text.USBD_CDC_GetOtherSpeedCfgDesc
                0x0000000008009b3c       0x70 ./Src/lib/STM32F746NGH/Middlewares/ST/STM32_USB_Device_Library/Class/CDC/Src/usbd_cdc.o
 .text.USBD_CDC_GetDeviceQualifierDescriptor
                0x0000000008009bac       0x20 ./Src/lib/STM32F746NGH/Middlewares/ST/STM32_USB_Device_Library/Class/CDC/Src/usbd_cdc.o
                0x0000000008009bac                USBD_CDC_GetDeviceQualifierDescriptor
 .text.USBD_CDC_RegisterInterface
                0x0000000008009bcc       0x34 ./Src/lib/STM32F746NGH/Middlewares/ST/STM32_USB_Device_Library/Class/CDC/Src/usbd_cdc.o
                0x0000000008009bcc                USBD_CDC_RegisterInterface
 .text.USBD_CDC_SetTxBuffer
                0x0000000008009c00       0x44 ./Src/lib/STM32F746NGH/Middlewares/ST/STM32_USB_Device_Library/Class/CDC/Src/usbd_cdc.o
                0x0000000008009c00                USBD_CDC_SetTxBuffer
 .text.USBD_CDC_SetRxBuffer
                0x0000000008009c44       0x3a ./Src/lib/STM32F746NGH/Middlewares/ST/STM32_USB_Device_Library/Class/CDC/Src/usbd_cdc.o
                0x0000000008009c44                USBD_CDC_SetRxBuffer
 *fill*         0x0000000008009c7e        0x2 
 .text.USBD_CDC_TransmitPacket
                0x0000000008009c80       0x80 ./Src/lib/STM32F746NGH/Middlewares/ST/STM32_USB_Device_Library/Class/CDC/Src/usbd_cdc.o
                0x0000000008009c80                USBD_CDC_TransmitPacket
 .text.USBD_CDC_ReceivePacket
                0x0000000008009d00       0x6c ./Src/lib/STM32F746NGH/Middlewares/ST/STM32_USB_Device_Library/Class/CDC/Src/usbd_cdc.o
                0x0000000008009d00                USBD_CDC_ReceivePacket
 .text.USBD_Init
                0x0000000008009d6c       0x60 ./Src/lib/STM32F746NGH/Middlewares/ST/STM32_USB_Device_Library/Core/Src/usbd_core.o
                0x0000000008009d6c                USBD_Init
 .text.USBD_RegisterClass
                0x0000000008009dcc       0x6c ./Src/lib/STM32F746NGH/Middlewares/ST/STM32_USB_Device_Library/Core/Src/usbd_core.o
                0x0000000008009dcc                USBD_RegisterClass
 .text.USBD_Start
                0x0000000008009e38       0x18 ./Src/lib/STM32F746NGH/Middlewares/ST/STM32_USB_Device_Library/Core/Src/usbd_core.o
                0x0000000008009e38                USBD_Start
 .text.USBD_RunTestMode
                0x0000000008009e50       0x16 ./Src/lib/STM32F746NGH/Middlewares/ST/STM32_USB_Device_Library/Core/Src/usbd_core.o
                0x0000000008009e50                USBD_RunTestMode
 .text.USBD_SetClassConfig
                0x0000000008009e66       0x38 ./Src/lib/STM32F746NGH/Middlewares/ST/STM32_USB_Device_Library/Core/Src/usbd_core.o
                0x0000000008009e66                USBD_SetClassConfig
 .text.USBD_ClrClassConfig
                0x0000000008009e9e       0x34 ./Src/lib/STM32F746NGH/Middlewares/ST/STM32_USB_Device_Library/Core/Src/usbd_core.o
                0x0000000008009e9e                USBD_ClrClassConfig
 .text.USBD_LL_SetupStage
                0x0000000008009ed2       0xaa ./Src/lib/STM32F746NGH/Middlewares/ST/STM32_USB_Device_Library/Core/Src/usbd_core.o
                0x0000000008009ed2                USBD_LL_SetupStage
 .text.USBD_LL_DataOutStage
                0x0000000008009f7c      0x166 ./Src/lib/STM32F746NGH/Middlewares/ST/STM32_USB_Device_Library/Core/Src/usbd_core.o
                0x0000000008009f7c                USBD_LL_DataOutStage
 .text.USBD_LL_DataInStage
                0x000000000800a0e2      0x164 ./Src/lib/STM32F746NGH/Middlewares/ST/STM32_USB_Device_Library/Core/Src/usbd_core.o
                0x000000000800a0e2                USBD_LL_DataInStage
 .text.USBD_LL_Reset
                0x000000000800a246       0xa4 ./Src/lib/STM32F746NGH/Middlewares/ST/STM32_USB_Device_Library/Core/Src/usbd_core.o
                0x000000000800a246                USBD_LL_Reset
 .text.USBD_LL_SetSpeed
                0x000000000800a2ea       0x20 ./Src/lib/STM32F746NGH/Middlewares/ST/STM32_USB_Device_Library/Core/Src/usbd_core.o
                0x000000000800a2ea                USBD_LL_SetSpeed
 .text.USBD_LL_Suspend
                0x000000000800a30a       0x2c ./Src/lib/STM32F746NGH/Middlewares/ST/STM32_USB_Device_Library/Core/Src/usbd_core.o
                0x000000000800a30a                USBD_LL_Suspend
 .text.USBD_LL_Resume
                0x000000000800a336       0x30 ./Src/lib/STM32F746NGH/Middlewares/ST/STM32_USB_Device_Library/Core/Src/usbd_core.o
                0x000000000800a336                USBD_LL_Resume
 .text.USBD_LL_SOF
                0x000000000800a366       0x40 ./Src/lib/STM32F746NGH/Middlewares/ST/STM32_USB_Device_Library/Core/Src/usbd_core.o
                0x000000000800a366                USBD_LL_SOF
 .text.USBD_LL_IsoINIncomplete
                0x000000000800a3a6       0x64 ./Src/lib/STM32F746NGH/Middlewares/ST/STM32_USB_Device_Library/Core/Src/usbd_core.o
                0x000000000800a3a6                USBD_LL_IsoINIncomplete
 .text.USBD_LL_IsoOUTIncomplete
                0x000000000800a40a       0x64 ./Src/lib/STM32F746NGH/Middlewares/ST/STM32_USB_Device_Library/Core/Src/usbd_core.o
                0x000000000800a40a                USBD_LL_IsoOUTIncomplete
 .text.USBD_LL_DevConnected
                0x000000000800a46e       0x16 ./Src/lib/STM32F746NGH/Middlewares/ST/STM32_USB_Device_Library/Core/Src/usbd_core.o
                0x000000000800a46e                USBD_LL_DevConnected
 .text.USBD_LL_DevDisconnected
                0x000000000800a484       0x46 ./Src/lib/STM32F746NGH/Middlewares/ST/STM32_USB_Device_Library/Core/Src/usbd_core.o
                0x000000000800a484                USBD_LL_DevDisconnected
 .text.USBD_CoreFindIF
                0x000000000800a4ca       0x1a ./Src/lib/STM32F746NGH/Middlewares/ST/STM32_USB_Device_Library/Core/Src/usbd_core.o
                0x000000000800a4ca                USBD_CoreFindIF
 .text.USBD_CoreFindEP
                0x000000000800a4e4       0x1a ./Src/lib/STM32F746NGH/Middlewares/ST/STM32_USB_Device_Library/Core/Src/usbd_core.o
                0x000000000800a4e4                USBD_CoreFindEP
 .text.USBD_GetEpDesc
                0x000000000800a4fe       0x74 ./Src/lib/STM32F746NGH/Middlewares/ST/STM32_USB_Device_Library/Core/Src/usbd_core.o
                0x000000000800a4fe                USBD_GetEpDesc
 .text.USBD_GetNextDesc
                0x000000000800a572       0x3a ./Src/lib/STM32F746NGH/Middlewares/ST/STM32_USB_Device_Library/Core/Src/usbd_core.o
                0x000000000800a572                USBD_GetNextDesc
 .text.SWAPBYTE
                0x000000000800a5ac       0x3c ./Src/lib/STM32F746NGH/Middlewares/ST/STM32_USB_Device_Library/Core/Src/usbd_ctlreq.o
 .text.USBD_StdDevReq
                0x000000000800a5e8       0xe4 ./Src/lib/STM32F746NGH/Middlewares/ST/STM32_USB_Device_Library/Core/Src/usbd_ctlreq.o
                0x000000000800a5e8                USBD_StdDevReq
 .text.USBD_StdItfReq
                0x000000000800a6cc       0xd8 ./Src/lib/STM32F746NGH/Middlewares/ST/STM32_USB_Device_Library/Core/Src/usbd_ctlreq.o
                0x000000000800a6cc                USBD_StdItfReq
 .text.USBD_StdEPReq
                0x000000000800a7a4      0x33a ./Src/lib/STM32F746NGH/Middlewares/ST/STM32_USB_Device_Library/Core/Src/usbd_ctlreq.o
                0x000000000800a7a4                USBD_StdEPReq
 *fill*         0x000000000800aade        0x2 
 .text.USBD_GetDescriptor
                0x000000000800aae0      0x328 ./Src/lib/STM32F746NGH/Middlewares/ST/STM32_USB_Device_Library/Core/Src/usbd_ctlreq.o
 .text.USBD_SetAddress
                0x000000000800ae08       0x88 ./Src/lib/STM32F746NGH/Middlewares/ST/STM32_USB_Device_Library/Core/Src/usbd_ctlreq.o
 .text.USBD_SetConfig
                0x000000000800ae90      0x154 ./Src/lib/STM32F746NGH/Middlewares/ST/STM32_USB_Device_Library/Core/Src/usbd_ctlreq.o
 .text.USBD_GetConfig
                0x000000000800afe4       0x6c ./Src/lib/STM32F746NGH/Middlewares/ST/STM32_USB_Device_Library/Core/Src/usbd_ctlreq.o
 .text.USBD_GetStatus
                0x000000000800b050       0x68 ./Src/lib/STM32F746NGH/Middlewares/ST/STM32_USB_Device_Library/Core/Src/usbd_ctlreq.o
 .text.USBD_SetFeature
                0x000000000800b0b8       0x52 ./Src/lib/STM32F746NGH/Middlewares/ST/STM32_USB_Device_Library/Core/Src/usbd_ctlreq.o
 .text.USBD_ClrFeature
                0x000000000800b10a       0x44 ./Src/lib/STM32F746NGH/Middlewares/ST/STM32_USB_Device_Library/Core/Src/usbd_ctlreq.o
 .text.USBD_ParseSetupRequest
                0x000000000800b14e       0x74 ./Src/lib/STM32F746NGH/Middlewares/ST/STM32_USB_Device_Library/Core/Src/usbd_ctlreq.o
                0x000000000800b14e                USBD_ParseSetupRequest
 .text.USBD_CtlError
                0x000000000800b1c2       0x22 ./Src/lib/STM32F746NGH/Middlewares/ST/STM32_USB_Device_Library/Core/Src/usbd_ctlreq.o
                0x000000000800b1c2                USBD_CtlError
 .text.USBD_GetString
                0x000000000800b1e4       0x8c ./Src/lib/STM32F746NGH/Middlewares/ST/STM32_USB_Device_Library/Core/Src/usbd_ctlreq.o
                0x000000000800b1e4                USBD_GetString
 .text.USBD_GetLen
                0x000000000800b270       0x34 ./Src/lib/STM32F746NGH/Middlewares/ST/STM32_USB_Device_Library/Core/Src/usbd_ctlreq.o
 .text.USBD_CtlSendData
                0x000000000800b2a4       0x36 ./Src/lib/STM32F746NGH/Middlewares/ST/STM32_USB_Device_Library/Core/Src/usbd_ioreq.o
                0x000000000800b2a4                USBD_CtlSendData
 .text.USBD_CtlContinueSendData
                0x000000000800b2da       0x22 ./Src/lib/STM32F746NGH/Middlewares/ST/STM32_USB_Device_Library/Core/Src/usbd_ioreq.o
                0x000000000800b2da                USBD_CtlContinueSendData
 .text.USBD_CtlPrepareRx
                0x000000000800b2fc       0x3a ./Src/lib/STM32F746NGH/Middlewares/ST/STM32_USB_Device_Library/Core/Src/usbd_ioreq.o
                0x000000000800b2fc                USBD_CtlPrepareRx
 .text.USBD_CtlContinueRx
                0x000000000800b336       0x22 ./Src/lib/STM32F746NGH/Middlewares/ST/STM32_USB_Device_Library/Core/Src/usbd_ioreq.o
                0x000000000800b336                USBD_CtlContinueRx
 .text.USBD_CtlSendStatus
                0x000000000800b358       0x26 ./Src/lib/STM32F746NGH/Middlewares/ST/STM32_USB_Device_Library/Core/Src/usbd_ioreq.o
                0x000000000800b358                USBD_CtlSendStatus
 .text.USBD_CtlReceiveStatus
                0x000000000800b37e       0x26 ./Src/lib/STM32F746NGH/Middlewares/ST/STM32_USB_Device_Library/Core/Src/usbd_ioreq.o
                0x000000000800b37e                USBD_CtlReceiveStatus
 .text.MX_USB_DEVICE_Init
                0x000000000800b3a4       0x60 ./Src/lib/STM32F746NGH/USB_DEVICE/App/usb_device.o
                0x000000000800b3a4                MX_USB_DEVICE_Init
 .text.cdcAvailable
                0x000000000800b404       0x3c ./Src/lib/STM32F746NGH/USB_DEVICE/App/usbd_cdc_if.o
                0x000000000800b404                cdcAvailable
 .text.cdcRead  0x000000000800b440       0x54 ./Src/lib/STM32F746NGH/USB_DEVICE/App/usbd_cdc_if.o
                0x000000000800b440                cdcRead
 .text.cdcDataIn
                0x000000000800b494       0x58 ./Src/lib/STM32F746NGH/USB_DEVICE/App/usbd_cdc_if.o
                0x000000000800b494                cdcDataIn
 .text.cdcWrite
                0x000000000800b4ec       0x50 ./Src/lib/STM32F746NGH/USB_DEVICE/App/usbd_cdc_if.o
                0x000000000800b4ec                cdcWrite
 .text.CDC_Init_FS
                0x000000000800b53c       0x28 ./Src/lib/STM32F746NGH/USB_DEVICE/App/usbd_cdc_if.o
 .text.CDC_DeInit_FS
                0x000000000800b564       0x10 ./Src/lib/STM32F746NGH/USB_DEVICE/App/usbd_cdc_if.o
 .text.CDC_Control_FS
                0x000000000800b574      0x174 ./Src/lib/STM32F746NGH/USB_DEVICE/App/usbd_cdc_if.o
 .text.CDC_Receive_FS
                0x000000000800b6e8       0x4c ./Src/lib/STM32F746NGH/USB_DEVICE/App/usbd_cdc_if.o
 .text.CDC_Transmit_FS
                0x000000000800b734       0x4c ./Src/lib/STM32F746NGH/USB_DEVICE/App/usbd_cdc_if.o
                0x000000000800b734                CDC_Transmit_FS
 .text.CDC_TransmitCplt_FS
                0x000000000800b780       0x22 ./Src/lib/STM32F746NGH/USB_DEVICE/App/usbd_cdc_if.o
 *fill*         0x000000000800b7a2        0x2 
 .text.USBD_FS_DeviceDescriptor
                0x000000000800b7a4       0x24 ./Src/lib/STM32F746NGH/USB_DEVICE/App/usbd_desc.o
                0x000000000800b7a4                USBD_FS_DeviceDescriptor
 .text.USBD_FS_LangIDStrDescriptor
                0x000000000800b7c8       0x24 ./Src/lib/STM32F746NGH/USB_DEVICE/App/usbd_desc.o
                0x000000000800b7c8                USBD_FS_LangIDStrDescriptor
 .text.USBD_FS_ProductStrDescriptor
                0x000000000800b7ec       0x3c ./Src/lib/STM32F746NGH/USB_DEVICE/App/usbd_desc.o
                0x000000000800b7ec                USBD_FS_ProductStrDescriptor
 .text.USBD_FS_ManufacturerStrDescriptor
                0x000000000800b828       0x28 ./Src/lib/STM32F746NGH/USB_DEVICE/App/usbd_desc.o
                0x000000000800b828                USBD_FS_ManufacturerStrDescriptor
 .text.USBD_FS_SerialStrDescriptor
                0x000000000800b850       0x24 ./Src/lib/STM32F746NGH/USB_DEVICE/App/usbd_desc.o
                0x000000000800b850                USBD_FS_SerialStrDescriptor
 .text.USBD_FS_ConfigStrDescriptor
                0x000000000800b874       0x3c ./Src/lib/STM32F746NGH/USB_DEVICE/App/usbd_desc.o
                0x000000000800b874                USBD_FS_ConfigStrDescriptor
 .text.USBD_FS_InterfaceStrDescriptor
                0x000000000800b8b0       0x3c ./Src/lib/STM32F746NGH/USB_DEVICE/App/usbd_desc.o
                0x000000000800b8b0                USBD_FS_InterfaceStrDescriptor
 .text.USBD_FS_USR_BOSDescriptor
                0x000000000800b8ec       0x24 ./Src/lib/STM32F746NGH/USB_DEVICE/App/usbd_desc.o
                0x000000000800b8ec                USBD_FS_USR_BOSDescriptor
 .text.Get_SerialNum
                0x000000000800b910       0x58 ./Src/lib/STM32F746NGH/USB_DEVICE/App/usbd_desc.o
 .text.IntToUnicode
                0x000000000800b968       0x7e ./Src/lib/STM32F746NGH/USB_DEVICE/App/usbd_desc.o
 *fill*         0x000000000800b9e6        0x2 
 .text.HAL_PCD_MspInit
                0x000000000800b9e8       0xe4 ./Src/lib/STM32F746NGH/USB_DEVICE/Target/usbd_conf.o
                0x000000000800b9e8                HAL_PCD_MspInit
 .text.HAL_PCD_SetupStageCallback
                0x000000000800bacc       0x24 ./Src/lib/STM32F746NGH/USB_DEVICE/Target/usbd_conf.o
                0x000000000800bacc                HAL_PCD_SetupStageCallback
 .text.HAL_PCD_DataOutStageCallback
                0x000000000800baf0       0x36 ./Src/lib/STM32F746NGH/USB_DEVICE/Target/usbd_conf.o
                0x000000000800baf0                HAL_PCD_DataOutStageCallback
 .text.HAL_PCD_DataInStageCallback
                0x000000000800bb26       0x34 ./Src/lib/STM32F746NGH/USB_DEVICE/Target/usbd_conf.o
                0x000000000800bb26                HAL_PCD_DataInStageCallback
 .text.HAL_PCD_SOFCallback
                0x000000000800bb5a       0x1c ./Src/lib/STM32F746NGH/USB_DEVICE/Target/usbd_conf.o
                0x000000000800bb5a                HAL_PCD_SOFCallback
 .text.HAL_PCD_ResetCallback
                0x000000000800bb76       0x50 ./Src/lib/STM32F746NGH/USB_DEVICE/Target/usbd_conf.o
                0x000000000800bb76                HAL_PCD_ResetCallback
 *fill*         0x000000000800bbc6        0x2 
 .text.HAL_PCD_SuspendCallback
                0x000000000800bbc8       0x4c ./Src/lib/STM32F746NGH/USB_DEVICE/Target/usbd_conf.o
                0x000000000800bbc8                HAL_PCD_SuspendCallback
 .text.HAL_PCD_ResumeCallback
                0x000000000800bc14       0x1c ./Src/lib/STM32F746NGH/USB_DEVICE/Target/usbd_conf.o
                0x000000000800bc14                HAL_PCD_ResumeCallback
 .text.HAL_PCD_ISOOUTIncompleteCallback
                0x000000000800bc30       0x24 ./Src/lib/STM32F746NGH/USB_DEVICE/Target/usbd_conf.o
                0x000000000800bc30                HAL_PCD_ISOOUTIncompleteCallback
 .text.HAL_PCD_ISOINIncompleteCallback
                0x000000000800bc54       0x24 ./Src/lib/STM32F746NGH/USB_DEVICE/Target/usbd_conf.o
                0x000000000800bc54                HAL_PCD_ISOINIncompleteCallback
 .text.HAL_PCD_ConnectCallback
                0x000000000800bc78       0x1c ./Src/lib/STM32F746NGH/USB_DEVICE/Target/usbd_conf.o
                0x000000000800bc78                HAL_PCD_ConnectCallback
 .text.HAL_PCD_DisconnectCallback
                0x000000000800bc94       0x1c ./Src/lib/STM32F746NGH/USB_DEVICE/Target/usbd_conf.o
                0x000000000800bc94                HAL_PCD_DisconnectCallback
 .text.USBD_LL_Init
                0x000000000800bcb0       0x98 ./Src/lib/STM32F746NGH/USB_DEVICE/Target/usbd_conf.o
                0x000000000800bcb0                USBD_LL_Init
 .text.USBD_LL_Start
                0x000000000800bd48       0x36 ./Src/lib/STM32F746NGH/USB_DEVICE/Target/usbd_conf.o
                0x000000000800bd48                USBD_LL_Start
 .text.USBD_LL_OpenEP
                0x000000000800bd7e       0x4c ./Src/lib/STM32F746NGH/USB_DEVICE/Target/usbd_conf.o
                0x000000000800bd7e                USBD_LL_OpenEP
 .text.USBD_LL_CloseEP
                0x000000000800bdca       0x3e ./Src/lib/STM32F746NGH/USB_DEVICE/Target/usbd_conf.o
                0x000000000800bdca                USBD_LL_CloseEP
 .text.USBD_LL_StallEP
                0x000000000800be08       0x3e ./Src/lib/STM32F746NGH/USB_DEVICE/Target/usbd_conf.o
                0x000000000800be08                USBD_LL_StallEP
 .text.USBD_LL_ClearStallEP
                0x000000000800be46       0x3e ./Src/lib/STM32F746NGH/USB_DEVICE/Target/usbd_conf.o
                0x000000000800be46                USBD_LL_ClearStallEP
 .text.USBD_LL_IsStallEP
                0x000000000800be84       0x58 ./Src/lib/STM32F746NGH/USB_DEVICE/Target/usbd_conf.o
                0x000000000800be84                USBD_LL_IsStallEP
 .text.USBD_LL_SetUSBAddress
                0x000000000800bedc       0x3e ./Src/lib/STM32F746NGH/USB_DEVICE/Target/usbd_conf.o
                0x000000000800bedc                USBD_LL_SetUSBAddress
 .text.USBD_LL_Transmit
                0x000000000800bf1a       0x42 ./Src/lib/STM32F746NGH/USB_DEVICE/Target/usbd_conf.o
                0x000000000800bf1a                USBD_LL_Transmit
 .text.USBD_LL_PrepareReceive
                0x000000000800bf5c       0x42 ./Src/lib/STM32F746NGH/USB_DEVICE/Target/usbd_conf.o
                0x000000000800bf5c                USBD_LL_PrepareReceive
 .text.USBD_LL_GetRxDataSize
                0x000000000800bf9e       0x26 ./Src/lib/STM32F746NGH/USB_DEVICE/Target/usbd_conf.o
                0x000000000800bf9e                USBD_LL_GetRxDataSize
 .text.HAL_PCDEx_LPM_Callback
                0x000000000800bfc4       0x9c ./Src/lib/STM32F746NGH/USB_DEVICE/Target/usbd_conf.o
                0x000000000800bfc4                HAL_PCDEx_LPM_Callback
 .text.SystemClockConfig_Resume
                0x000000000800c060        0xc ./Src/lib/STM32F746NGH/USB_DEVICE/Target/usbd_conf.o
 .text.USBD_Get_USB_Status
                0x000000000800c06c       0x58 ./Src/lib/STM32F746NGH/USB_DEVICE/Target/usbd_conf.o
                0x000000000800c06c                USBD_Get_USB_Status
 .text.main     0x000000000800c0c4       0x16 ./Src/main.o
                0x000000000800c0c4                main
 *fill*         0x000000000800c0da        0x2 
 .text.__errno  0x000000000800c0dc        0xc c:/st/stm32cubeide_1.12.1/stm32cubeide/plugins/com.st.stm32cube.ide.mcu.externaltools.gnu-tools-for-stm32.10.3-2021.10.win32_1.0.200.202301161003/tools/bin/../lib/gcc/arm-none-eabi/10.3.1/../../../../arm-none-eabi/lib/thumb/v7e-m+fp/hard\libc_nano.a(lib_a-errno.o)
                0x000000000800c0dc                __errno
 .text.__libc_init_array
                0x000000000800c0e8       0x48 c:/st/stm32cubeide_1.12.1/stm32cubeide/plugins/com.st.stm32cube.ide.mcu.externaltools.gnu-tools-for-stm32.10.3-2021.10.win32_1.0.200.202301161003/tools/bin/../lib/gcc/arm-none-eabi/10.3.1/../../../../arm-none-eabi/lib/thumb/v7e-m+fp/hard\libc_nano.a(lib_a-init.o)
                0x000000000800c0e8                __libc_init_array
 .text.malloc   0x000000000800c130       0x10 c:/st/stm32cubeide_1.12.1/stm32cubeide/plugins/com.st.stm32cube.ide.mcu.externaltools.gnu-tools-for-stm32.10.3-2021.10.win32_1.0.200.202301161003/tools/bin/../lib/gcc/arm-none-eabi/10.3.1/../../../../arm-none-eabi/lib/thumb/v7e-m+fp/hard\libc_nano.a(lib_a-malloc.o)
                0x000000000800c130                malloc
 .text.free     0x000000000800c140       0x10 c:/st/stm32cubeide_1.12.1/stm32cubeide/plugins/com.st.stm32cube.ide.mcu.externaltools.gnu-tools-for-stm32.10.3-2021.10.win32_1.0.200.202301161003/tools/bin/../lib/gcc/arm-none-eabi/10.3.1/../../../../arm-none-eabi/lib/thumb/v7e-m+fp/hard\libc_nano.a(lib_a-malloc.o)
                0x000000000800c140                free
 .text.memset   0x000000000800c150       0x10 c:/st/stm32cubeide_1.12.1/stm32cubeide/plugins/com.st.stm32cube.ide.mcu.externaltools.gnu-tools-for-stm32.10.3-2021.10.win32_1.0.200.202301161003/tools/bin/../lib/gcc/arm-none-eabi/10.3.1/../../../../arm-none-eabi/lib/thumb/v7e-m+fp/hard\libc_nano.a(lib_a-memset.o)
                0x000000000800c150                memset
 .text._free_r  0x000000000800c160       0x98 c:/st/stm32cubeide_1.12.1/stm32cubeide/plugins/com.st.stm32cube.ide.mcu.externaltools.gnu-tools-for-stm32.10.3-2021.10.win32_1.0.200.202301161003/tools/bin/../lib/gcc/arm-none-eabi/10.3.1/../../../../arm-none-eabi/lib/thumb/v7e-m+fp/hard\libc_nano.a(lib_a-nano-freer.o)
                0x000000000800c160                _free_r
 .text.sbrk_aligned
                0x000000000800c1f8       0x40 c:/st/stm32cubeide_1.12.1/stm32cubeide/plugins/com.st.stm32cube.ide.mcu.externaltools.gnu-tools-for-stm32.10.3-2021.10.win32_1.0.200.202301161003/tools/bin/../lib/gcc/arm-none-eabi/10.3.1/../../../../arm-none-eabi/lib/thumb/v7e-m+fp/hard\libc_nano.a(lib_a-nano-mallocr.o)
 .text._malloc_r
                0x000000000800c238       0xe8 c:/st/stm32cubeide_1.12.1/stm32cubeide/plugins/com.st.stm32cube.ide.mcu.externaltools.gnu-tools-for-stm32.10.3-2021.10.win32_1.0.200.202301161003/tools/bin/../lib/gcc/arm-none-eabi/10.3.1/../../../../arm-none-eabi/lib/thumb/v7e-m+fp/hard\libc_nano.a(lib_a-nano-mallocr.o)
                0x000000000800c238                _malloc_r
 .text._sbrk_r  0x000000000800c320       0x20 c:/st/stm32cubeide_1.12.1/stm32cubeide/plugins/com.st.stm32cube.ide.mcu.externaltools.gnu-tools-for-stm32.10.3-2021.10.win32_1.0.200.202301161003/tools/bin/../lib/gcc/arm-none-eabi/10.3.1/../../../../arm-none-eabi/lib/thumb/v7e-m+fp/hard\libc_nano.a(lib_a-sbrkr.o)
                0x000000000800c320                _sbrk_r
 .text.strcpy   0x000000000800c340       0x10 c:/st/stm32cubeide_1.12.1/stm32cubeide/plugins/com.st.stm32cube.ide.mcu.externaltools.gnu-tools-for-stm32.10.3-2021.10.win32_1.0.200.202301161003/tools/bin/../lib/gcc/arm-none-eabi/10.3.1/../../../../arm-none-eabi/lib/thumb/v7e-m+fp/hard\libc_nano.a(lib_a-strcpy.o)
                0x000000000800c340                strcpy
 .text.sulp     0x000000000800c350       0x38 c:/st/stm32cubeide_1.12.1/stm32cubeide/plugins/com.st.stm32cube.ide.mcu.externaltools.gnu-tools-for-stm32.10.3-2021.10.win32_1.0.200.202301161003/tools/bin/../lib/gcc/arm-none-eabi/10.3.1/../../../../arm-none-eabi/lib/thumb/v7e-m+fp/hard\libc_nano.a(lib_a-strtod.o)
 .text._strtod_l
                0x000000000800c388      0xc0c c:/st/stm32cubeide_1.12.1/stm32cubeide/plugins/com.st.stm32cube.ide.mcu.externaltools.gnu-tools-for-stm32.10.3-2021.10.win32_1.0.200.202301161003/tools/bin/../lib/gcc/arm-none-eabi/10.3.1/../../../../arm-none-eabi/lib/thumb/v7e-m+fp/hard\libc_nano.a(lib_a-strtod.o)
                0x000000000800c388                _strtod_l
 .text.strtof   0x000000000800cf94       0xb8 c:/st/stm32cubeide_1.12.1/stm32cubeide/plugins/com.st.stm32cube.ide.mcu.externaltools.gnu-tools-for-stm32.10.3-2021.10.win32_1.0.200.202301161003/tools/bin/../lib/gcc/arm-none-eabi/10.3.1/../../../../arm-none-eabi/lib/thumb/v7e-m+fp/hard\libc_nano.a(lib_a-strtod.o)
                0x000000000800cf94                strtof
 .text.__strtok_r
                0x000000000800d04c       0x50 c:/st/stm32cubeide_1.12.1/stm32cubeide/plugins/com.st.stm32cube.ide.mcu.externaltools.gnu-tools-for-stm32.10.3-2021.10.win32_1.0.200.202301161003/tools/bin/../lib/gcc/arm-none-eabi/10.3.1/../../../../arm-none-eabi/lib/thumb/v7e-m+fp/hard\libc_nano.a(lib_a-strtok_r.o)
                0x000000000800d04c                __strtok_r
 .text.strtok_r
                0x000000000800d09c        0x6 c:/st/stm32cubeide_1.12.1/stm32cubeide/plugins/com.st.stm32cube.ide.mcu.externaltools.gnu-tools-for-stm32.10.3-2021.10.win32_1.0.200.202301161003/tools/bin/../lib/gcc/arm-none-eabi/10.3.1/../../../../arm-none-eabi/lib/thumb/v7e-m+fp/hard\libc_nano.a(lib_a-strtok_r.o)
                0x000000000800d09c                strtok_r
 *fill*         0x000000000800d0a2        0x2 
 .text._strtoul_l.constprop.0
                0x000000000800d0a4       0xe4 c:/st/stm32cubeide_1.12.1/stm32cubeide/plugins/com.st.stm32cube.ide.mcu.externaltools.gnu-tools-for-stm32.10.3-2021.10.win32_1.0.200.202301161003/tools/bin/../lib/gcc/arm-none-eabi/10.3.1/../../../../arm-none-eabi/lib/thumb/v7e-m+fp/hard\libc_nano.a(lib_a-strtoul.o)
 .text.strtoul  0x000000000800d188       0x14 c:/st/stm32cubeide_1.12.1/stm32cubeide/plugins/com.st.stm32cube.ide.mcu.externaltools.gnu-tools-for-stm32.10.3-2021.10.win32_1.0.200.202301161003/tools/bin/../lib/gcc/arm-none-eabi/10.3.1/../../../../arm-none-eabi/lib/thumb/v7e-m+fp/hard\libc_nano.a(lib_a-strtoul.o)
                0x000000000800d188                strtoul
 .text._vsnprintf_r
                0x000000000800d19c       0x56 c:/st/stm32cubeide_1.12.1/stm32cubeide/plugins/com.st.stm32cube.ide.mcu.externaltools.gnu-tools-for-stm32.10.3-2021.10.win32_1.0.200.202301161003/tools/bin/../lib/gcc/arm-none-eabi/10.3.1/../../../../arm-none-eabi/lib/thumb/v7e-m+fp/hard\libc_nano.a(lib_a-vsnprintf.o)
                0x000000000800d19c                _vsniprintf_r
                0x000000000800d19c                _vsnprintf_r
 *fill*         0x000000000800d1f2        0x2 
 .text.vsnprintf
                0x000000000800d1f4       0x1c c:/st/stm32cubeide_1.12.1/stm32cubeide/plugins/com.st.stm32cube.ide.mcu.externaltools.gnu-tools-for-stm32.10.3-2021.10.win32_1.0.200.202301161003/tools/bin/../lib/gcc/arm-none-eabi/10.3.1/../../../../arm-none-eabi/lib/thumb/v7e-m+fp/hard\libc_nano.a(lib_a-vsnprintf.o)
                0x000000000800d1f4                vsniprintf
                0x000000000800d1f4                vsnprintf
 .text.rshift   0x000000000800d210       0xa4 c:/st/stm32cubeide_1.12.1/stm32cubeide/plugins/com.st.stm32cube.ide.mcu.externaltools.gnu-tools-for-stm32.10.3-2021.10.win32_1.0.200.202301161003/tools/bin/../lib/gcc/arm-none-eabi/10.3.1/../../../../arm-none-eabi/lib/thumb/v7e-m+fp/hard\libc_nano.a(lib_a-gdtoa-gethex.o)
 .text.__hexdig_fun
                0x000000000800d2b4       0x2a c:/st/stm32cubeide_1.12.1/stm32cubeide/plugins/com.st.stm32cube.ide.mcu.externaltools.gnu-tools-for-stm32.10.3-2021.10.win32_1.0.200.202301161003/tools/bin/../lib/gcc/arm-none-eabi/10.3.1/../../../../arm-none-eabi/lib/thumb/v7e-m+fp/hard\libc_nano.a(lib_a-gdtoa-gethex.o)
                0x000000000800d2b4                __hexdig_fun
 *fill*         0x000000000800d2de        0x2 
 .text.__gethex
                0x000000000800d2e0      0x48c c:/st/stm32cubeide_1.12.1/stm32cubeide/plugins/com.st.stm32cube.ide.mcu.externaltools.gnu-tools-for-stm32.10.3-2021.10.win32_1.0.200.202301161003/tools/bin/../lib/gcc/arm-none-eabi/10.3.1/../../../../arm-none-eabi/lib/thumb/v7e-m+fp/hard\libc_nano.a(lib_a-gdtoa-gethex.o)
                0x000000000800d2e0                __gethex
 .text.L_shift  0x000000000800d76c       0x24 c:/st/stm32cubeide_1.12.1/stm32cubeide/plugins/com.st.stm32cube.ide.mcu.externaltools.gnu-tools-for-stm32.10.3-2021.10.win32_1.0.200.202301161003/tools/bin/../lib/gcc/arm-none-eabi/10.3.1/../../../../arm-none-eabi/lib/thumb/v7e-m+fp/hard\libc_nano.a(lib_a-gdtoa-hexnan.o)
 .text.__match  0x000000000800d790       0x28 c:/st/stm32cubeide_1.12.1/stm32cubeide/plugins/com.st.stm32cube.ide.mcu.externaltools.gnu-tools-for-stm32.10.3-2021.10.win32_1.0.200.202301161003/tools/bin/../lib/gcc/arm-none-eabi/10.3.1/../../../../arm-none-eabi/lib/thumb/v7e-m+fp/hard\libc_nano.a(lib_a-gdtoa-hexnan.o)
                0x000000000800d790                __match
 .text.__hexnan
                0x000000000800d7b8      0x138 c:/st/stm32cubeide_1.12.1/stm32cubeide/plugins/com.st.stm32cube.ide.mcu.externaltools.gnu-tools-for-stm32.10.3-2021.10.win32_1.0.200.202301161003/tools/bin/../lib/gcc/arm-none-eabi/10.3.1/../../../../arm-none-eabi/lib/thumb/v7e-m+fp/hard\libc_nano.a(lib_a-gdtoa-hexnan.o)
                0x000000000800d7b8                __hexnan
 .text.__ascii_mbtowc
                0x000000000800d8f0       0x24 c:/st/stm32cubeide_1.12.1/stm32cubeide/plugins/com.st.stm32cube.ide.mcu.externaltools.gnu-tools-for-stm32.10.3-2021.10.win32_1.0.200.202301161003/tools/bin/../lib/gcc/arm-none-eabi/10.3.1/../../../../arm-none-eabi/lib/thumb/v7e-m+fp/hard\libc_nano.a(lib_a-mbtowc_r.o)
                0x000000000800d8f0                __ascii_mbtowc
 .text.memcpy   0x000000000800d914       0x1c c:/st/stm32cubeide_1.12.1/stm32cubeide/plugins/com.st.stm32cube.ide.mcu.externaltools.gnu-tools-for-stm32.10.3-2021.10.win32_1.0.200.202301161003/tools/bin/../lib/gcc/arm-none-eabi/10.3.1/../../../../arm-none-eabi/lib/thumb/v7e-m+fp/hard\libc_nano.a(lib_a-memcpy-stub.o)
                0x000000000800d914                memcpy
 .text.__malloc_lock
                0x000000000800d930        0xc c:/st/stm32cubeide_1.12.1/stm32cubeide/plugins/com.st.stm32cube.ide.mcu.externaltools.gnu-tools-for-stm32.10.3-2021.10.win32_1.0.200.202301161003/tools/bin/../lib/gcc/arm-none-eabi/10.3.1/../../../../arm-none-eabi/lib/thumb/v7e-m+fp/hard\libc_nano.a(lib_a-mlock.o)
                0x000000000800d930                __malloc_lock
 .text.__malloc_unlock
                0x000000000800d93c        0xc c:/st/stm32cubeide_1.12.1/stm32cubeide/plugins/com.st.stm32cube.ide.mcu.externaltools.gnu-tools-for-stm32.10.3-2021.10.win32_1.0.200.202301161003/tools/bin/../lib/gcc/arm-none-eabi/10.3.1/../../../../arm-none-eabi/lib/thumb/v7e-m+fp/hard\libc_nano.a(lib_a-mlock.o)
                0x000000000800d93c                __malloc_unlock
 .text._Balloc  0x000000000800d948       0x80 c:/st/stm32cubeide_1.12.1/stm32cubeide/plugins/com.st.stm32cube.ide.mcu.externaltools.gnu-tools-for-stm32.10.3-2021.10.win32_1.0.200.202301161003/tools/bin/../lib/gcc/arm-none-eabi/10.3.1/../../../../arm-none-eabi/lib/thumb/v7e-m+fp/hard\libc_nano.a(lib_a-mprec.o)
                0x000000000800d948                _Balloc
 .text._Bfree   0x000000000800d9c8       0x44 c:/st/stm32cubeide_1.12.1/stm32cubeide/plugins/com.st.stm32cube.ide.mcu.externaltools.gnu-tools-for-stm32.10.3-2021.10.win32_1.0.200.202301161003/tools/bin/../lib/gcc/arm-none-eabi/10.3.1/../../../../arm-none-eabi/lib/thumb/v7e-m+fp/hard\libc_nano.a(lib_a-mprec.o)
                0x000000000800d9c8                _Bfree
 .text.__multadd
                0x000000000800da0c       0x8c c:/st/stm32cubeide_1.12.1/stm32cubeide/plugins/com.st.stm32cube.ide.mcu.externaltools.gnu-tools-for-stm32.10.3-2021.10.win32_1.0.200.202301161003/tools/bin/../lib/gcc/arm-none-eabi/10.3.1/../../../../arm-none-eabi/lib/thumb/v7e-m+fp/hard\libc_nano.a(lib_a-mprec.o)
                0x000000000800da0c                __multadd
 .text.__s2b    0x000000000800da98       0x94 c:/st/stm32cubeide_1.12.1/stm32cubeide/plugins/com.st.stm32cube.ide.mcu.externaltools.gnu-tools-for-stm32.10.3-2021.10.win32_1.0.200.202301161003/tools/bin/../lib/gcc/arm-none-eabi/10.3.1/../../../../arm-none-eabi/lib/thumb/v7e-m+fp/hard\libc_nano.a(lib_a-mprec.o)
                0x000000000800da98                __s2b
 .text.__hi0bits
                0x000000000800db2c       0x40 c:/st/stm32cubeide_1.12.1/stm32cubeide/plugins/com.st.stm32cube.ide.mcu.externaltools.gnu-tools-for-stm32.10.3-2021.10.win32_1.0.200.202301161003/tools/bin/../lib/gcc/arm-none-eabi/10.3.1/../../../../arm-none-eabi/lib/thumb/v7e-m+fp/hard\libc_nano.a(lib_a-mprec.o)
                0x000000000800db2c                __hi0bits
 .text.__lo0bits
                0x000000000800db6c       0x5e c:/st/stm32cubeide_1.12.1/stm32cubeide/plugins/com.st.stm32cube.ide.mcu.externaltools.gnu-tools-for-stm32.10.3-2021.10.win32_1.0.200.202301161003/tools/bin/../lib/gcc/arm-none-eabi/10.3.1/../../../../arm-none-eabi/lib/thumb/v7e-m+fp/hard\libc_nano.a(lib_a-mprec.o)
                0x000000000800db6c                __lo0bits
 *fill*         0x000000000800dbca        0x2 
 .text.__i2b    0x000000000800dbcc       0x2c c:/st/stm32cubeide_1.12.1/stm32cubeide/plugins/com.st.stm32cube.ide.mcu.externaltools.gnu-tools-for-stm32.10.3-2021.10.win32_1.0.200.202301161003/tools/bin/../lib/gcc/arm-none-eabi/10.3.1/../../../../arm-none-eabi/lib/thumb/v7e-m+fp/hard\libc_nano.a(lib_a-mprec.o)
                0x000000000800dbcc                __i2b
 .text.__multiply
                0x000000000800dbf8      0x154 c:/st/stm32cubeide_1.12.1/stm32cubeide/plugins/com.st.stm32cube.ide.mcu.externaltools.gnu-tools-for-stm32.10.3-2021.10.win32_1.0.200.202301161003/tools/bin/../lib/gcc/arm-none-eabi/10.3.1/../../../../arm-none-eabi/lib/thumb/v7e-m+fp/hard\libc_nano.a(lib_a-mprec.o)
                0x000000000800dbf8                __multiply
 .text.__pow5mult
                0x000000000800dd4c       0xb4 c:/st/stm32cubeide_1.12.1/stm32cubeide/plugins/com.st.stm32cube.ide.mcu.externaltools.gnu-tools-for-stm32.10.3-2021.10.win32_1.0.200.202301161003/tools/bin/../lib/gcc/arm-none-eabi/10.3.1/../../../../arm-none-eabi/lib/thumb/v7e-m+fp/hard\libc_nano.a(lib_a-mprec.o)
                0x000000000800dd4c                __pow5mult
 .text.__lshift
                0x000000000800de00       0xe0 c:/st/stm32cubeide_1.12.1/stm32cubeide/plugins/com.st.stm32cube.ide.mcu.externaltools.gnu-tools-for-stm32.10.3-2021.10.win32_1.0.200.202301161003/tools/bin/../lib/gcc/arm-none-eabi/10.3.1/../../../../arm-none-eabi/lib/thumb/v7e-m+fp/hard\libc_nano.a(lib_a-mprec.o)
                0x000000000800de00                __lshift
 .text.__mcmp   0x000000000800dee0       0x38 c:/st/stm32cubeide_1.12.1/stm32cubeide/plugins/com.st.stm32cube.ide.mcu.externaltools.gnu-tools-for-stm32.10.3-2021.10.win32_1.0.200.202301161003/tools/bin/../lib/gcc/arm-none-eabi/10.3.1/../../../../arm-none-eabi/lib/thumb/v7e-m+fp/hard\libc_nano.a(lib_a-mprec.o)
                0x000000000800dee0                __mcmp
 .text.__mdiff  0x000000000800df18      0x114 c:/st/stm32cubeide_1.12.1/stm32cubeide/plugins/com.st.stm32cube.ide.mcu.externaltools.gnu-tools-for-stm32.10.3-2021.10.win32_1.0.200.202301161003/tools/bin/../lib/gcc/arm-none-eabi/10.3.1/../../../../arm-none-eabi/lib/thumb/v7e-m+fp/hard\libc_nano.a(lib_a-mprec.o)
                0x000000000800df18                __mdiff
 .text.__ulp    0x000000000800e02c       0x58 c:/st/stm32cubeide_1.12.1/stm32cubeide/plugins/com.st.stm32cube.ide.mcu.externaltools.gnu-tools-for-stm32.10.3-2021.10.win32_1.0.200.202301161003/tools/bin/../lib/gcc/arm-none-eabi/10.3.1/../../../../arm-none-eabi/lib/thumb/v7e-m+fp/hard\libc_nano.a(lib_a-mprec.o)
                0x000000000800e02c                __ulp
 .text.__b2d    0x000000000800e084       0xa0 c:/st/stm32cubeide_1.12.1/stm32cubeide/plugins/com.st.stm32cube.ide.mcu.externaltools.gnu-tools-for-stm32.10.3-2021.10.win32_1.0.200.202301161003/tools/bin/../lib/gcc/arm-none-eabi/10.3.1/../../../../arm-none-eabi/lib/thumb/v7e-m+fp/hard\libc_nano.a(lib_a-mprec.o)
                0x000000000800e084                __b2d
 .text.__d2b    0x000000000800e124       0xb8 c:/st/stm32cubeide_1.12.1/stm32cubeide/plugins/com.st.stm32cube.ide.mcu.externaltools.gnu-tools-for-stm32.10.3-2021.10.win32_1.0.200.202301161003/tools/bin/../lib/gcc/arm-none-eabi/10.3.1/../../../../arm-none-eabi/lib/thumb/v7e-m+fp/hard\libc_nano.a(lib_a-mprec.o)
                0x000000000800e124                __d2b
 .text.__ratio  0x000000000800e1dc       0x66 c:/st/stm32cubeide_1.12.1/stm32cubeide/plugins/com.st.stm32cube.ide.mcu.externaltools.gnu-tools-for-stm32.10.3-2021.10.win32_1.0.200.202301161003/tools/bin/../lib/gcc/arm-none-eabi/10.3.1/../../../../arm-none-eabi/lib/thumb/v7e-m+fp/hard\libc_nano.a(lib_a-mprec.o)
                0x000000000800e1dc                __ratio
 .text.__copybits
                0x000000000800e242       0x46 c:/st/stm32cubeide_1.12.1/stm32cubeide/plugins/com.st.stm32cube.ide.mcu.externaltools.gnu-tools-for-stm32.10.3-2021.10.win32_1.0.200.202301161003/tools/bin/../lib/gcc/arm-none-eabi/10.3.1/../../../../arm-none-eabi/lib/thumb/v7e-m+fp/hard\libc_nano.a(lib_a-mprec.o)
                0x000000000800e242                __copybits
 .text.__any_on
                0x000000000800e288       0x42 c:/st/stm32cubeide_1.12.1/stm32cubeide/plugins/com.st.stm32cube.ide.mcu.externaltools.gnu-tools-for-stm32.10.3-2021.10.win32_1.0.200.202301161003/tools/bin/../lib/gcc/arm-none-eabi/10.3.1/../../../../arm-none-eabi/lib/thumb/v7e-m+fp/hard\libc_nano.a(lib_a-mprec.o)
                0x000000000800e288                __any_on
 .text._calloc_r
                0x000000000800e2ca       0x2c c:/st/stm32cubeide_1.12.1/stm32cubeide/plugins/com.st.stm32cube.ide.mcu.externaltools.gnu-tools-for-stm32.10.3-2021.10.win32_1.0.200.202301161003/tools/bin/../lib/gcc/arm-none-eabi/10.3.1/../../../../arm-none-eabi/lib/thumb/v7e-m+fp/hard\libc_nano.a(lib_a-nano-callocr.o)
                0x000000000800e2ca                _calloc_r
 .text.__ssputs_r
                0x000000000800e2f6       0xb6 c:/st/stm32cubeide_1.12.1/stm32cubeide/plugins/com.st.stm32cube.ide.mcu.externaltools.gnu-tools-for-stm32.10.3-2021.10.win32_1.0.200.202301161003/tools/bin/../lib/gcc/arm-none-eabi/10.3.1/../../../../arm-none-eabi/lib/thumb/v7e-m+fp/hard\libc_nano.a(lib_a-nano-svfprintf.o)
                0x000000000800e2f6                __ssputs_r
 .text._svfprintf_r
                0x000000000800e3ac      0x200 c:/st/stm32cubeide_1.12.1/stm32cubeide/plugins/com.st.stm32cube.ide.mcu.externaltools.gnu-tools-for-stm32.10.3-2021.10.win32_1.0.200.202301161003/tools/bin/../lib/gcc/arm-none-eabi/10.3.1/../../../../arm-none-eabi/lib/thumb/v7e-m+fp/hard\libc_nano.a(lib_a-nano-svfprintf.o)
                0x000000000800e3ac                _svfiprintf_r