Archive member included to satisfy reference by file (symbol)

c:/st/stm32cubeide_1.12.1/stm32cubeide/plugins/com.st.stm32cube.ide.mcu.externaltools.gnu-tools-for-stm32.10.3-2021.10.win32_1.0.200.202301161003/tools/bin/../lib/gcc/arm-none-eabi/10.3.1/../../../../arm-none-eabi/lib/thumb/v7e-m+fp/hard\libc_nano.a(lib_a-errno.o)
                              ./Src/bsp/syscalls.o (__errno)
c:/st/stm32cubeide_1.12.1/stm32cubeide/plugins/com.st.stm32cube.ide.mcu.externaltools.gnu-tools-for-stm32.10.3-2021.10.win32_1.0.200.202301161003/tools/bin/../lib/gcc/arm-none-eabi/10.3.1/../../../../arm-none-eabi/lib/thumb/v7e-m+fp/hard\libc_nano.a(lib_a-exit.o)
                              c:/st/stm32cubeide_1.12.1/stm32cubeide/plugins/com.st.stm32cube.ide.mcu.externaltools.gnu-tools-for-stm32.10.3-2021.10.win32_1.0.200.202301161003/tools/bin/../lib/gcc/arm-none-eabi/10.3.1/../../../../arm-none-eabi/lib/thumb/v7e-m+fp/hard/crt0.o (exit)
c:/st/stm32cubeide_1.12.1/stm32cubeide/plugins/com.st.stm32cube.ide.mcu.externaltools.gnu-tools-for-stm32.10.3-2021.10.win32_1.0.200.202301161003/tools/bin/../lib/gcc/arm-none-eabi/10.3.1/../../../../arm-none-eabi/lib/thumb/v7e-m+fp/hard\libc_nano.a(lib_a-impure.o)
                              c:/st/stm32cubeide_1.12.1/stm32cubeide/plugins/com.st.stm32cube.ide.mcu.externaltools.gnu-tools-for-stm32.10.3-2021.10.win32_1.0.200.202301161003/tools/bin/../lib/gcc/arm-none-eabi/10.3.1/../../../../arm-none-eabi/lib/thumb/v7e-m+fp/hard\libc_nano.a(lib_a-exit.o) (_global_impure_ptr)
c:/st/stm32cubeide_1.12.1/stm32cubeide/plugins/com.st.stm32cube.ide.mcu.externaltools.gnu-tools-for-stm32.10.3-2021.10.win32_1.0.200.202301161003/tools/bin/../lib/gcc/arm-none-eabi/10.3.1/../../../../arm-none-eabi/lib/thumb/v7e-m+fp/hard\libc_nano.a(lib_a-init.o)
                              c:/st/stm32cubeide_1.12.1/stm32cubeide/plugins/com.st.stm32cube.ide.mcu.externaltools.gnu-tools-for-stm32.10.3-2021.10.win32_1.0.200.202301161003/tools/bin/../lib/gcc/arm-none-eabi/10.3.1/../../../../arm-none-eabi/lib/thumb/v7e-m+fp/hard/crt0.o (__libc_init_array)
c:/st/stm32cubeide_1.12.1/stm32cubeide/plugins/com.st.stm32cube.ide.mcu.externaltools.gnu-tools-for-stm32.10.3-2021.10.win32_1.0.200.202301161003/tools/bin/../lib/gcc/arm-none-eabi/10.3.1/../../../../arm-none-eabi/lib/thumb/v7e-m+fp/hard\libc_nano.a(lib_a-malloc.o)
                              ./Src/lib/STM32F746NGH/Middlewares/ST/STM32_USB_Device_Library/Class/CDC/Src/usbd_cdc.o (malloc)
c:/st/stm32cubeide_1.12.1/stm32cubeide/plugins/com.st.stm32cube.ide.mcu.externaltools.gnu-tools-for-stm32.10.3-2021.10.win32_1.0.200.202301161003/tools/bin/../lib/gcc/arm-none-eabi/10.3.1/../../../../arm-none-eabi/lib/thumb/v7e-m+fp/hard\libc_nano.a(lib_a-memset.o)
                              c:/st/stm32cubeide_1.12.1/stm32cubeide/plugins/com.st.stm32cube.ide.mcu.externaltools.gnu-tools-for-stm32.10.3-2021.10.win32_1.0.200.202301161003/tools/bin/../lib/gcc/arm-none-eabi/10.3.1/../../../../arm-none-eabi/lib/thumb/v7e-m+fp/hard/crt0.o (memset)
c:/st/stm32cubeide_1.12.1/stm32cubeide/plugins/com.st.stm32cube.ide.mcu.externaltools.gnu-tools-for-stm32.10.3-2021.10.win32_1.0.200.202301161003/tools/bin/../lib/gcc/arm-none-eabi/10.3.1/../../../../arm-none-eabi/lib/thumb/v7e-m+fp/hard\libc_nano.a(lib_a-nano-freer.o)
                              c:/st/stm32cubeide_1.12.1/stm32cubeide/plugins/com.st.stm32cube.ide.mcu.externaltools.gnu-tools-for-stm32.10.3-2021.10.win32_1.0.200.202301161003/tools/bin/../lib/gcc/arm-none-eabi/10.3.1/../../../../arm-none-eabi/lib/thumb/v7e-m+fp/hard\libc_nano.a(lib_a-malloc.o) (_free_r)
c:/st/stm32cubeide_1.12.1/stm32cubeide/plugins/com.st.stm32cube.ide.mcu.externaltools.gnu-tools-for-stm32.10.3-2021.10.win32_1.0.200.202301161003/tools/bin/../lib/gcc/arm-none-eabi/10.3.1/../../../../arm-none-eabi/lib/thumb/v7e-m+fp/hard\libc_nano.a(lib_a-nano-mallocr.o)
                              c:/st/stm32cubeide_1.12.1/stm32cubeide/plugins/com.st.stm32cube.ide.mcu.externaltools.gnu-tools-for-stm32.10.3-2021.10.win32_1.0.200.202301161003/tools/bin/../lib/gcc/arm-none-eabi/10.3.1/../../../../arm-none-eabi/lib/thumb/v7e-m+fp/hard\libc_nano.a(lib_a-malloc.o) (_malloc_r)
c:/st/stm32cubeide_1.12.1/stm32cubeide/plugins/com.st.stm32cube.ide.mcu.externaltools.gnu-tools-for-stm32.10.3-2021.10.win32_1.0.200.202301161003/tools/bin/../lib/gcc/arm-none-eabi/10.3.1/../../../../arm-none-eabi/lib/thumb/v7e-m+fp/hard\libc_nano.a(lib_a-sbrkr.o)
                              c:/st/stm32cubeide_1.12.1/stm32cubeide/plugins/com.st.stm32cube.ide.mcu.externaltools.gnu-tools-for-stm32.10.3-2021.10.win32_1.0.200.202301161003/tools/bin/../lib/gcc/arm-none-eabi/10.3.1/../../../../arm-none-eabi/lib/thumb/v7e-m+fp/hard\libc_nano.a(lib_a-nano-mallocr.o) (_sbrk_r)
[...]
Memory Configuration

Name             Origin             Length             Attributes
RAM              0x0000000020000000 0x0000000000050000 xrw
FLASH            0x0000000008000000 0x0000000000100000 xr
*default*        0x0000000000000000 0xffffffffffffffff

Linker script and memory map

LOAD c:/st/stm32cubeide_1.12.1/stm32cubeide/plugins/com.st.stm32cube.ide.mcu.externaltools.gnu-tools-for-stm32.10.3-2021.10.win32_1.0.200.202301161003/tools/bin/../lib/gcc/arm-none-eabi/10.3.1/thumb/v7e-m+fp/hard/crti.o
LOAD c:/st/stm32cubeide_1.12.1/stm32cubeide/plugins/com.st.stm32cube.ide.mcu.externaltools.gnu-tools-for-stm32.10.3-2021.10.win32_1.0.200.202301161003/tools/bin/../lib/gcc/arm-none-eabi/10.3.1/thumb/v7e-m+fp/hard/crtbegin.o
LOAD c:/st/stm32cubeide_1.12.1/stm32cubeide/plugins/com.st.stm32cube.ide.mcu.externaltools.gnu-tools-for-stm32.10.3-2021.10.win32_1.0.200.202301161003/tools/bin/../lib/gcc/arm-none-eabi/10.3.1/../../../../arm-none-eabi/lib/thumb/v7e-m+fp/hard/crt0.o
LOAD ./Src/ap/ap.o
LOAD ./Src/bsp/bsp.o
LOAD ./Src/bsp/stm32f7xx_hal_msp.o
LOAD ./Src/bsp/stm32f7xx_it.o
LOAD ./Src/bsp/syscalls.o
LOAD ./Src/bsp/sysmem.o
LOAD ./Src/bsp/system_stm32f7xx.o
LOAD ./Src/bsp/startup/startup_stm32f746nghx.o
LOAD ./Src/hw/driver/led.o
LOAD ./Src/hw/driver/uart.o
LOAD ./Src/hw/hw.o
LOAD ./Src/lib/STM32F746NGH/Drivers/STM32F7xx_HAL_Driver/Src/stm32f7xx_hal.o
LOAD ./Src/lib/STM32F746NGH/Drivers/STM32F7xx_HAL_Driver/Src/stm32f7xx_hal_cortex.o
LOAD ./Src/lib/STM32F746NGH/Drivers/STM32F7xx_HAL_Driver/Src/stm32f7xx_hal_dma.o
LOAD ./Src/lib/STM32F746NGH/Drivers/STM32F7xx_HAL_Driver/Src/stm32f7xx_hal_dma_ex.o
LOAD ./Src/lib/STM32F746NGH/Drivers/STM32F7xx_HAL_Driver/Src/stm32f7xx_hal_exti.o
LOAD ./Src/lib/STM32F746NGH/Drivers/STM32F7xx_HAL_Driver/Src/stm32f7xx_hal_flash.o
LOAD ./Src/lib/STM32F746NGH/Drivers/STM32F7xx_HAL_Driver/Src/stm32f7xx_hal_flash_ex.o
LOAD ./Src/lib/STM32F746NGH/Drivers/STM32F7xx_HAL_Driver/Src/stm32f7xx_hal_gpio.o
LOAD ./Src/lib/STM32F746NGH/Drivers/STM32F7xx_HAL_Driver/Src/stm32f7xx_hal_i2c.o
LOAD ./Src/lib/STM32F746NGH/Drivers/STM32F7xx_HAL_Driver/Src/stm32f7xx_hal_i2c_ex.o
LOAD ./Src/lib/STM32F746NGH/Drivers/STM32F7xx_HAL_Driver/Src/stm32f7xx_hal_pcd.o
LOAD ./Src/lib/STM32F746NGH/Drivers/STM32F7xx_HAL_Driver/Src/stm32f7xx_hal_pcd_ex.o
LOAD ./Src/lib/STM32F746NGH/Drivers/STM32F7xx_HAL_Driver/Src/stm32f7xx_hal_pwr.o
LOAD ./Src/lib/STM32F746NGH/Drivers/STM32F7xx_HAL_Driver/Src/stm32f7xx_hal_pwr_ex.o
LOAD ./Src/lib/STM32F746NGH/Drivers/STM32F7xx_HAL_Driver/Src/stm32f7xx_hal_rcc.o
LOAD ./Src/lib/STM32F746NGH/Drivers/STM32F7xx_HAL_Driver/Src/stm32f7xx_hal_rcc_ex.o
LOAD ./Src/lib/STM32F746NGH/Drivers/STM32F7xx_HAL_Driver/Src/stm32f7xx_hal_tim.o
LOAD ./Src/lib/STM32F746NGH/Drivers/STM32F7xx_HAL_Driver/Src/stm32f7xx_hal_tim_ex.o
LOAD ./Src/lib/STM32F746NGH/Drivers/STM32F7xx_HAL_Driver/Src/stm32f7xx_ll_usb.o
LOAD ./Src/lib/STM32F746NGH/Middlewares/ST/STM32_USB_Device_Library/Class/CDC/Src/usbd_cdc.o
LOAD ./Src/lib/STM32F746NGH/Middlewares/ST/STM32_USB_Device_Library/Core/Src/usbd_core.o
LOAD ./Src/lib/STM32F746NGH/Middlewares/ST/STM32_USB_Device_Library/Core/Src/usbd_ctlreq.o
LOAD ./Src/lib/STM32F746NGH/Middlewares/ST/STM32_USB_Device_Library/Core/Src/usbd_ioreq.o
LOAD ./Src/lib/STM32F746NGH/USB_DEVICE/App/usb_device.o
LOAD ./Src/lib/STM32F746NGH/USB_DEVICE/App/usbd_cdc_if.o
LOAD ./Src/lib/STM32F746NGH/USB_DEVICE/App/usbd_desc.o
LOAD ./Src/lib/STM32F746NGH/USB_DEVICE/Target/usbd_conf.o
LOAD ./Src/main.o
START GROUP
LOAD c:/st/stm32cubeide_1.12.1/stm32cubeide/plugins/com.st.stm32cube.ide.mcu.externaltools.gnu-tools-for-stm32.10.3-2021.10.win32_1.0.200.202301161003/tools/bin/../lib/gcc/arm-none-eabi/10.3.1/../../../../arm-none-eabi/lib/thumb/v7e-m+fp/hard\libc_nano.a
LOAD c:/st/stm32cubeide_1.12.1/stm32cubeide/plugins/com.st.stm32cube.ide.mcu.externaltools.gnu-tools-for-stm32.10.3-2021.10.win32_1.0.200.202301161003/tools/bin/../lib/gcc/arm-none-eabi/10.3.1/../../../../arm-none-eabi/lib/thumb/v7e-m+fp/hard\libm.a
END GROUP
START GROUP
LOAD c:/st/stm32cubeide_1.12.1/stm32cubeide/plugins/com.st.stm32cube.ide.mcu.externaltools.gnu-tools-for-stm32.10.3-2021.10.win32_1.0.200.202301161003/tools/bin/../lib/gcc/arm-none-eabi/10.3.1/thumb/v7e-m+fp/hard\libgcc.a
LOAD c:/st/stm32cubeide_1.12.1/stm32cubeide/plugins/com.st.stm32cube.ide.mcu.externaltools.gnu-tools-for-stm32.10.3-2021.10.win32_1.0.200.202301161003/tools/bin/../lib/gcc/arm-none-eabi/10.3.1/../../../../arm-none-eabi/lib/thumb/v7e-m+fp/hard\libc_nano.a
END GROUP
START GROUP
LOAD c:/st/stm32cubeide_1.12.1/stm32cubeide/plugins/com.st.stm32cube.ide.mcu.externaltools.gnu-tools-for-stm32.10.3-2021.10.win32_1.0.200.202301161003/tools/bin/../lib/gcc/arm-none-eabi/10.3.1/thumb/v7e-m+fp/hard\libgcc.a
LOAD c:/st/stm32cubeide_1.12.1/stm32cubeide/plugins/com.st.stm32cube.ide.mcu.externaltools.gnu-tools-for-stm32.10.3-2021.10.win32_1.0.200.202301161003/tools/bin/../lib/gcc/arm-none-eabi/10.3.1/../../../../arm-none-eabi/lib/thumb/v7e-m+fp/hard\libc_nano.a
LOAD c:/st/stm32cubeide_1.12.1/stm32cubeide/plugins/com.st.stm32cube.ide.mcu.externaltools.gnu-tools-for-stm32.10.3-2021.10.win32_1.0.200.202301161003/tools/bin/../lib/gcc/arm-none-eabi/10.3.1/../../../../arm-none-eabi/lib/thumb/v7e-m+fp/hard\libnosys.a
END GROUP
START GROUP
LOAD c:/st/stm32cubeide_1.12.1/stm32cubeide/plugins/com.st.stm32cube.ide.mcu.externaltools.gnu-tools-for-stm32.10.3-2021.10.win32_1.0.200.202301161003/tools/bin/../lib/gcc/arm-none-eabi/10.3.1/thumb/v7e-m+fp/hard\libgcc.a
LOAD c:/st/stm32cubeide_1.12.1/stm32cubeide/plugins/com.st.stm32cube.ide.mcu.externaltools.gnu-tools-for-stm32.10.3-2021.10.win32_1.0.200.202301161003/tools/bin/../lib/gcc/arm-none-eabi/10.3.1/../../../../arm-none-eabi/lib/thumb/v7e-m+fp/hard\libc_nano.a
LOAD c:/st/stm32cubeide_1.12.1/stm32cubeide/plugins/com.st.stm32cube.ide.mcu.externaltools.gnu-tools-for-stm32.10.3-2021.10.win32_1.0.200.202301161003/tools/bin/../lib/gcc/arm-none-eabi/10.3.1/../../../../arm-none-eabi/lib/thumb/v7e-m+fp/hard\libnosys.a
END GROUP
LOAD c:/st/stm32cubeide_1.12.1/stm32cubeide/plugins/com.st.stm32cube.ide.mcu.externaltools.gnu-tools-for-stm32.10.3-2021.10.win32_1.0.200.202301161003/tools/bin/../lib/gcc/arm-none-eabi/10.3.1/thumb/v7e-m+fp/hard/crtend.o
LOAD c:/st/stm32cubeide_1.12.1/stm32cubeide/plugins/com.st.stm32cube.ide.mcu.externaltools.gnu-tools-for-stm32.10.3-2021.10.win32_1.0.200.202301161003/tools/bin/../lib/gcc/arm-none-eabi/10.3.1/thumb/v7e-m+fp/hard/crtn.o
                0x0000000020050000                _estack = (ORIGIN (RAM) + LENGTH (RAM))
                0x0000000000000200                _Min_Heap_Size = 0x200
                0x0000000000000400                _Min_Stack_Size = 0x400

.isr_vector     0x0000000008000000      0x1c8
                0x0000000008000000                . = ALIGN (0x4)
 *(.isr_vector)
 .isr_vector    0x0000000008000000      0x1c8 ./Src/bsp/startup/startup_stm32f746nghx.o
                0x0000000008000000                g_pfnVectors
                0x00000000080001c8                . = ALIGN (0x4)

.text           0x00000000080001d0     0x886c
                0x00000000080001d0                . = ALIGN (0x4)
 *(.text)
 .text          0x00000000080001d0       0x40 c:/st/stm32cubeide_1.12.1/stm32cubeide/plugins/com.st.stm32cube.ide.mcu.externaltools.gnu-tools-for-stm32.10.3-2021.10.win32_1.0.200.202301161003/tools/bin/../lib/gcc/arm-none-eabi/10.3.1/thumb/v7e-m+fp/hard/crtbegin.o
 .text          0x0000000008000210       0xa0 c:/st/stm32cubeide_1.12.1/stm32cubeide/plugins/com.st.stm32cube.ide.mcu.externaltools.gnu-tools-for-stm32.10.3-2021.10.win32_1.0.200.202301161003/tools/bin/../lib/gcc/arm-none-eabi/10.3.1/../../../../arm-none-eabi/lib/thumb/v7e-m+fp/hard\libc_nano.a(lib_a-memchr.o)
                0x0000000008000210                memchr
 .text          0x00000000080002b0       0x30 c:/st/stm32cubeide_1.12.1/stm32cubeide/plugins/com.st.stm32cube.ide.mcu.externaltools.gnu-tools-for-stm32.10.3-2021.10.win32_1.0.200.202301161003/tools/bin/../lib/gcc/arm-none-eabi/10.3.1/thumb/v7e-m+fp/hard\libgcc.a(_aeabi_uldivmod.o)
                0x00000000080002b0                __aeabi_uldivmod
 .text          0x00000000080002e0      0x2d0 c:/st/stm32cubeide_1.12.1/stm32cubeide/plugins/com.st.stm32cube.ide.mcu.externaltools.gnu-tools-for-stm32.10.3-2021.10.win32_1.0.200.202301161003/tools/bin/../lib/gcc/arm-none-eabi/10.3.1/thumb/v7e-m+fp/hard\libgcc.a(_udivmoddi4.o)
                0x00000000080002e0                __udivmoddi4
 .text          0x00000000080005b0        0x4 c:/st/stm32cubeide_1.12.1/stm32cubeide/plugins/com.st.stm32cube.ide.mcu.externaltools.gnu-tools-for-stm32.10.3-2021.10.win32_1.0.200.202301161003/tools/bin/../lib/gcc/arm-none-eabi/10.3.1/thumb/v7e-m+fp/hard\libgcc.a(_dvmd_tls.o)
                0x00000000080005b0                __aeabi_idiv0
                0x00000000080005b0                __aeabi_ldiv0
 *(.text*)
 .text.apInit   0x00000000080005b4       0x12 ./Src/ap/ap.o
                0x00000000080005b4                apInit
 *fill*         0x00000000080005c6        0x2 
 .text.apMain   0x00000000080005c8       0x7c ./Src/ap/ap.o
                0x00000000080005c8                apMain
 .text.bspInit  0x0000000008000644       0x84 ./Src/bsp/bsp.o
                0x0000000008000644                bspInit
 .text.millis   0x00000000080006c8        0xe ./Src/bsp/bsp.o
                0x00000000080006c8                millis
 *fill*         0x00000000080006d6        0x2 
 .text.SystemClock_Config
                0x00000000080006d8       0xe0 ./Src/bsp/bsp.o
                0x00000000080006d8                SystemClock_Config
 .text.MPU_Config
                0x00000000080007b8       0x58 ./Src/bsp/bsp.o
                0x00000000080007b8                MPU_Config
 .text.Error_Handler
                0x0000000008000810        0xa ./Src/bsp/bsp.o
                0x0000000008000810                Error_Handler
 *fill*         0x000000000800081a        0x2 
 .text.HAL_MspInit
                0x000000000800081c       0x48 ./Src/bsp/stm32f7xx_hal_msp.o
                0x000000000800081c                HAL_MspInit
 .text.NMI_Handler
                0x0000000008000864        0x6 ./Src/bsp/stm32f7xx_it.o
                0x0000000008000864                NMI_Handler
 .text.HardFault_Handler
                0x000000000800086a        0x6 ./Src/bsp/stm32f7xx_it.o
                0x000000000800086a                HardFault_Handler
 .text.MemManage_Handler
                0x0000000008000870        0x6 ./Src/bsp/stm32f7xx_it.o
                0x0000000008000870                MemManage_Handler
 .text.BusFault_Handler
                0x0000000008000876        0x6 ./Src/bsp/stm32f7xx_it.o
                0x0000000008000876                BusFault_Handler
 .text.UsageFault_Handler
                0x000000000800087c        0x6 ./Src/bsp/stm32f7xx_it.o
                0x000000000800087c                UsageFault_Handler
 .text.SVC_Handler
                0x0000000008000882        0xe ./Src/bsp/stm32f7xx_it.o
                0x0000000008000882                SVC_Handler
 .text.DebugMon_Handler
                0x0000000008000890        0xe ./Src/bsp/stm32f7xx_it.o
                0x0000000008000890                DebugMon_Handler
 .text.PendSV_Handler
                0x000000000800089e        0xe ./Src/bsp/stm32f7xx_it.o
                0x000000000800089e                PendSV_Handler
 .text.SysTick_Handler
                0x00000000080008ac        0xc ./Src/bsp/stm32f7xx_it.o
                0x00000000080008ac                SysTick_Handler
 .text.OTG_FS_IRQHandler
                0x00000000080008b8       0x14 ./Src/bsp/stm32f7xx_it.o
                0x00000000080008b8                OTG_FS_IRQHandler
 .text._sbrk    0x00000000080008cc       0x6c ./Src/bsp/sysmem.o
                0x00000000080008cc                _sbrk
 .text.SystemInit
                0x0000000008000938       0x24 ./Src/bsp/system_stm32f7xx.o
                0x0000000008000938                SystemInit
 .text.Reset_Handler
                0x000000000800095c       0x50 ./Src/bsp/startup/startup_stm32f746nghx.o
                0x000000000800095c                Reset_Handler
 .text.Default_Handler
                0x00000000080009ac        0x2 ./Src/bsp/startup/startup_stm32f746nghx.o
                0x00000000080009ac                HASH_RNG_IRQHandler
                0x00000000080009ac                EXTI2_IRQHandler
                0x00000000080009ac                TIM8_CC_IRQHandler
                0x00000000080009ac                UART8_IRQHandler
                0x00000000080009ac                SPI4_IRQHandler
                0x00000000080009ac                TIM1_CC_IRQHandler
                0x00000000080009ac                QuadSPI_IRQHandler
                0x00000000080009ac                DMA2_Stream5_IRQHandler
                0x00000000080009ac                DMA1_Stream5_IRQHandler
                0x00000000080009ac                PVD_IRQHandler
                0x00000000080009ac                TAMP_STAMP_IRQHandler
                0x00000000080009ac                CAN2_RX1_IRQHandler
                0x00000000080009ac                EXTI3_IRQHandler
                0x00000000080009ac                TIM8_TRG_COM_TIM14_IRQHandler
                0x00000000080009ac                TIM1_UP_TIM10_IRQHandler
                0x00000000080009ac                TIM8_UP_TIM13_IRQHandler
                0x00000000080009ac                I2C3_ER_IRQHandler
                0x00000000080009ac                LCD_TFT_IRQHandler
                0x00000000080009ac                EXTI0_IRQHandler
                0x00000000080009ac                I2C2_EV_IRQHandler
                0x00000000080009ac                DMA1_Stream2_IRQHandler
                0x00000000080009ac                CAN1_RX0_IRQHandler
                0x00000000080009ac                OTG_HS_WKUP_IRQHandler
                0x00000000080009ac                LTDC_ER_IRQHandler
                0x00000000080009ac                CAN2_SCE_IRQHandler
                0x00000000080009ac                DMA2_Stream2_IRQHandler
                0x00000000080009ac                SPI1_IRQHandler
                0x00000000080009ac                TIM6_DAC_IRQHandler
                0x00000000080009ac                TIM1_BRK_TIM9_IRQHandler
                0x00000000080009ac                DCMI_IRQHandler
                0x00000000080009ac                CAN2_RX0_IRQHandler
                0x00000000080009ac                DMA2_Stream3_IRQHandler
                0x00000000080009ac                RTC_ALARM_IRQHandler
                0x00000000080009ac                SAI2_IRQHandler
                0x00000000080009ac                USART6_IRQHandler
                0x00000000080009ac                USART3_IRQHandler
                0x00000000080009ac                CRYP_IRQHandler
                0x00000000080009ac                CAN1_RX1_IRQHandler
                0x00000000080009ac                UART5_IRQHandler
                0x00000000080009ac                DMA2_Stream0_IRQHandler
                0x00000000080009ac                TIM4_IRQHandler
                0x00000000080009ac                I2C1_EV_IRQHandler
                0x00000000080009ac                HDMI_CEC_IRQHandler
                0x00000000080009ac                DMA1_Stream6_IRQHandler
                0x00000000080009ac                DMA1_Stream1_IRQHandler
                0x00000000080009ac                UART4_IRQHandler
                0x00000000080009ac                TIM3_IRQHandler
                0x00000000080009ac                RCC_IRQHandler
                0x00000000080009ac                TIM8_BRK_TIM12_IRQHandler
                0x00000000080009ac                Default_Handler
                0x00000000080009ac                EXTI15_10_IRQHandler
                0x00000000080009ac                ADC_IRQHandler
                0x00000000080009ac                DMA1_Stream7_IRQHandler
                0x00000000080009ac                SPI5_IRQHandler
                0x00000000080009ac                LPTimer1_IRQHandler
                0x00000000080009ac                TIM7_IRQHandler
                0x00000000080009ac                SDMMC1_IRQHandler
                0x00000000080009ac                CAN2_TX_IRQHandler
                0x00000000080009ac                TIM5_IRQHandler
                0x00000000080009ac                DMA2_Stream7_IRQHandler
                0x00000000080009ac                I2C3_EV_IRQHandler
                0x00000000080009ac                EXTI9_5_IRQHandler
                0x00000000080009ac                RTC_WKUP_IRQHandler
                0x00000000080009ac                ETH_WKUP_IRQHandler
                0x00000000080009ac                SPI2_IRQHandler
                0x00000000080009ac                OTG_HS_EP1_IN_IRQHandler
                0x00000000080009ac                DMA1_Stream0_IRQHandler
                0x00000000080009ac                CAN1_TX_IRQHandler
                0x00000000080009ac                EXTI4_IRQHandler
                0x00000000080009ac                ETH_IRQHandler
                0x00000000080009ac                OTG_HS_EP1_OUT_IRQHandler
                0x00000000080009ac                WWDG_IRQHandler
                0x00000000080009ac                SPI6_IRQHandler
                0x00000000080009ac                I2C4_EV_IRQHandler
                0x00000000080009ac                TIM2_IRQHandler
                0x00000000080009ac                OTG_FS_WKUP_IRQHandler
                0x00000000080009ac                TIM1_TRG_COM_TIM11_IRQHandler
                0x00000000080009ac                OTG_HS_IRQHandler
                0x00000000080009ac                DMA2D_IRQHandler
                0x00000000080009ac                EXTI1_IRQHandler
                0x00000000080009ac                UART7_IRQHandler
                0x00000000080009ac                USART2_IRQHandler
                0x00000000080009ac                I2C2_ER_IRQHandler
                0x00000000080009ac                SPDIFRX_IRQHandler
                0x00000000080009ac                DMA2_Stream1_IRQHandler
                0x00000000080009ac                CAN1_SCE_IRQHandler
                0x00000000080009ac                FLASH_IRQHandler
                0x00000000080009ac                DMA2_Stream4_IRQHandler
                0x00000000080009ac                USART1_IRQHandler
                0x00000000080009ac                SPI3_IRQHandler
                0x00000000080009ac                DMA1_Stream4_IRQHandler
                0x00000000080009ac                I2C1_ER_IRQHandler
                0x00000000080009ac                FMC_IRQHandler
                0x00000000080009ac                I2C4_ER_IRQHandler
                0x00000000080009ac                DMA2_Stream6_IRQHandler
                0x00000000080009ac                SAI1_IRQHandler
                0x00000000080009ac                DMA1_Stream3_IRQHandler
 *fill*         0x00000000080009ae        0x2 
 .text.ledInit  0x00000000080009b0       0x6c ./Src/hw/driver/led.o
                0x00000000080009b0                ledInit
 .text.ledOff   0x0000000008000a1c       0x40 ./Src/hw/driver/led.o
                0x0000000008000a1c                ledOff
 .text.ledToggle
                0x0000000008000a5c       0x38 ./Src/hw/driver/led.o
                0x0000000008000a5c                ledToggle
 .text.uartInit
                0x0000000008000a94       0x34 ./Src/hw/driver/uart.o
                0x0000000008000a94                uartInit
 .text.uartOpen
                0x0000000008000ac8       0x38 ./Src/hw/driver/uart.o
                0x0000000008000ac8                uartOpen
 .text.uartAvailable
                0x0000000008000b00       0x26 ./Src/hw/driver/uart.o
                0x0000000008000b00                uartAvailable
 .text.uartRead
                0x0000000008000b26       0x24 ./Src/hw/driver/uart.o
                0x0000000008000b26                uartRead
 .text.uartWrite
                0x0000000008000b4a       0x2a ./Src/hw/driver/uart.o
                0x0000000008000b4a                uartWrite
 .text.uartPrintf
                0x0000000008000b74       0x70 ./Src/hw/driver/uart.o
                0x0000000008000b74                uartPrintf
 .text.uartGetBaud
                0x0000000008000be4       0x26 ./Src/hw/driver/uart.o
                0x0000000008000be4                uartGetBaud
 .text.hwInit   0x0000000008000c0a       0x14 ./Src/hw/hw.o
                0x0000000008000c0a                hwInit
 .text.HAL_Init
                0x0000000008000c1e       0x1a ./Src/lib/STM32F746NGH/Drivers/STM32F7xx_HAL_Driver/Src/stm32f7xx_hal.o
                0x0000000008000c1e                HAL_Init
 .text.HAL_InitTick
                0x0000000008000c38       0x60 ./Src/lib/STM32F746NGH/Drivers/STM32F7xx_HAL_Driver/Src/stm32f7xx_hal.o
                0x0000000008000c38                HAL_InitTick
 .text.HAL_IncTick
                0x0000000008000c98       0x28 ./Src/lib/STM32F746NGH/Drivers/STM32F7xx_HAL_Driver/Src/stm32f7xx_hal.o
                0x0000000008000c98                HAL_IncTick
 .text.HAL_GetTick
                0x0000000008000cc0       0x18 ./Src/lib/STM32F746NGH/Drivers/STM32F7xx_HAL_Driver/Src/stm32f7xx_hal.o
                0x0000000008000cc0                HAL_GetTick
 .text.HAL_Delay
                0x0000000008000cd8       0x48 ./Src/lib/STM32F746NGH/Drivers/STM32F7xx_HAL_Driver/Src/stm32f7xx_hal.o
                0x0000000008000cd8                HAL_Delay
 .text.__NVIC_SetPriorityGrouping
                0x0000000008000d20       0x48 ./Src/lib/STM32F746NGH/Drivers/STM32F7xx_HAL_Driver/Src/stm32f7xx_hal_cortex.o
 .text.__NVIC_GetPriorityGrouping
                0x0000000008000d68       0x1c ./Src/lib/STM32F746NGH/Drivers/STM32F7xx_HAL_Driver/Src/stm32f7xx_hal_cortex.o
 .text.__NVIC_EnableIRQ
                0x0000000008000d84       0x3c ./Src/lib/STM32F746NGH/Drivers/STM32F7xx_HAL_Driver/Src/stm32f7xx_hal_cortex.o
 .text.__NVIC_SetPriority
                0x0000000008000dc0       0x54 ./Src/lib/STM32F746NGH/Drivers/STM32F7xx_HAL_Driver/Src/stm32f7xx_hal_cortex.o
 .text.NVIC_EncodePriority
                0x0000000008000e14       0x66 ./Src/lib/STM32F746NGH/Drivers/STM32F7xx_HAL_Driver/Src/stm32f7xx_hal_cortex.o
 *fill*         0x0000000008000e7a        0x2 
 .text.SysTick_Config
                0x0000000008000e7c       0x44 ./Src/lib/STM32F746NGH/Drivers/STM32F7xx_HAL_Driver/Src/stm32f7xx_hal_cortex.o
 .text.HAL_NVIC_SetPriorityGrouping
                0x0000000008000ec0       0x16 ./Src/lib/STM32F746NGH/Drivers/STM32F7xx_HAL_Driver/Src/stm32f7xx_hal_cortex.o
                0x0000000008000ec0                HAL_NVIC_SetPriorityGrouping
 .text.HAL_NVIC_SetPriority
                0x0000000008000ed6       0x38 ./Src/lib/STM32F746NGH/Drivers/STM32F7xx_HAL_Driver/Src/stm32f7xx_hal_cortex.o
                0x0000000008000ed6                HAL_NVIC_SetPriority
 .text.HAL_NVIC_EnableIRQ
                0x0000000008000f0e       0x1c ./Src/lib/STM32F746NGH/Drivers/STM32F7xx_HAL_Driver/Src/stm32f7xx_hal_cortex.o
                0x0000000008000f0e                HAL_NVIC_EnableIRQ
 .text.HAL_SYSTICK_Config
                0x0000000008000f2a       0x18 ./Src/lib/STM32F746NGH/Drivers/STM32F7xx_HAL_Driver/Src/stm32f7xx_hal_cortex.o
                0x0000000008000f2a                HAL_SYSTICK_Config
 *fill*         0x0000000008000f42        0x2 
 .text.HAL_MPU_Disable
                0x0000000008000f44       0x30 ./Src/lib/STM32F746NGH/Drivers/STM32F7xx_HAL_Driver/Src/stm32f7xx_hal_cortex.o
                0x0000000008000f44                HAL_MPU_Disable
 .text.HAL_MPU_Enable
                0x0000000008000f74       0x40 ./Src/lib/STM32F746NGH/Drivers/STM32F7xx_HAL_Driver/Src/stm32f7xx_hal_cortex.o
                0x0000000008000f74                HAL_MPU_Enable
 .text.HAL_MPU_ConfigRegion
                0x0000000008000fb4       0x88 ./Src/lib/STM32F746NGH/Drivers/STM32F7xx_HAL_Driver/Src/stm32f7xx_hal_cortex.o
                0x0000000008000fb4                HAL_MPU_ConfigRegion
 .text.HAL_GPIO_Init
                0x000000000800103c      0x358 ./Src/lib/STM32F746NGH/Drivers/STM32F7xx_HAL_Driver/Src/stm32f7xx_hal_gpio.o
                0x000000000800103c                HAL_GPIO_Init
 .text.HAL_GPIO_WritePin
                0x0000000008001394       0x32 ./Src/lib/STM32F746NGH/Drivers/STM32F7xx_HAL_Driver/Src/stm32f7xx_hal_gpio.o
                0x0000000008001394                HAL_GPIO_WritePin
 .text.HAL_GPIO_TogglePin
                0x00000000080013c6       0x34 ./Src/lib/STM32F746NGH/Drivers/STM32F7xx_HAL_Driver/Src/stm32f7xx_hal_gpio.o
                0x00000000080013c6                HAL_GPIO_TogglePin
 .text.HAL_PCD_Init
                0x00000000080013fa      0x248 ./Src/lib/STM32F746NGH/Drivers/STM32F7xx_HAL_Driver/Src/stm32f7xx_hal_pcd.o
                0x00000000080013fa                HAL_PCD_Init
 .text.HAL_PCD_Start
                0x0000000008001642       0x44 ./Src/lib/STM32F746NGH/Drivers/STM32F7xx_HAL_Driver/Src/stm32f7xx_hal_pcd.o
                0x0000000008001642                HAL_PCD_Start
 .text.HAL_PCD_IRQHandler
                0x0000000008001686      0x998 ./Src/lib/STM32F746NGH/Drivers/STM32F7xx_HAL_Driver/Src/stm32f7xx_hal_pcd.o
                0x0000000008001686                HAL_PCD_IRQHandler
 .text.HAL_PCD_SetAddress
                0x000000000800201e       0x4a ./Src/lib/STM32F746NGH/Drivers/STM32F7xx_HAL_Driver/Src/stm32f7xx_hal_pcd.o
                0x000000000800201e                HAL_PCD_SetAddress
 .text.HAL_PCD_EP_Open
                0x0000000008002068       0xd0 ./Src/lib/STM32F746NGH/Drivers/STM32F7xx_HAL_Driver/Src/stm32f7xx_hal_pcd.o
                0x0000000008002068                HAL_PCD_EP_Open
 .text.HAL_PCD_EP_Close
                0x0000000008002138       0x94 ./Src/lib/STM32F746NGH/Drivers/STM32F7xx_HAL_Driver/Src/stm32f7xx_hal_pcd.o
                0x0000000008002138                HAL_PCD_EP_Close
 .text.HAL_PCD_EP_Receive
                0x00000000080021cc       0x96 ./Src/lib/STM32F746NGH/Drivers/STM32F7xx_HAL_Driver/Src/stm32f7xx_hal_pcd.o
                0x00000000080021cc                HAL_PCD_EP_Receive
 .text.HAL_PCD_EP_GetRxCount
                0x0000000008002262       0x30 ./Src/lib/STM32F746NGH/Drivers/STM32F7xx_HAL_Driver/Src/stm32f7xx_hal_pcd.o
                0x0000000008002262                HAL_PCD_EP_GetRxCount
 .text.HAL_PCD_EP_Transmit
                0x0000000008002292       0x94 ./Src/lib/STM32F746NGH/Drivers/STM32F7xx_HAL_Driver/Src/stm32f7xx_hal_pcd.o
                0x0000000008002292                HAL_PCD_EP_Transmit
 .text.HAL_PCD_EP_SetStall
                0x0000000008002326       0xc8 ./Src/lib/STM32F746NGH/Drivers/STM32F7xx_HAL_Driver/Src/stm32f7xx_hal_pcd.o
                0x0000000008002326                HAL_PCD_EP_SetStall
 .text.HAL_PCD_EP_ClrStall
                0x00000000080023ee       0xac ./Src/lib/STM32F746NGH/Drivers/STM32F7xx_HAL_Driver/Src/stm32f7xx_hal_pcd.o
                0x00000000080023ee                HAL_PCD_EP_ClrStall
 .text.HAL_PCD_EP_Abort
                0x000000000800249a       0x62 ./Src/lib/STM32F746NGH/Drivers/STM32F7xx_HAL_Driver/Src/stm32f7xx_hal_pcd.o
                0x000000000800249a                HAL_PCD_EP_Abort
 .text.PCD_WriteEmptyTxFifo
                0x00000000080024fc      0x11a ./Src/lib/STM32F746NGH/Drivers/STM32F7xx_HAL_Driver/Src/stm32f7xx_hal_pcd.o
 *fill*         0x0000000008002616        0x2 
 .text.PCD_EP_OutXfrComplete_int
                0x0000000008002618      0x1d0 ./Src/lib/STM32F746NGH/Drivers/STM32F7xx_HAL_Driver/Src/stm32f7xx_hal_pcd.o
 .text.PCD_EP_OutSetupPacket_int
                0x00000000080027e8       0x8c ./Src/lib/STM32F746NGH/Drivers/STM32F7xx_HAL_Driver/Src/stm32f7xx_hal_pcd.o
 .text.HAL_PCDEx_SetTxFiFo
                0x0000000008002874       0x8e ./Src/lib/STM32F746NGH/Drivers/STM32F7xx_HAL_Driver/Src/stm32f7xx_hal_pcd_ex.o
                0x0000000008002874                HAL_PCDEx_SetTxFiFo
 .text.HAL_PCDEx_SetRxFiFo
                0x0000000008002902       0x22 ./Src/lib/STM32F746NGH/Drivers/STM32F7xx_HAL_Driver/Src/stm32f7xx_hal_pcd_ex.o
                0x0000000008002902                HAL_PCDEx_SetRxFiFo
 .text.HAL_PCDEx_ActivateLPM
                0x0000000008002924       0x48 ./Src/lib/STM32F746NGH/Drivers/STM32F7xx_HAL_Driver/Src/stm32f7xx_hal_pcd_ex.o
                0x0000000008002924                HAL_PCDEx_ActivateLPM
 .text.HAL_PWR_EnableBkUpAccess
                0x000000000800296c       0x20 ./Src/lib/STM32F746NGH/Drivers/STM32F7xx_HAL_Driver/Src/stm32f7xx_hal_pwr.o
                0x000000000800296c                HAL_PWR_EnableBkUpAccess
 .text.HAL_PWREx_EnableOverDrive
                0x000000000800298c       0xa0 ./Src/lib/STM32F746NGH/Drivers/STM32F7xx_HAL_Driver/Src/stm32f7xx_hal_pwr_ex.o
                0x000000000800298c                HAL_PWREx_EnableOverDrive
 .text.HAL_RCC_OscConfig
                0x0000000008002a2c      0x548 ./Src/lib/STM32F746NGH/Drivers/STM32F7xx_HAL_Driver/Src/stm32f7xx_hal_rcc.o
                0x0000000008002a2c                HAL_RCC_OscConfig
 .text.HAL_RCC_ClockConfig
                0x0000000008002f74      0x1d8 ./Src/lib/STM32F746NGH/Drivers/STM32F7xx_HAL_Driver/Src/stm32f7xx_hal_rcc.o
                0x0000000008002f74                HAL_RCC_ClockConfig
 .text.HAL_RCC_GetSysClockFreq
                0x000000000800314c      0x18c ./Src/lib/STM32F746NGH/Drivers/STM32F7xx_HAL_Driver/Src/stm32f7xx_hal_rcc.o
                0x000000000800314c                HAL_RCC_GetSysClockFreq
 .text.HAL_RCC_GetHCLKFreq
                0x00000000080032d8       0x18 ./Src/lib/STM32F746NGH/Drivers/STM32F7xx_HAL_Driver/Src/stm32f7xx_hal_rcc.o
                0x00000000080032d8                HAL_RCC_GetHCLKFreq
 .text.HAL_RCCEx_PeriphCLKConfig
                0x00000000080032f0      0x7e0 ./Src/lib/STM32F746NGH/Drivers/STM32F7xx_HAL_Driver/Src/stm32f7xx_hal_rcc_ex.o
                0x00000000080032f0                HAL_RCCEx_PeriphCLKConfig
 .text.USB_CoreInit
                0x0000000008003ad0       0xb0 ./Src/lib/STM32F746NGH/Drivers/STM32F7xx_HAL_Driver/Src/stm32f7xx_ll_usb.o
                0x0000000008003ad0                USB_CoreInit
 .text.USB_SetTurnaroundTime
                0x0000000008003b80      0x144 ./Src/lib/STM32F746NGH/Drivers/STM32F7xx_HAL_Driver/Src/stm32f7xx_ll_usb.o
                0x0000000008003b80                USB_SetTurnaroundTime
 .text.USB_EnableGlobalInt
                0x0000000008003cc4       0x22 ./Src/lib/STM32F746NGH/Drivers/STM32F7xx_HAL_Driver/Src/stm32f7xx_ll_usb.o
                0x0000000008003cc4                USB_EnableGlobalInt
 .text.USB_DisableGlobalInt
                0x0000000008003ce6       0x22 ./Src/lib/STM32F746NGH/Drivers/STM32F7xx_HAL_Driver/Src/stm32f7xx_ll_usb.o
                0x0000000008003ce6                USB_DisableGlobalInt
 .text.USB_SetCurrentMode
                0x0000000008003d08       0x98 ./Src/lib/STM32F746NGH/Drivers/STM32F7xx_HAL_Driver/Src/stm32f7xx_ll_usb.o
                0x0000000008003d08                USB_SetCurrentMode
 .text.USB_DevInit
                0x0000000008003da0      0x2bc ./Src/lib/STM32F746NGH/Drivers/STM32F7xx_HAL_Driver/Src/stm32f7xx_ll_usb.o
                0x0000000008003da0                USB_DevInit
 .text.USB_FlushTxFifo
                0x000000000800405c       0x68 ./Src/lib/STM32F746NGH/Drivers/STM32F7xx_HAL_Driver/Src/stm32f7xx_ll_usb.o
                0x000000000800405c                USB_FlushTxFifo
 .text.USB_FlushRxFifo
                0x00000000080040c4       0x60 ./Src/lib/STM32F746NGH/Drivers/STM32F7xx_HAL_Driver/Src/stm32f7xx_ll_usb.o
                0x00000000080040c4                USB_FlushRxFifo
 .text.USB_SetDevSpeed
                0x0000000008004124       0x32 ./Src/lib/STM32F746NGH/Drivers/STM32F7xx_HAL_Driver/Src/stm32f7xx_ll_usb.o
                0x0000000008004124                USB_SetDevSpeed
 .text.USB_GetDevSpeed
                0x0000000008004156       0x4a ./Src/lib/STM32F746NGH/Drivers/STM32F7xx_HAL_Driver/Src/stm32f7xx_ll_usb.o
                0x0000000008004156                USB_GetDevSpeed
 .text.USB_ActivateEndpoint
                0x00000000080041a0      0x110 ./Src/lib/STM32F746NGH/Drivers/STM32F7xx_HAL_Driver/Src/stm32f7xx_ll_usb.o
                0x00000000080041a0                USB_ActivateEndpoint
 .text.USB_DeactivateEndpoint
                0x00000000080042b0      0x1b8 ./Src/lib/STM32F746NGH/Drivers/STM32F7xx_HAL_Driver/Src/stm32f7xx_ll_usb.o
                0x00000000080042b0                USB_DeactivateEndpoint
 .text.USB_EPStartXfer
                0x0000000008004468      0x4a0 ./Src/lib/STM32F746NGH/Drivers/STM32F7xx_HAL_Driver/Src/stm32f7xx_ll_usb.o
                0x0000000008004468                USB_EPStartXfer
 .text.USB_EP0StartXfer
                0x0000000008004908      0x2b8 ./Src/lib/STM32F746NGH/Drivers/STM32F7xx_HAL_Driver/Src/stm32f7xx_ll_usb.o
                0x0000000008004908                USB_EP0StartXfer
 .text.USB_EPStopXfer
                0x0000000008004bc0      0x154 ./Src/lib/STM32F746NGH/Drivers/STM32F7xx_HAL_Driver/Src/stm32f7xx_ll_usb.o
                0x0000000008004bc0                USB_EPStopXfer
 .text.USB_WritePacket
                0x0000000008004d14       0x7c ./Src/lib/STM32F746NGH/Drivers/STM32F7xx_HAL_Driver/Src/stm32f7xx_ll_usb.o
                0x0000000008004d14                USB_WritePacket
 .text.USB_ReadPacket
                0x0000000008004d90       0xb0 ./Src/lib/STM32F746NGH/Drivers/STM32F7xx_HAL_Driver/Src/stm32f7xx_ll_usb.o
                0x0000000008004d90                USB_ReadPacket
 .text.USB_EPSetStall
                0x0000000008004e40       0xdc ./Src/lib/STM32F746NGH/Drivers/STM32F7xx_HAL_Driver/Src/stm32f7xx_ll_usb.o
                0x0000000008004e40                USB_EPSetStall
 .text.USB_EPClearStall
                0x0000000008004f1c       0xcc ./Src/lib/STM32F746NGH/Drivers/STM32F7xx_HAL_Driver/Src/stm32f7xx_ll_usb.o
                0x0000000008004f1c                USB_EPClearStall
 .text.USB_SetDevAddress
                0x0000000008004fe8       0x4c ./Src/lib/STM32F746NGH/Drivers/STM32F7xx_HAL_Driver/Src/stm32f7xx_ll_usb.o
                0x0000000008004fe8                USB_SetDevAddress
 .text.USB_DevConnect
                0x0000000008005034       0x42 ./Src/lib/STM32F746NGH/Drivers/STM32F7xx_HAL_Driver/Src/stm32f7xx_ll_usb.o
                0x0000000008005034                USB_DevConnect
 .text.USB_DevDisconnect
                0x0000000008005076       0x42 ./Src/lib/STM32F746NGH/Drivers/STM32F7xx_HAL_Driver/Src/stm32f7xx_ll_usb.o
                0x0000000008005076                USB_DevDisconnect
 .text.USB_ReadInterrupts
                0x00000000080050b8       0x26 ./Src/lib/STM32F746NGH/Drivers/STM32F7xx_HAL_Driver/Src/stm32f7xx_ll_usb.o
                0x00000000080050b8                USB_ReadInterrupts
 .text.USB_ReadDevAllOutEpInterrupt
                0x00000000080050de       0x34 ./Src/lib/STM32F746NGH/Drivers/STM32F7xx_HAL_Driver/Src/stm32f7xx_ll_usb.o
                0x00000000080050de                USB_ReadDevAllOutEpInterrupt
 .text.USB_ReadDevAllInEpInterrupt
                0x0000000008005112       0x34 ./Src/lib/STM32F746NGH/Drivers/STM32F7xx_HAL_Driver/Src/stm32f7xx_ll_usb.o
                0x0000000008005112                USB_ReadDevAllInEpInterrupt
 .text.USB_ReadDevOutEPInterrupt
                0x0000000008005146       0x3c ./Src/lib/STM32F746NGH/Drivers/STM32F7xx_HAL_Driver/Src/stm32f7xx_ll_usb.o
                0x0000000008005146                USB_ReadDevOutEPInterrupt
 .text.USB_ReadDevInEPInterrupt
                0x0000000008005182       0x5c ./Src/lib/STM32F746NGH/Drivers/STM32F7xx_HAL_Driver/Src/stm32f7xx_ll_usb.o
                0x0000000008005182                USB_ReadDevInEPInterrupt
 .text.USB_GetMode
                0x00000000080051de       0x1c ./Src/lib/STM32F746NGH/Drivers/STM32F7xx_HAL_Driver/Src/stm32f7xx_ll_usb.o
                0x00000000080051de                USB_GetMode
 *fill*         0x00000000080051fa        0x2 
 .text.USB_ActivateSetup
                0x00000000080051fc       0x48 ./Src/lib/STM32F746NGH/Drivers/STM32F7xx_HAL_Driver/Src/stm32f7xx_ll_usb.o
                0x00000000080051fc                USB_ActivateSetup
 .text.USB_EP0_OutStart
                0x0000000008005244       0xbc ./Src/lib/STM32F746NGH/Drivers/STM32F7xx_HAL_Driver/Src/stm32f7xx_ll_usb.o
                0x0000000008005244                USB_EP0_OutStart
 .text.USB_CoreReset
                0x0000000008005300       0x68 ./Src/lib/STM32F746NGH/Drivers/STM32F7xx_HAL_Driver/Src/stm32f7xx_ll_usb.o
 .text.USBD_CDC_Init
                0x0000000008005368      0x1f0 ./Src/lib/STM32F746NGH/Middlewares/ST/STM32_USB_Device_Library/Class/CDC/Src/usbd_cdc.o
 .text.USBD_CDC_DeInit
                0x0000000008005558      0x104 ./Src/lib/STM32F746NGH/Middlewares/ST/STM32_USB_Device_Library/Class/CDC/Src/usbd_cdc.o
 .text.USBD_CDC_Setup
                0x000000000800565c      0x1b8 ./Src/lib/STM32F746NGH/Middlewares/ST/STM32_USB_Device_Library/Class/CDC/Src/usbd_cdc.o
 .text.USBD_CDC_DataIn
                0x0000000008005814       0xfe ./Src/lib/STM32F746NGH/Middlewares/ST/STM32_USB_Device_Library/Class/CDC/Src/usbd_cdc.o
 .text.USBD_CDC_DataOut
                0x0000000008005912       0x70 ./Src/lib/STM32F746NGH/Middlewares/ST/STM32_USB_Device_Library/Class/CDC/Src/usbd_cdc.o
 .text.USBD_CDC_EP0_RxReady
                0x0000000008005982       0x76 ./Src/lib/STM32F746NGH/Middlewares/ST/STM32_USB_Device_Library/Class/CDC/Src/usbd_cdc.o
 .text.USBD_CDC_GetFSCfgDesc
                0x00000000080059f8       0x70 ./Src/lib/STM32F746NGH/Middlewares/ST/STM32_USB_Device_Library/Class/CDC/Src/usbd_cdc.o
 .text.USBD_CDC_GetHSCfgDesc
                0x0000000008005a68       0x70 ./Src/lib/STM32F746NGH/Middlewares/ST/STM32_USB_Device_Library/Class/CDC/Src/usbd_cdc.o
 .text.USBD_CDC_GetOtherSpeedCfgDesc
                0x0000000008005ad8       0x70 ./Src/lib/STM32F746NGH/Middlewares/ST/STM32_USB_Device_Library/Class/CDC/Src/usbd_cdc.o
 .text.USBD_CDC_GetDeviceQualifierDescriptor
                0x0000000008005b48       0x20 ./Src/lib/STM32F746NGH/Middlewares/ST/STM32_USB_Device_Library/Class/CDC/Src/usbd_cdc.o
                0x0000000008005b48                USBD_CDC_GetDeviceQualifierDescriptor
 .text.USBD_CDC_RegisterInterface
                0x0000000008005b68       0x34 ./Src/lib/STM32F746NGH/Middlewares/ST/STM32_USB_Device_Library/Class/CDC/Src/usbd_cdc.o
                0x0000000008005b68                USBD_CDC_RegisterInterface
 .text.USBD_CDC_SetTxBuffer
                0x0000000008005b9c       0x44 ./Src/lib/STM32F746NGH/Middlewares/ST/STM32_USB_Device_Library/Class/CDC/Src/usbd_cdc.o
                0x0000000008005b9c                USBD_CDC_SetTxBuffer
 .text.USBD_CDC_SetRxBuffer
                0x0000000008005be0       0x3a ./Src/lib/STM32F746NGH/Middlewares/ST/STM32_USB_Device_Library/Class/CDC/Src/usbd_cdc.o
                0x0000000008005be0                USBD_CDC_SetRxBuffer
 *fill*         0x0000000008005c1a        0x2 
 .text.USBD_CDC_TransmitPacket
                0x0000000008005c1c       0x80 ./Src/lib/STM32F746NGH/Middlewares/ST/STM32_USB_Device_Library/Class/CDC/Src/usbd_cdc.o
                0x0000000008005c1c                USBD_CDC_TransmitPacket
 .text.USBD_CDC_ReceivePacket
                0x0000000008005c9c       0x6c ./Src/lib/STM32F746NGH/Middlewares/ST/STM32_USB_Device_Library/Class/CDC/Src/usbd_cdc.o
                0x0000000008005c9c                USBD_CDC_ReceivePacket
 .text.USBD_Init
                0x0000000008005d08       0x60 ./Src/lib/STM32F746NGH/Middlewares/ST/STM32_USB_Device_Library/Core/Src/usbd_core.o
                0x0000000008005d08                USBD_Init
 .text.USBD_RegisterClass
                0x0000000008005d68       0x6c ./Src/lib/STM32F746NGH/Middlewares/ST/STM32_USB_Device_Library/Core/Src/usbd_core.o
                0x0000000008005d68                USBD_RegisterClass
 .text.USBD_Start
                0x0000000008005dd4       0x18 ./Src/lib/STM32F746NGH/Middlewares/ST/STM32_USB_Device_Library/Core/Src/usbd_core.o
                0x0000000008005dd4                USBD_Start
 .text.USBD_RunTestMode
                0x0000000008005dec       0x16 ./Src/lib/STM32F746NGH/Middlewares/ST/STM32_USB_Device_Library/Core/Src/usbd_core.o
                0x0000000008005dec                USBD_RunTestMode
 .text.USBD_SetClassConfig
                0x0000000008005e02       0x38 ./Src/lib/STM32F746NGH/Middlewares/ST/STM32_USB_Device_Library/Core/Src/usbd_core.o
                0x0000000008005e02                USBD_SetClassConfig
 .text.USBD_ClrClassConfig
                0x0000000008005e3a       0x34 ./Src/lib/STM32F746NGH/Middlewares/ST/STM32_USB_Device_Library/Core/Src/usbd_core.o
                0x0000000008005e3a                USBD_ClrClassConfig
 .text.USBD_LL_SetupStage
                0x0000000008005e6e       0xaa ./Src/lib/STM32F746NGH/Middlewares/ST/STM32_USB_Device_Library/Core/Src/usbd_core.o
                0x0000000008005e6e                USBD_LL_SetupStage
 .text.USBD_LL_DataOutStage
                0x0000000008005f18      0x166 ./Src/lib/STM32F746NGH/Middlewares/ST/STM32_USB_Device_Library/Core/Src/usbd_core.o
                0x0000000008005f18                USBD_LL_DataOutStage
 .text.USBD_LL_DataInStage
                0x000000000800607e      0x164 ./Src/lib/STM32F746NGH/Middlewares/ST/STM32_USB_Device_Library/Core/Src/usbd_core.o
                0x000000000800607e                USBD_LL_DataInStage
 .text.USBD_LL_Reset
                0x00000000080061e2       0xa4 ./Src/lib/STM32F746NGH/Middlewares/ST/STM32_USB_Device_Library/Core/Src/usbd_core.o
                0x00000000080061e2                USBD_LL_Reset
 .text.USBD_LL_SetSpeed
                0x0000000008006286       0x20 ./Src/lib/STM32F746NGH/Middlewares/ST/STM32_USB_Device_Library/Core/Src/usbd_core.o
                0x0000000008006286                USBD_LL_SetSpeed
 .text.USBD_LL_Suspend
                0x00000000080062a6       0x2c ./Src/lib/STM32F746NGH/Middlewares/ST/STM32_USB_Device_Library/Core/Src/usbd_core.o
                0x00000000080062a6                USBD_LL_Suspend
 .text.USBD_LL_Resume
                0x00000000080062d2       0x30 ./Src/lib/STM32F746NGH/Middlewares/ST/STM32_USB_Device_Library/Core/Src/usbd_core.o
                0x00000000080062d2                USBD_LL_Resume
 .text.USBD_LL_SOF
                0x0000000008006302       0x40 ./Src/lib/STM32F746NGH/Middlewares/ST/STM32_USB_Device_Library/Core/Src/usbd_core.o
                0x0000000008006302                USBD_LL_SOF
 .text.USBD_LL_IsoINIncomplete
                0x0000000008006342       0x64 ./Src/lib/STM32F746NGH/Middlewares/ST/STM32_USB_Device_Library/Core/Src/usbd_core.o
                0x0000000008006342                USBD_LL_IsoINIncomplete
 .text.USBD_LL_IsoOUTIncomplete
                0x00000000080063a6       0x64 ./Src/lib/STM32F746NGH/Middlewares/ST/STM32_USB_Device_Library/Core/Src/usbd_core.o
                0x00000000080063a6                USBD_LL_IsoOUTIncomplete
 .text.USBD_LL_DevConnected
                0x000000000800640a       0x16 ./Src/lib/STM32F746NGH/Middlewares/ST/STM32_USB_Device_Library/Core/Src/usbd_core.o
                0x000000000800640a                USBD_LL_DevConnected
 .text.USBD_LL_DevDisconnected
                0x0000000008006420       0x46 ./Src/lib/STM32F746NGH/Middlewares/ST/STM32_USB_Device_Library/Core/Src/usbd_core.o
                0x0000000008006420                USBD_LL_DevDisconnected
 .text.USBD_CoreFindIF
                0x0000000008006466       0x1a ./Src/lib/STM32F746NGH/Middlewares/ST/STM32_USB_Device_Library/Core/Src/usbd_core.o
                0x0000000008006466                USBD_CoreFindIF
 .text.USBD_CoreFindEP
                0x0000000008006480       0x1a ./Src/lib/STM32F746NGH/Middlewares/ST/STM32_USB_Device_Library/Core/Src/usbd_core.o
                0x0000000008006480                USBD_CoreFindEP
 .text.USBD_GetEpDesc
                0x000000000800649a       0x74 ./Src/lib/STM32F746NGH/Middlewares/ST/STM32_USB_Device_Library/Core/Src/usbd_core.o
                0x000000000800649a                USBD_GetEpDesc
 .text.USBD_GetNextDesc
                0x000000000800650e       0x3a ./Src/lib/STM32F746NGH/Middlewares/ST/STM32_USB_Device_Library/Core/Src/usbd_core.o
                0x000000000800650e                USBD_GetNextDesc
 .text.SWAPBYTE
                0x0000000008006548       0x3c ./Src/lib/STM32F746NGH/Middlewares/ST/STM32_USB_Device_Library/Core/Src/usbd_ctlreq.o
 .text.USBD_StdDevReq
                0x0000000008006584       0xe4 ./Src/lib/STM32F746NGH/Middlewares/ST/STM32_USB_Device_Library/Core/Src/usbd_ctlreq.o
                0x0000000008006584                USBD_StdDevReq
 .text.USBD_StdItfReq
                0x0000000008006668       0xd8 ./Src/lib/STM32F746NGH/Middlewares/ST/STM32_USB_Device_Library/Core/Src/usbd_ctlreq.o
                0x0000000008006668                USBD_StdItfReq
 .text.USBD_StdEPReq
                0x0000000008006740      0x33a ./Src/lib/STM32F746NGH/Middlewares/ST/STM32_USB_Device_Library/Core/Src/usbd_ctlreq.o
                0x0000000008006740                USBD_StdEPReq
 *fill*         0x0000000008006a7a        0x2 
 .text.USBD_GetDescriptor
                0x0000000008006a7c      0x328 ./Src/lib/STM32F746NGH/Middlewares/ST/STM32_USB_Device_Library/Core/Src/usbd_ctlreq.o
 .text.USBD_SetAddress
                0x0000000008006da4       0x88 ./Src/lib/STM32F746NGH/Middlewares/ST/STM32_USB_Device_Library/Core/Src/usbd_ctlreq.o
 .text.USBD_SetConfig
                0x0000000008006e2c      0x154 ./Src/lib/STM32F746NGH/Middlewares/ST/STM32_USB_Device_Library/Core/Src/usbd_ctlreq.o
 .text.USBD_GetConfig
                0x0000000008006f80       0x6c ./Src/lib/STM32F746NGH/Middlewares/ST/STM32_USB_Device_Library/Core/Src/usbd_ctlreq.o
 .text.USBD_GetStatus
                0x0000000008006fec       0x68 ./Src/lib/STM32F746NGH/Middlewares/ST/STM32_USB_Device_Library/Core/Src/usbd_ctlreq.o
 .text.USBD_SetFeature
                0x0000000008007054       0x52 ./Src/lib/STM32F746NGH/Middlewares/ST/STM32_USB_Device_Library/Core/Src/usbd_ctlreq.o
 .text.USBD_ClrFeature
                0x00000000080070a6       0x44 ./Src/lib/STM32F746NGH/Middlewares/ST/STM32_USB_Device_Library/Core/Src/usbd_ctlreq.o
 .text.USBD_ParseSetupRequest
                0x00000000080070ea       0x74 ./Src/lib/STM32F746NGH/Middlewares/ST/STM32_USB_Device_Library/Core/Src/usbd_ctlreq.o
                0x00000000080070ea                USBD_ParseSetupRequest
 .text.USBD_CtlError
                0x000000000800715e       0x22 ./Src/lib/STM32F746NGH/Middlewares/ST/STM32_USB_Device_Library/Core/Src/usbd_ctlreq.o
                0x000000000800715e                USBD_CtlError
 .text.USBD_GetString
                0x0000000008007180       0x8c ./Src/lib/STM32F746NGH/Middlewares/ST/STM32_USB_Device_Library/Core/Src/usbd_ctlreq.o
                0x0000000008007180                USBD_GetString
 .text.USBD_GetLen
                0x000000000800720c       0x34 ./Src/lib/STM32F746NGH/Middlewares/ST/STM32_USB_Device_Library/Core/Src/usbd_ctlreq.o
 .text.USBD_CtlSendData
                0x0000000008007240       0x36 ./Src/lib/STM32F746NGH/Middlewares/ST/STM32_USB_Device_Library/Core/Src/usbd_ioreq.o
                0x0000000008007240                USBD_CtlSendData
 .text.USBD_CtlContinueSendData
                0x0000000008007276       0x22 ./Src/lib/STM32F746NGH/Middlewares/ST/STM32_USB_Device_Library/Core/Src/usbd_ioreq.o
                0x0000000008007276                USBD_CtlContinueSendData
 .text.USBD_CtlPrepareRx
                0x0000000008007298       0x3a ./Src/lib/STM32F746NGH/Middlewares/ST/STM32_USB_Device_Library/Core/Src/usbd_ioreq.o
                0x0000000008007298                USBD_CtlPrepareRx
 .text.USBD_CtlContinueRx
                0x00000000080072d2       0x22 ./Src/lib/STM32F746NGH/Middlewares/ST/STM32_USB_Device_Library/Core/Src/usbd_ioreq.o
                0x00000000080072d2                USBD_CtlContinueRx
 .text.USBD_CtlSendStatus
                0x00000000080072f4       0x26 ./Src/lib/STM32F746NGH/Middlewares/ST/STM32_USB_Device_Library/Core/Src/usbd_ioreq.o
                0x00000000080072f4                USBD_CtlSendStatus
 .text.USBD_CtlReceiveStatus
                0x000000000800731a       0x26 ./Src/lib/STM32F746NGH/Middlewares/ST/STM32_USB_Device_Library/Core/Src/usbd_ioreq.o
                0x000000000800731a                USBD_CtlReceiveStatus
 .text.MX_USB_DEVICE_Init
                0x0000000008007340       0x60 ./Src/lib/STM32F746NGH/USB_DEVICE/App/usb_device.o
                0x0000000008007340                MX_USB_DEVICE_Init
 .text.cdcAvailable
                0x00000000080073a0       0x3c ./Src/lib/STM32F746NGH/USB_DEVICE/App/usbd_cdc_if.o
                0x00000000080073a0                cdcAvailable
 .text.cdcRead  0x00000000080073dc       0x54 ./Src/lib/STM32F746NGH/USB_DEVICE/App/usbd_cdc_if.o
                0x00000000080073dc                cdcRead
 .text.cdcDataIn
                0x0000000008007430       0x58 ./Src/lib/STM32F746NGH/USB_DEVICE/App/usbd_cdc_if.o
                0x0000000008007430                cdcDataIn
 .text.cdcWrite
                0x0000000008007488       0x50 ./Src/lib/STM32F746NGH/USB_DEVICE/App/usbd_cdc_if.o
                0x0000000008007488                cdcWrite
 .text.cdcGetBaud
                0x00000000080074d8       0x18 ./Src/lib/STM32F746NGH/USB_DEVICE/App/usbd_cdc_if.o
                0x00000000080074d8                cdcGetBaud
 .text.CDC_Init_FS
                0x00000000080074f0       0x28 ./Src/lib/STM32F746NGH/USB_DEVICE/App/usbd_cdc_if.o
 .text.CDC_DeInit_FS
                0x0000000008007518       0x10 ./Src/lib/STM32F746NGH/USB_DEVICE/App/usbd_cdc_if.o
 .text.CDC_Control_FS
                0x0000000008007528      0x174 ./Src/lib/STM32F746NGH/USB_DEVICE/App/usbd_cdc_if.o
 .text.CDC_Receive_FS
                0x000000000800769c       0x4c ./Src/lib/STM32F746NGH/USB_DEVICE/App/usbd_cdc_if.o
 .text.CDC_Transmit_FS
                0x00000000080076e8       0x4c ./Src/lib/STM32F746NGH/USB_DEVICE/App/usbd_cdc_if.o
                0x00000000080076e8                CDC_Transmit_FS
 .text.CDC_TransmitCplt_FS
                0x0000000008007734       0x22 ./Src/lib/STM32F746NGH/USB_DEVICE/App/usbd_cdc_if.o
 *fill*         0x0000000008007756        0x2 
 .text.USBD_FS_DeviceDescriptor
                0x0000000008007758       0x24 ./Src/lib/STM32F746NGH/USB_DEVICE/App/usbd_desc.o
                0x0000000008007758                USBD_FS_DeviceDescriptor
 .text.USBD_FS_LangIDStrDescriptor
                0x000000000800777c       0x24 ./Src/lib/STM32F746NGH/USB_DEVICE/App/usbd_desc.o
                0x000000000800777c                USBD_FS_LangIDStrDescriptor
 .text.USBD_FS_ProductStrDescriptor
                0x00000000080077a0       0x3c ./Src/lib/STM32F746NGH/USB_DEVICE/App/usbd_desc.o
                0x00000000080077a0                USBD_FS_ProductStrDescriptor
 .text.USBD_FS_ManufacturerStrDescriptor
                0x00000000080077dc       0x28 ./Src/lib/STM32F746NGH/USB_DEVICE/App/usbd_desc.o
                0x00000000080077dc                USBD_FS_ManufacturerStrDescriptor
 .text.USBD_FS_SerialStrDescriptor
                0x0000000008007804       0x24 ./Src/lib/STM32F746NGH/USB_DEVICE/App/usbd_desc.o
                0x0000000008007804                USBD_FS_SerialStrDescriptor
 .text.USBD_FS_ConfigStrDescriptor
                0x0000000008007828       0x3c ./Src/lib/STM32F746NGH/USB_DEVICE/App/usbd_desc.o
                0x0000000008007828                USBD_FS_ConfigStrDescriptor
 .text.USBD_FS_InterfaceStrDescriptor
                0x0000000008007864       0x3c ./Src/lib/STM32F746NGH/USB_DEVICE/App/usbd_desc.o
                0x0000000008007864                USBD_FS_InterfaceStrDescriptor
 .text.USBD_FS_USR_BOSDescriptor
                0x00000000080078a0       0x24 ./Src/lib/STM32F746NGH/USB_DEVICE/App/usbd_desc.o
                0x00000000080078a0                USBD_FS_USR_BOSDescriptor
 .text.Get_SerialNum
                0x00000000080078c4       0x58 ./Src/lib/STM32F746NGH/USB_DEVICE/App/usbd_desc.o
 .text.IntToUnicode
                0x000000000800791c       0x7e ./Src/lib/STM32F746NGH/USB_DEVICE/App/usbd_desc.o
 *fill*         0x000000000800799a        0x2 
 .text.HAL_PCD_MspInit
                0x000000000800799c       0xe4 ./Src/lib/STM32F746NGH/USB_DEVICE/Target/usbd_conf.o
                0x000000000800799c                HAL_PCD_MspInit
 .text.HAL_PCD_SetupStageCallback
                0x0000000008007a80       0x24 ./Src/lib/STM32F746NGH/USB_DEVICE/Target/usbd_conf.o
                0x0000000008007a80                HAL_PCD_SetupStageCallback
 .text.HAL_PCD_DataOutStageCallback
                0x0000000008007aa4       0x36 ./Src/lib/STM32F746NGH/USB_DEVICE/Target/usbd_conf.o
                0x0000000008007aa4                HAL_PCD_DataOutStageCallback
 .text.HAL_PCD_DataInStageCallback
                0x0000000008007ada       0x34 ./Src/lib/STM32F746NGH/USB_DEVICE/Target/usbd_conf.o
                0x0000000008007ada                HAL_PCD_DataInStageCallback
 .text.HAL_PCD_SOFCallback
                0x0000000008007b0e       0x1c ./Src/lib/STM32F746NGH/USB_DEVICE/Target/usbd_conf.o
                0x0000000008007b0e                HAL_PCD_SOFCallback
 .text.HAL_PCD_ResetCallback
                0x0000000008007b2a       0x50 ./Src/lib/STM32F746NGH/USB_DEVICE/Target/usbd_conf.o
                0x0000000008007b2a                HAL_PCD_ResetCallback
 *fill*         0x0000000008007b7a        0x2 
 .text.HAL_PCD_SuspendCallback
                0x0000000008007b7c       0x4c ./Src/lib/STM32F746NGH/USB_DEVICE/Target/usbd_conf.o
                0x0000000008007b7c                HAL_PCD_SuspendCallback
 .text.HAL_PCD_ResumeCallback
                0x0000000008007bc8       0x1c ./Src/lib/STM32F746NGH/USB_DEVICE/Target/usbd_conf.o
                0x0000000008007bc8                HAL_PCD_ResumeCallback
 .text.HAL_PCD_ISOOUTIncompleteCallback
                0x0000000008007be4       0x24 ./Src/lib/STM32F746NGH/USB_DEVICE/Target/usbd_conf.o
                0x0000000008007be4                HAL_PCD_ISOOUTIncompleteCallback
 .text.HAL_PCD_ISOINIncompleteCallback
                0x0000000008007c08       0x24 ./Src/lib/STM32F746NGH/USB_DEVICE/Target/usbd_conf.o
                0x0000000008007c08                HAL_PCD_ISOINIncompleteCallback
 .text.HAL_PCD_ConnectCallback
                0x0000000008007c2c       0x1c ./Src/lib/STM32F746NGH/USB_DEVICE/Target/usbd_conf.o
                0x0000000008007c2c                HAL_PCD_ConnectCallback
 .text.HAL_PCD_DisconnectCallback
                0x0000000008007c48       0x1c ./Src/lib/STM32F746NGH/USB_DEVICE/Target/usbd_conf.o
                0x0000000008007c48                HAL_PCD_DisconnectCallback
 .text.USBD_LL_Init
                0x0000000008007c64       0x98 ./Src/lib/STM32F746NGH/USB_DEVICE/Target/usbd_conf.o
                0x0000000008007c64                USBD_LL_Init
 .text.USBD_LL_Start
                0x0000000008007cfc       0x36 ./Src/lib/STM32F746NGH/USB_DEVICE/Target/usbd_conf.o
                0x0000000008007cfc                USBD_LL_Start
 .text.USBD_LL_OpenEP
                0x0000000008007d32       0x4c ./Src/lib/STM32F746NGH/USB_DEVICE/Target/usbd_conf.o
                0x0000000008007d32                USBD_LL_OpenEP
 .text.USBD_LL_CloseEP
                0x0000000008007d7e       0x3e ./Src/lib/STM32F746NGH/USB_DEVICE/Target/usbd_conf.o
                0x0000000008007d7e                USBD_LL_CloseEP
 .text.USBD_LL_StallEP
                0x0000000008007dbc       0x3e ./Src/lib/STM32F746NGH/USB_DEVICE/Target/usbd_conf.o
                0x0000000008007dbc                USBD_LL_StallEP
 .text.USBD_LL_ClearStallEP
                0x0000000008007dfa       0x3e ./Src/lib/STM32F746NGH/USB_DEVICE/Target/usbd_conf.o
                0x0000000008007dfa                USBD_LL_ClearStallEP
 .text.USBD_LL_IsStallEP
                0x0000000008007e38       0x58 ./Src/lib/STM32F746NGH/USB_DEVICE/Target/usbd_conf.o
                0x0000000008007e38                USBD_LL_IsStallEP
 .text.USBD_LL_SetUSBAddress
                0x0000000008007e90       0x3e ./Src/lib/STM32F746NGH/USB_DEVICE/Target/usbd_conf.o
                0x0000000008007e90                USBD_LL_SetUSBAddress
 .text.USBD_LL_Transmit
                0x0000000008007ece       0x42 ./Src/lib/STM32F746NGH/USB_DEVICE/Target/usbd_conf.o
                0x0000000008007ece                USBD_LL_Transmit
 .text.USBD_LL_PrepareReceive
                0x0000000008007f10       0x42 ./Src/lib/STM32F746NGH/USB_DEVICE/Target/usbd_conf.o
                0x0000000008007f10                USBD_LL_PrepareReceive
 .text.USBD_LL_GetRxDataSize
                0x0000000008007f52       0x26 ./Src/lib/STM32F746NGH/USB_DEVICE/Target/usbd_conf.o
                0x0000000008007f52                USBD_LL_GetRxDataSize
 .text.HAL_PCDEx_LPM_Callback
                0x0000000008007f78       0x9c ./Src/lib/STM32F746NGH/USB_DEVICE/Target/usbd_conf.o
                0x0000000008007f78                HAL_PCDEx_LPM_Callback
 .text.SystemClockConfig_Resume
                0x0000000008008014        0xc ./Src/lib/STM32F746NGH/USB_DEVICE/Target/usbd_conf.o
 .text.USBD_Get_USB_Status
                0x0000000008008020       0x58 ./Src/lib/STM32F746NGH/USB_DEVICE/Target/usbd_conf.o
                0x0000000008008020                USBD_Get_USB_Status
 .text.main     0x0000000008008078       0x16 ./Src/main.o
                0x0000000008008078                main
 *fill*         0x000000000800808e        0x2 
 .text.__errno  0x0000000008008090        0xc c:/st/stm32cubeide_1.12.1/stm32cubeide/plugins/com.st.stm32cube.ide.mcu.externaltools.gnu-tools-for-stm32.10.3-2021.10.win32_1.0.200.202301161003/tools/bin/../lib/gcc/arm-none-eabi/10.3.1/../../../../arm-none-eabi/lib/thumb/v7e-m+fp/hard\libc_nano.a(lib_a-errno.o)
                0x0000000008008090                __errno
 .text.__libc_init_array
                0x000000000800809c       0x48 c:/st/stm32cubeide_1.12.1/stm32cubeide/plugins/com.st.stm32cube.ide.mcu.externaltools.gnu-tools-for-stm32.10.3-2021.10.win32_1.0.200.202301161003/tools/bin/../lib/gcc/arm-none-eabi/10.3.1/../../../../arm-none-eabi/lib/thumb/v7e-m+fp/hard\libc_nano.a(lib_a-init.o)
                0x000000000800809c                __libc_init_array
 .text.malloc   0x00000000080080e4       0x10 c:/st/stm32cubeide_1.12.1/stm32cubeide/plugins/com.st.stm32cube.ide.mcu.externaltools.gnu-tools-for-stm32.10.3-2021.10.win32_1.0.200.202301161003/tools/bin/../lib/gcc/arm-none-eabi/10.3.1/../../../../arm-none-eabi/lib/thumb/v7e-m+fp/hard\libc_nano.a(lib_a-malloc.o)
                0x00000000080080e4                malloc
 .text.free     0x00000000080080f4       0x10 c:/st/stm32cubeide_1.12.1/stm32cubeide/plugins/com.st.stm32cube.ide.mcu.externaltools.gnu-tools-for-stm32.10.3-2021.10.win32_1.0.200.202301161003/tools/bin/../lib/gcc/arm-none-eabi/10.3.1/../../../../arm-none-eabi/lib/thumb/v7e-m+fp/hard\libc_nano.a(lib_a-malloc.o)
                0x00000000080080f4                free
 .text.memset   0x0000000008008104       0x10 c:/st/stm32cubeide_1.12.1/stm32cubeide/plugins/com.st.stm32cube.ide.mcu.externaltools.gnu-tools-for-stm32.10.3-2021.10.win32_1.0.200.202301161003/tools/bin/../lib/gcc/arm-none-eabi/10.3.1/../../../../arm-none-eabi/lib/thumb/v7e-m+fp/hard\libc_nano.a(lib_a-memset.o)
                0x0000000008008104                memset
 .text._free_r  0x0000000008008114       0x98 c:/st/stm32cubeide_1.12.1/stm32cubeide/plugins/com.st.stm32cube.ide.mcu.externaltools.gnu-tools-for-stm32.10.3-2021.10.win32_1.0.200.202301161003/tools/bin/../lib/gcc/arm-none-eabi/10.3.1/../../../../arm-none-eabi/lib/thumb/v7e-m+fp/hard\libc_nano.a(lib_a-nano-freer.o)
                0x0000000008008114                _free_r
 .text.sbrk_aligned
                0x00000000080081ac       0x40 c:/st/stm32cubeide_1.12.1/stm32cubeide/plugins/com.st.stm32cube.ide.mcu.externaltools.gnu-tools-for-stm32.10.3-2021.10.win32_1.0.200.202301161003/tools/bin/../lib/gcc/arm-none-eabi/10.3.1/../../../../arm-none-eabi/lib/thumb/v7e-m+fp/hard\libc_nano.a(lib_a-nano-mallocr.o)
 .text._malloc_r
                0x00000000080081ec       0xe8 c:/st/stm32cubeide_1.12.1/stm32cubeide/plugins/com.st.stm32cube.ide.mcu.externaltools.gnu-tools-for-stm32.10.3-2021.10.win32_1.0.200.202301161003/tools/bin/../lib/gcc/arm-none-eabi/10.3.1/../../../../arm-none-eabi/lib/thumb/v7e-m+fp/hard\libc_nano.a(lib_a-nano-mallocr.o)
                0x00000000080081ec                _malloc_r
 .text._sbrk_r  0x00000000080082d4       0x20 c:/st/stm32cubeide_1.12.1/stm32cubeide/plugins/com.st.stm32cube.ide.mcu.externaltools.gnu-tools-for-stm32.10.3-2021.10.win32_1.0.200.202301161003/tools/bin/../lib/gcc/arm-none-eabi/10.3.1/../../../../arm-none-eabi/lib/thumb/v7e-m+fp/hard\libc_nano.a(lib_a-sbrkr.o)
                0x00000000080082d4                _sbrk_r
 .text._vsnprintf_r
                0x00000000080082f4       0x56 c:/st/stm32cubeide_1.12.1/stm32cubeide/plugins/com.st.stm32cube.ide.mcu.externaltools.gnu-tools-for-stm32.10.3-2021.10.win32_1.0.200.202301161003/tools/bin/../lib/gcc/arm-none-eabi/10.3.1/../../../../arm-none-eabi/lib/thumb/v7e-m+fp/hard\libc_nano.a(lib_a-vsnprintf.o)
                0x00000000080082f4                _vsniprintf_r
                0x00000000080082f4                _vsnprintf_r
 *fill*         0x000000000800834a        0x2 
 .text.vsnprintf
                0x000000000800834c       0x1c c:/st/stm32cubeide_1.12.1/stm32cubeide/plugins/com.st.stm32cube.ide.mcu.externaltools.gnu-tools-for-stm32.10.3-2021.10.win32_1.0.200.202301161003/tools/bin/../lib/gcc/arm-none-eabi/10.3.1/../../../../arm-none-eabi/lib/thumb/v7e-m+fp/hard\libc_nano.a(lib_a-vsnprintf.o)
                0x000000000800834c                vsniprintf
                0x000000000800834c                vsnprintf
 .text.__malloc_lock
                0x0000000008008368        0xc c:/st/stm32cubeide_1.12.1/stm32cubeide/plugins/com.st.stm32cube.ide.mcu.externaltools.gnu-tools-for-stm32.10.3-2021.10.win32_1.0.200.202301161003/tools/bin/../lib/gcc/arm-none-eabi/10.3.1/../../../../arm-none-eabi/lib/thumb/v7e-m+fp/hard\libc_nano.a(lib_a-mlock.o)
                0x0000000008008368                __malloc_lock
 .text.__malloc_unlock
                0x0000000008008374        0xc c:/st/stm32cubeide_1.12.1/stm32cubeide/plugins/com.st.stm32cube.ide.mcu.externaltools.gnu-tools-for-stm32.10.3-2021.10.win32_1.0.200.202301161003/tools/bin/../lib/gcc/arm-none-eabi/10.3.1/../../../../arm-none-eabi/lib/thumb/v7e-m+fp/hard\libc_nano.a(lib_a-mlock.o)
                0x0000000008008374                __malloc_unlock
 .text.__ssputs_r
                0x0000000008008380       0xb6 c:/st/stm32cubeide_1.12.1/stm32cubeide/plugins/com.st.stm32cube.ide.mcu.externaltools.gnu-tools-for-stm32.10.3-2021.10.win32_1.0.200.202301161003/tools/bin/../lib/gcc/arm-none-eabi/10.3.1/../../../../arm-none-eabi/lib/thumb/v7e-m+fp/hard\libc_nano.a(lib_a-nano-svfprintf.o)
                0x0000000008008380                __ssputs_r
 *fill*         0x0000000008008436        0x2 
 .text._svfprintf_r
                0x0000000008008438      0x200 c:/st/stm32cubeide_1.12.1/stm32cubeide/plugins/com.st.stm32cube.ide.mcu.externaltools.gnu-tools-for-stm32.10.3-2021.10.win32_1.0.200.202301161003/tools/bin/../lib/gcc/arm-none-eabi/10.3.1/../../../../arm-none-eabi/lib/thumb/v7e-m+fp/hard\libc_nano.a(lib_a-nano-svfprintf.o)
                0x0000000008008438                _svfiprintf_r
                0x0000000008008438                _svfprintf_r
 .text._printf_common
                0x0000000008008638       0xda c:/st/stm32cubeide_1.12.1/stm32cubeide/plugins/com.st.stm32cube.ide.mcu.externaltools.gnu-tools-for-stm32.10.3-2021.10.win32_1.0.200.202301161003/tools/bin/../lib/gcc/arm-none-eabi/10.3.1/../../../../arm-none-eabi/lib/thumb/v7e-m+fp/hard\libc_nano.a(lib_a-nano-vfprintf_i.o)
                0x0000000008008638                _printf_common
 *fill*         0x0000000008008712        0x2 
 .text._printf_i
                0x0000000008008714      0x24c c:/st/stm32cubeide_1.12.1/stm32cubeide/plugins/com.st.stm32cube.ide.mcu.externaltools.gnu-tools-for-stm32.10.3-2021.10.win32_1.0.200.202301161003/tools/bin/../lib/gcc/arm-none-eabi/10.3.1/../../../../arm-none-eabi/lib/thumb/v7e-m+fp/hard\libc_nano.a(lib_a-nano-vfprintf_i.o)
                0x0000000008008714                _printf_i
 .text.__retarget_lock_acquire_recursive
                0x0000000008008960        0x2 c:/st/stm32cubeide_1.12.1/stm32cubeide/plugins/com.st.stm32cube.ide.mcu.externaltools.gnu-tools-for-stm32.10.3-2021.10.win32_1.0.200.202301161003/tools/bin/../lib/gcc/arm-none-eabi/10.3.1/../../../../arm-none-eabi/lib/thumb/v7e-m+fp/hard\libc_nano.a(lib_a-lock.o)
                0x0000000008008960                __retarget_lock_acquire_recursive
 .text.__retarget_lock_release_recursive
                0x0000000008008962        0x2 c:/st/stm32cubeide_1.12.1/stm32cubeide/plugins/com.st.stm32cube.ide.mcu.externaltools.gnu-tools-for-stm32.10.3-2021.10.win32_1.0.200.202301161003/tools/bin/../lib/gcc/arm-none-eabi/10.3.1/../../../../arm-none-eabi/lib/thumb/v7e-m+fp/hard\libc_nano.a(lib_a-lock.o)
                0x0000000008008962                __retarget_lock_release_recursive
 .text.memcpy   0x0000000008008964       0x1c c:/st/stm32cubeide_1.12.1/stm32cubeide/plugins/com.st.stm32cube.ide.mcu.externaltools.gnu-tools-for-stm32.10.3-2021.10.win32_1.0.200.202301161003/tools/bin/../lib/gcc/arm-none-eabi/10.3.1/../../../../arm-none-eabi/lib/thumb/v7e-m+fp/hard\libc_nano.a(lib_a-memcpy-stub.o)
                0x0000000008008964                memcpy
 .text.memmove  0x0000000008008980       0x34 c:/st/stm32cubeide_1.12.1/stm32cubeide/plugins/com.st.stm32cube.ide.mcu.externaltools.gnu-tools-for-stm32.10.3-2021.10.win32_1.0.200.202301161003/tools/bin/../lib/gcc/arm-none-eabi/10.3.1/../../../../arm-none-eabi/lib/thumb/v7e-m+fp/hard\libc_nano.a(lib_a-memmove.o)
                0x0000000008008980                memmove
 .text._realloc_r
                0x00000000080089b4       0x5e c:/st/stm32cubeide_1.12.1/stm32cubeide/plugins/com.st.stm32cube.ide.mcu.externaltools.gnu-tools-for-stm32.10.3-2021.10.win32_1.0.200.202301161003/tools/bin/../lib/gcc/arm-none-eabi/10.3.1/../../../../arm-none-eabi/lib/thumb/v7e-m+fp/hard\libc_nano.a(lib_a-nano-reallocr.o)
                0x00000000080089b4                _realloc_r
 .text._malloc_usable_size_r
                0x0000000008008a12       0x10 c:/st/stm32cubeide_1.12.1/stm32cubeide/plugins/com.st.stm32cube.ide.mcu.externaltools.gnu-tools-for-stm32.10.3-2021.10.win32_1.0.200.202301161003/tools/bin/../lib/gcc/arm-none-eabi/10.3.1/../../../../arm-none-eabi/lib/thumb/v7e-m+fp/hard\libc_nano.a(lib_a-nano-msizer.o)
                0x0000000008008a12                _malloc_usable_size_r
 *(.glue_7)
 .glue_7        0x0000000008008a22        0x0 linker stubs
 *(.glue_7t)
 .glue_7t       0x0000000008008a22        0x0 linker stubs
 *(.eh_frame)
 *fill*         0x0000000008008a22        0x2 
 .eh_frame      0x0000000008008a24        0x0 c:/st/stm32cubeide_1.12.1/stm32cubeide/plugins/com.st.stm32cube.ide.mcu.externaltools.gnu-tools-for-stm32.10.3-2021.10.win32_1.0.200.202301161003/tools/bin/../lib/gcc/arm-none-eabi/10.3.1/thumb/v7e-m+fp/hard/crtbegin.o
 *(.init)
 .init          0x0000000008008a24        0x4 c:/st/stm32cubeide_1.12.1/stm32cubeide/plugins/com.st.stm32cube.ide.mcu.externaltools.gnu-tools-for-stm32.10.3-2021.10.win32_1.0.200.202301161003/tools/bin/../lib/gcc/arm-none-eabi/10.3.1/thumb/v7e-m+fp/hard/crti.o
                0x0000000008008a24                _init
 .init          0x0000000008008a28        0x8 c:/st/stm32cubeide_1.12.1/stm32cubeide/plugins/com.st.stm32cube.ide.mcu.externaltools.gnu-tools-for-stm32.10.3-2021.10.win32_1.0.200.202301161003/tools/bin/../lib/gcc/arm-none-eabi/10.3.1/thumb/v7e-m+fp/hard/crtn.o
 *(.fini)
 .fini          0x0000000008008a30        0x4 c:/st/stm32cubeide_1.12.1/stm32cubeide/plugins/com.st.stm32cube.ide.mcu.externaltools.gnu-tools-for-stm32.10.3-2021.10.win32_1.0.200.202301161003/tools/bin/../lib/gcc/arm-none-eabi/10.3.1/thumb/v7e-m+fp/hard/crti.o
                0x0000000008008a30                _fini
 .fini          0x0000000008008a34        0x8 c:/st/stm32cubeide_1.12.1/stm32cubeide/plugins/com.st.stm32cube.ide.mcu.externaltools.gnu-tools-for-stm32.10.3-2021.10.win32_1.0.200.202301161003/tools/bin/../lib/gcc/arm-none-eabi/10.3.1/thumb/v7e-m+fp/hard/crtn.o
                0x0000000008008a3c                . = ALIGN (0x4)
                0x0000000008008a3c                _etext = .

.vfp11_veneer   0x0000000008008a3c        0x0
 .vfp11_veneer  0x0000000008008a3c        0x0 linker stubs

.v4_bx          0x0000000008008a3c        0x0
 .v4_bx         0x0000000008008a3c        0x0 linker stubs

.iplt           0x0000000008008a3c        0x0
 .iplt          0x0000000008008a3c        0x0 c:/st/stm32cubeide_1.12.1/stm32cubeide/plugins/com.st.stm32cube.ide.mcu.externaltools.gnu-tools-for-stm32.10.3-2021.10.win32_1.0.200.202301161003/tools/bin/../lib/gcc/arm-none-eabi/10.3.1/thumb/v7e-m+fp/hard/crtbegin.o

.rodata         0x0000000008008a3c       0xb4
                0x0000000008008a3c                . = ALIGN (0x4)
 *(.rodata)
 .rodata        0x0000000008008a3c       0x25 ./Src/ap/ap.o
 *fill*         0x0000000008008a61        0x3 
 .rodata        0x0000000008008a64       0x46 ./Src/lib/STM32F746NGH/USB_DEVICE/App/usbd_desc.o
 *(.rodata*)
 *fill*         0x0000000008008aaa        0x2 
 .rodata.AHBPrescTable
                0x0000000008008aac       0x10 ./Src/bsp/system_stm32f7xx.o
                0x0000000008008aac                AHBPrescTable
 .rodata._svfprintf_r.str1.1
                0x0000000008008abc       0x11 c:/st/stm32cubeide_1.12.1/stm32cubeide/plugins/com.st.stm32cube.ide.mcu.externaltools.gnu-tools-for-stm32.10.3-2021.10.win32_1.0.200.202301161003/tools/bin/../lib/gcc/arm-none-eabi/10.3.1/../../../../arm-none-eabi/lib/thumb/v7e-m+fp/hard\libc_nano.a(lib_a-nano-svfprintf.o)
 .rodata._printf_i.str1.1
                0x0000000008008acd       0x22 c:/st/stm32cubeide_1.12.1/stm32cubeide/plugins/com.st.stm32cube.ide.mcu.externaltools.gnu-tools-for-stm32.10.3-2021.10.win32_1.0.200.202301161003/tools/bin/../lib/gcc/arm-none-eabi/10.3.1/../../../../arm-none-eabi/lib/thumb/v7e-m+fp/hard\libc_nano.a(lib_a-nano-vfprintf_i.o)
                0x0000000008008af0                . = ALIGN (0x4)
 *fill*         0x0000000008008aef        0x1 

.ARM.extab      0x0000000008008af0        0x0
                0x0000000008008af0                . = ALIGN (0x4)
 *(.ARM.extab* .gnu.linkonce.armextab.*)
                0x0000000008008af0                . = ALIGN (0x4)

.ARM            0x0000000008008af0        0x8
                0x0000000008008af0                . = ALIGN (0x4)
                0x0000000008008af0                __exidx_start = .
 *(.ARM.exidx*)
 .ARM.exidx     0x0000000008008af0        0x8 c:/st/stm32cubeide_1.12.1/stm32cubeide/plugins/com.st.stm32cube.ide.mcu.externaltools.gnu-tools-for-stm32.10.3-2021.10.win32_1.0.200.202301161003/tools/bin/../lib/gcc/arm-none-eabi/10.3.1/thumb/v7e-m+fp/hard\libgcc.a(_udivmoddi4.o)
                0x0000000008008af8                __exidx_end = .
                0x0000000008008af8                . = ALIGN (0x4)

.rel.dyn        0x0000000008008af8        0x0
 .rel.iplt      0x0000000008008af8        0x0 c:/st/stm32cubeide_1.12.1/stm32cubeide/plugins/com.st.stm32cube.ide.mcu.externaltools.gnu-tools-for-stm32.10.3-2021.10.win32_1.0.200.202301161003/tools/bin/../lib/gcc/arm-none-eabi/10.3.1/thumb/v7e-m+fp/hard/crtbegin.o

.preinit_array  0x0000000008008af8        0x0
                0x0000000008008af8                . = ALIGN (0x4)
                0x0000000008008af8                PROVIDE (__preinit_array_start = .)
 *(.preinit_array*)
                0x0000000008008af8                PROVIDE (__preinit_array_end = .)
                0x0000000008008af8                . = ALIGN (0x4)

.init_array     0x0000000008008af8        0x4
                0x0000000008008af8                . = ALIGN (0x4)
                0x0000000008008af8                PROVIDE (__init_array_start = .)
 *(SORT_BY_NAME(.init_array.*))
 *(.init_array*)
 .init_array    0x0000000008008af8        0x4 c:/st/stm32cubeide_1.12.1/stm32cubeide/plugins/com.st.stm32cube.ide.mcu.externaltools.gnu-tools-for-stm32.10.3-2021.10.win32_1.0.200.202301161003/tools/bin/../lib/gcc/arm-none-eabi/10.3.1/thumb/v7e-m+fp/hard/crtbegin.o
                0x0000000008008afc                PROVIDE (__init_array_end = .)
                0x0000000008008afc                . = ALIGN (0x4)

.fini_array     0x0000000008008afc        0x4
                0x0000000008008afc                . = ALIGN (0x4)
                [!provide]                        PROVIDE (__fini_array_start = .)
 *(SORT_BY_NAME(.fini_array.*))
 *(.fini_array*)
 .fini_array    0x0000000008008afc        0x4 c:/st/stm32cubeide_1.12.1/stm32cubeide/plugins/com.st.stm32cube.ide.mcu.externaltools.gnu-tools-for-stm32.10.3-2021.10.win32_1.0.200.202301161003/tools/bin/../lib/gcc/arm-none-eabi/10.3.1/thumb/v7e-m+fp/hard/crtbegin.o
                [!provide]                        PROVIDE (__fini_array_end = .)
                0x0000000008008b00                . = ALIGN (0x4)
                0x0000000008008b00                _sidata = LOADADDR (.data)

.data           0x0000000020000000      0x184 load address 0x0000000008008b00
                0x0000000020000000                . = ALIGN (0x4)
                0x0000000020000000                _sdata = .
 *(.data)
 *(.data*)
 .data.SystemCoreClock
                0x0000000020000000        0x4 ./Src/bsp/system_stm32f7xx.o
                0x0000000020000000                SystemCoreClock
 .data.led_tbl  0x0000000020000004        0x8 ./Src/hw/driver/led.o
                0x0000000020000004                led_tbl
 .data.uwTickPrio
                0x000000002000000c        0x4 ./Src/lib/STM32F746NGH/Drivers/STM32F7xx_HAL_Driver/Src/stm32f7xx_hal.o
                0x000000002000000c                uwTickPrio
 .data.uwTickFreq
                0x0000000020000010        0x1 ./Src/lib/STM32F746NGH/Drivers/STM32F7xx_HAL_Driver/Src/stm32f7xx_hal.o
                0x0000000020000010                uwTickFreq
 *fill*         0x0000000020000011        0x3 
 .data.USBD_CDC_DeviceQualifierDesc
                0x0000000020000014        0xa ./Src/lib/STM32F746NGH/Middlewares/ST/STM32_USB_Device_Library/Class/CDC/Src/usbd_cdc.o
 *fill*         0x000000002000001e        0x2 
 .data.USBD_CDC
                0x0000000020000020       0x38 ./Src/lib/STM32F746NGH/Middlewares/ST/STM32_USB_Device_Library/Class/CDC/Src/usbd_cdc.o
                0x0000000020000020                USBD_CDC
 .data.USBD_CDC_CfgDesc
                0x0000000020000058       0x43 ./Src/lib/STM32F746NGH/Middlewares/ST/STM32_USB_Device_Library/Class/CDC/Src/usbd_cdc.o
 .data.CDCInEpAdd
                0x000000002000009b        0x1 ./Src/lib/STM32F746NGH/Middlewares/ST/STM32_USB_Device_Library/Class/CDC/Src/usbd_cdc.o
 .data.CDCOutEpAdd
                0x000000002000009c        0x1 ./Src/lib/STM32F746NGH/Middlewares/ST/STM32_USB_Device_Library/Class/CDC/Src/usbd_cdc.o
 .data.CDCCmdEpAdd
                0x000000002000009d        0x1 ./Src/lib/STM32F746NGH/Middlewares/ST/STM32_USB_Device_Library/Class/CDC/Src/usbd_cdc.o
 *fill*         0x000000002000009e        0x2 
 .data.LineCoding
                0x00000000200000a0        0x8 ./Src/lib/STM32F746NGH/USB_DEVICE/App/usbd_cdc_if.o
                0x00000000200000a0                LineCoding
 .data.rx_len   0x00000000200000a8        0x4 ./Src/lib/STM32F746NGH/USB_DEVICE/App/usbd_cdc_if.o
                0x00000000200000a8                rx_len
 .data.USBD_Interface_fops_FS
                0x00000000200000ac       0x14 ./Src/lib/STM32F746NGH/USB_DEVICE/App/usbd_cdc_if.o
                0x00000000200000ac                USBD_Interface_fops_FS
 .data.FS_Desc  0x00000000200000c0       0x20 ./Src/lib/STM32F746NGH/USB_DEVICE/App/usbd_desc.o
                0x00000000200000c0                FS_Desc
 .data.USBD_FS_DeviceDesc
                0x00000000200000e0       0x12 ./Src/lib/STM32F746NGH/USB_DEVICE/App/usbd_desc.o
                0x00000000200000e0                USBD_FS_DeviceDesc
 *fill*         0x00000000200000f2        0x2 
 .data.USBD_FS_BOSDesc
                0x00000000200000f4        0xc ./Src/lib/STM32F746NGH/USB_DEVICE/App/usbd_desc.o
                0x00000000200000f4                USBD_FS_BOSDesc
 .data.USBD_LangIDDesc
                0x0000000020000100        0x4 ./Src/lib/STM32F746NGH/USB_DEVICE/App/usbd_desc.o
                0x0000000020000100                USBD_LangIDDesc
 .data.USBD_StringSerial
                0x0000000020000104       0x1a ./Src/lib/STM32F746NGH/USB_DEVICE/App/usbd_desc.o
                0x0000000020000104                USBD_StringSerial
 *fill*         0x000000002000011e        0x2 
 .data._impure_ptr
                0x0000000020000120        0x4 c:/st/stm32cubeide_1.12.1/stm32cubeide/plugins/com.st.stm32cube.ide.mcu.externaltools.gnu-tools-for-stm32.10.3-2021.10.win32_1.0.200.202301161003/tools/bin/../lib/gcc/arm-none-eabi/10.3.1/../../../../arm-none-eabi/lib/thumb/v7e-m+fp/hard\libc_nano.a(lib_a-impure.o)
                0x0000000020000120                _impure_ptr
 .data.impure_data
                0x0000000020000124       0x60 c:/st/stm32cubeide_1.12.1/stm32cubeide/plugins/com.st.stm32cube.ide.mcu.externaltools.gnu-tools-for-stm32.10.3-2021.10.win32_1.0.200.202301161003/tools/bin/../lib/gcc/arm-none-eabi/10.3.1/../../../../arm-none-eabi/lib/thumb/v7e-m+fp/hard\libc_nano.a(lib_a-impure.o)
 *(.RamFunc)
 *(.RamFunc*)
                0x0000000020000184                . = ALIGN (0x4)
                0x0000000020000184                _edata = .

.igot.plt       0x0000000020000184        0x0 load address 0x0000000008008c84
 .igot.plt      0x0000000020000184        0x0 c:/st/stm32cubeide_1.12.1/stm32cubeide/plugins/com.st.stm32cube.ide.mcu.externaltools.gnu-tools-for-stm32.10.3-2021.10.win32_1.0.200.202301161003/tools/bin/../lib/gcc/arm-none-eabi/10.3.1/thumb/v7e-m+fp/hard/crtbegin.o
                0x0000000020000184                . = ALIGN (0x4)

.bss            0x0000000020000184     0x1628 load address 0x0000000008008c84
                0x0000000020000184                _sbss = .
                0x0000000020000184                __bss_start__ = _sbss
 *(.bss)
 .bss           0x0000000020000184       0x1c c:/st/stm32cubeide_1.12.1/stm32cubeide/plugins/com.st.stm32cube.ide.mcu.externaltools.gnu-tools-for-stm32.10.3-2021.10.win32_1.0.200.202301161003/tools/bin/../lib/gcc/arm-none-eabi/10.3.1/thumb/v7e-m+fp/hard/crtbegin.o
 *(.bss*)
 .bss.__sbrk_heap_end
                0x00000000200001a0        0x4 ./Src/bsp/sysmem.o
 .bss.is_open   0x00000000200001a4        0x1 ./Src/hw/driver/uart.o
 *fill*         0x00000000200001a5        0x3 
 .bss.uwTick    0x00000000200001a8        0x4 ./Src/lib/STM32F746NGH/Drivers/STM32F7xx_HAL_Driver/Src/stm32f7xx_hal.o
                0x00000000200001a8                uwTick
 .bss.cfgidx.0  0x00000000200001ac        0x1 ./Src/lib/STM32F746NGH/Middlewares/ST/STM32_USB_Device_Library/Core/Src/usbd_ctlreq.o
 *fill*         0x00000000200001ad        0x3 
 .bss.hUsbDeviceFS
                0x00000000200001b0      0x2dc ./Src/lib/STM32F746NGH/USB_DEVICE/App/usb_device.o
                0x00000000200001b0                hUsbDeviceFS
 .bss.rx_in     0x000000002000048c        0x4 ./Src/lib/STM32F746NGH/USB_DEVICE/App/usbd_cdc_if.o
                0x000000002000048c                rx_in
 .bss.rx_out    0x0000000020000490        0x4 ./Src/lib/STM32F746NGH/USB_DEVICE/App/usbd_cdc_if.o
                0x0000000020000490                rx_out
 .bss.rx_buf    0x0000000020000494      0x400 ./Src/lib/STM32F746NGH/USB_DEVICE/App/usbd_cdc_if.o
                0x0000000020000494                rx_buf
 .bss.UserRxBufferFS
                0x0000000020000894      0x400 ./Src/lib/STM32F746NGH/USB_DEVICE/App/usbd_cdc_if.o
                0x0000000020000894                UserRxBufferFS
 .bss.UserTxBufferFS
                0x0000000020000c94      0x400 ./Src/lib/STM32F746NGH/USB_DEVICE/App/usbd_cdc_if.o
                0x0000000020000c94                UserTxBufferFS
 .bss.USBD_StrDesc
                0x0000000020001094      0x200 ./Src/lib/STM32F746NGH/USB_DEVICE/App/usbd_desc.o
                0x0000000020001094                USBD_StrDesc
 .bss.hpcd_USB_OTG_FS
                0x0000000020001294      0x508 ./Src/lib/STM32F746NGH/USB_DEVICE/Target/usbd_conf.o
                0x0000000020001294                hpcd_USB_OTG_FS
 .bss.__malloc_free_list
                0x000000002000179c        0x4 c:/st/stm32cubeide_1.12.1/stm32cubeide/plugins/com.st.stm32cube.ide.mcu.externaltools.gnu-tools-for-stm32.10.3-2021.10.win32_1.0.200.202301161003/tools/bin/../lib/gcc/arm-none-eabi/10.3.1/../../../../arm-none-eabi/lib/thumb/v7e-m+fp/hard\libc_nano.a(lib_a-nano-mallocr.o)
                0x000000002000179c                __malloc_free_list
 .bss.__malloc_sbrk_start
                0x00000000200017a0        0x4 c:/st/stm32cubeide_1.12.1/stm32cubeide/plugins/com.st.stm32cube.ide.mcu.externaltools.gnu-tools-for-stm32.10.3-2021.10.win32_1.0.200.202301161003/tools/bin/../lib/gcc/arm-none-eabi/10.3.1/../../../../arm-none-eabi/lib/thumb/v7e-m+fp/hard\libc_nano.a(lib_a-nano-mallocr.o)
                0x00000000200017a0                __malloc_sbrk_start
 .bss.errno     0x00000000200017a4        0x4 c:/st/stm32cubeide_1.12.1/stm32cubeide/plugins/com.st.stm32cube.ide.mcu.externaltools.gnu-tools-for-stm32.10.3-2021.10.win32_1.0.200.202301161003/tools/bin/../lib/gcc/arm-none-eabi/10.3.1/../../../../arm-none-eabi/lib/thumb/v7e-m+fp/hard\libc_nano.a(lib_a-reent.o)
                0x00000000200017a4                errno
 .bss.__lock___malloc_recursive_mutex
                0x00000000200017a8        0x1 c:/st/stm32cubeide_1.12.1/stm32cubeide/plugins/com.st.stm32cube.ide.mcu.externaltools.gnu-tools-for-stm32.10.3-2021.10.win32_1.0.200.202301161003/tools/bin/../lib/gcc/arm-none-eabi/10.3.1/../../../../arm-none-eabi/lib/thumb/v7e-m+fp/hard\libc_nano.a(lib_a-lock.o)
                0x00000000200017a8                __lock___malloc_recursive_mutex
 *(COMMON)
                0x00000000200017ac                . = ALIGN (0x4)
 *fill*         0x00000000200017a9        0x3 
                0x00000000200017ac                _ebss = .
                0x00000000200017ac                __bss_end__ = _ebss

._user_heap_stack
                0x00000000200017ac      0x604 load address 0x0000000008008c84
                0x00000000200017b0                . = ALIGN (0x8)
 *fill*         0x00000000200017ac        0x4 
                [!provide]                        PROVIDE (end = .)
                0x00000000200017b0                PROVIDE (_end = .)
                0x00000000200019b0                . = (. + _Min_Heap_Size)
 *fill*         0x00000000200017b0      0x200 
                0x0000000020001db0                . = (. + _Min_Stack_Size)
 *fill*         0x00000000200019b0      0x400 
                0x0000000020001db0                . = ALIGN (0x8)

/DISCARD/
 libc.a(*)
 libm.a(*)
 libgcc.a(*)

.ARM.attributes
                0x0000000000000000       0x30
 *(.ARM.attributes)
 .ARM.attributes
                0x0000000000000000       0x1e c:/st/stm32cubeide_1.12.1/stm32cubeide/plugins/com.st.stm32cube.ide.mcu.externaltools.gnu-tools-for-stm32.10.3-2021.10.win32_1.0.200.202301161003/tools/bin/../lib/gcc/arm-none-eabi/10.3.1/thumb/v7e-m+fp/hard/crti.o
 .ARM.attributes
                0x000000000000001e       0x34 c:/st/stm32cubeide_1.12.1/stm32cubeide/plugins/com.st.stm32cube.ide.mcu.externaltools.gnu-tools-for-stm32.10.3-2021.10.win32_1.0.200.202301161003/tools/bin/../lib/gcc/arm-none-eabi/10.3.1/thumb/v7e-m+fp/hard/crtbegin.o
 .ARM.attributes
                0x0000000000000052       0x34 ./Src/ap/ap.o
 .ARM.attributes
                0x0000000000000086       0x34 ./Src/bsp/bsp.o
 .ARM.attributes
                0x00000000000000ba       0x34 ./Src/bsp/stm32f7xx_hal_msp.o
 .ARM.attributes
                0x00000000000000ee       0x34 ./Src/bsp/stm32f7xx_it.o
 .ARM.attributes
                0x0000000000000122       0x34 ./Src/bsp/sysmem.o
 .ARM.attributes
                0x0000000000000156       0x34 ./Src/bsp/system_stm32f7xx.o
 .ARM.attributes
                0x000000000000018a       0x21 ./Src/bsp/startup/startup_stm32f746nghx.o
 .ARM.attributes
                0x00000000000001ab       0x34 ./Src/hw/driver/led.o
 .ARM.attributes
                0x00000000000001df       0x34 ./Src/hw/driver/uart.o
 .ARM.attributes
                0x0000000000000213       0x34 ./Src/hw/hw.o
 .ARM.attributes
                0x0000000000000247       0x34 ./Src/lib/STM32F746NGH/Drivers/STM32F7xx_HAL_Driver/Src/stm32f7xx_hal.o
 .ARM.attributes
                0x000000000000027b       0x34 ./Src/lib/STM32F746NGH/Drivers/STM32F7xx_HAL_Driver/Src/stm32f7xx_hal_cortex.o
 .ARM.attributes
                0x00000000000002af       0x34 ./Src/lib/STM32F746NGH/Drivers/STM32F7xx_HAL_Driver/Src/stm32f7xx_hal_gpio.o
 .ARM.attributes
                0x00000000000002e3       0x34 ./Src/lib/STM32F746NGH/Drivers/STM32F7xx_HAL_Driver/Src/stm32f7xx_hal_pcd.o
 .ARM.attributes
                0x0000000000000317       0x34 ./Src/lib/STM32F746NGH/Drivers/STM32F7xx_HAL_Driver/Src/stm32f7xx_hal_pcd_ex.o
 .ARM.attributes
                0x000000000000034b       0x34 ./Src/lib/STM32F746NGH/Drivers/STM32F7xx_HAL_Driver/Src/stm32f7xx_hal_pwr.o
 .ARM.attributes
                0x000000000000037f       0x34 ./Src/lib/STM32F746NGH/Drivers/STM32F7xx_HAL_Driver/Src/stm32f7xx_hal_pwr_ex.o
 .ARM.attributes
                0x00000000000003b3       0x34 ./Src/lib/STM32F746NGH/Drivers/STM32F7xx_HAL_Driver/Src/stm32f7xx_hal_rcc.o
 .ARM.attributes
                0x00000000000003e7       0x34 ./Src/lib/STM32F746NGH/Drivers/STM32F7xx_HAL_Driver/Src/stm32f7xx_hal_rcc_ex.o
 .ARM.attributes
                0x000000000000041b       0x34 ./Src/lib/STM32F746NGH/Drivers/STM32F7xx_HAL_Driver/Src/stm32f7xx_ll_usb.o
 .ARM.attributes
                0x000000000000044f       0x34 ./Src/lib/STM32F746NGH/Middlewares/ST/STM32_USB_Device_Library/Class/CDC/Src/usbd_cdc.o
 .ARM.attributes
                0x0000000000000483       0x34 ./Src/lib/STM32F746NGH/Middlewares/ST/STM32_USB_Device_Library/Core/Src/usbd_core.o
 .ARM.attributes
                0x00000000000004b7       0x34 ./Src/lib/STM32F746NGH/Middlewares/ST/STM32_USB_Device_Library/Core/Src/usbd_ctlreq.o
 .ARM.attributes
                0x00000000000004eb       0x34 ./Src/lib/STM32F746NGH/Middlewares/ST/STM32_USB_Device_Library/Core/Src/usbd_ioreq.o
 .ARM.attributes
                0x000000000000051f       0x34 ./Src/lib/STM32F746NGH/USB_DEVICE/App/usb_device.o
 .ARM.attributes
                0x0000000000000553       0x34 ./Src/lib/STM32F746NGH/USB_DEVICE/App/usbd_cdc_if.o
 .ARM.attributes
                0x0000000000000587       0x34 ./Src/lib/STM32F746NGH/USB_DEVICE/App/usbd_desc.o
 .ARM.attributes
                0x00000000000005bb       0x34 ./Src/lib/STM32F746NGH/USB_DEVICE/Target/usbd_conf.o
 .ARM.attributes
                0x00000000000005ef       0x34 ./Src/main.o
 .ARM.attributes
                0x0000000000000623       0x34 c:/st/stm32cubeide_1.12.1/stm32cubeide/plugins/com.st.stm32cube.ide.mcu.externaltools.gnu-tools-for-stm32.10.3-2021.10.win32_1.0.200.202301161003/tools/bin/../lib/gcc/arm-none-eabi/10.3.1/../../../../arm-none-eabi/lib/thumb/v7e-m+fp/hard\libc_nano.a(lib_a-errno.o)
 .ARM.attributes
                0x0000000000000657       0x34 c:/st/stm32cubeide_1.12.1/stm32cubeide/plugins/com.st.stm32cube.ide.mcu.externaltools.gnu-tools-for-stm32.10.3-2021.10.win32_1.0.200.202301161003/tools/bin/../lib/gcc/arm-none-eabi/10.3.1/../../../../arm-none-eabi/lib/thumb/v7e-m+fp/hard\libc_nano.a(lib_a-impure.o)
 .ARM.attributes
                0x000000000000068b       0x34 c:/st/stm32cubeide_1.12.1/stm32cubeide/plugins/com.st.stm32cube.ide.mcu.externaltools.gnu-tools-for-stm32.10.3-2021.10.win32_1.0.200.202301161003/tools/bin/../lib/gcc/arm-none-eabi/10.3.1/../../../../arm-none-eabi/lib/thumb/v7e-m+fp/hard\libc_nano.a(lib_a-init.o)
 .ARM.attributes
                0x00000000000006bf       0x34 c:/st/stm32cubeide_1.12.1/stm32cubeide/plugins/com.st.stm32cube.ide.mcu.externaltools.gnu-tools-for-stm32.10.3-2021.10.win32_1.0.200.202301161003/tools/bin/../lib/gcc/arm-none-eabi/10.3.1/../../../../arm-none-eabi/lib/thumb/v7e-m+fp/hard\libc_nano.a(lib_a-malloc.o)
 .ARM.attributes
                0x00000000000006f3       0x34 c:/st/stm32cubeide_1.12.1/stm32cubeide/plugins/com.st.stm32cube.ide.mcu.externaltools.gnu-tools-for-stm32.10.3-2021.10.win32_1.0.200.202301161003/tools/bin/../lib/gcc/arm-none-eabi/10.3.1/../../../../arm-none-eabi/lib/thumb/v7e-m+fp/hard\libc_nano.a(lib_a-memset.o)
 .ARM.attributes
                0x0000000000000727       0x34 c:/st/stm32cubeide_1.12.1/stm32cubeide/plugins/com.st.stm32cube.ide.mcu.externaltools.gnu-tools-for-stm32.10.3-2021.10.win32_1.0.200.202301161003/tools/bin/../lib/gcc/arm-none-eabi/10.3.1/../../../../arm-none-eabi/lib/thumb/v7e-m+fp/hard\libc_nano.a(lib_a-nano-freer.o)
 .ARM.attributes
                0x000000000000075b       0x34 c:/st/stm32cubeide_1.12.1/stm32cubeide/plugins/com.st.stm32cube.ide.mcu.externaltools.gnu-tools-for-stm32.10.3-2021.10.win32_1.0.200.202301161003/tools/bin/../lib/gcc/arm-none-eabi/10.3.1/../../../../arm-none-eabi/lib/thumb/v7e-m+fp/hard\libc_nano.a(lib_a-nano-mallocr.o)
 .ARM.attributes
                0x000000000000078f       0x34 c:/st/stm32cubeide_1.12.1/stm32cubeide/plugins/com.st.stm32cube.ide.mcu.externaltools.gnu-tools-for-stm32.10.3-2021.10.win32_1.0.200.202301161003/tools/bin/../lib/gcc/arm-none-eabi/10.3.1/../../../../arm-none-eabi/lib/thumb/v7e-m+fp/hard\libc_nano.a(lib_a-sbrkr.o)
 .ARM.attributes
                0x00000000000007c3       0x34 c:/st/stm32cubeide_1.12.1/stm32cubeide/plugins/com.st.stm32cube.ide.mcu.externaltools.gnu-tools-for-stm32.10.3-2021.10.win32_1.0.200.202301161003/tools/bin/../lib/gcc/arm-none-eabi/10.3.1/../../../../arm-none-eabi/lib/thumb/v7e-m+fp/hard\libc_nano.a(lib_a-vsnprintf.o)
 .ARM.attributes
                0x00000000000007f7       0x34 c:/st/stm32cubeide_1.12.1/stm32cubeide/plugins/com.st.stm32cube.ide.mcu.externaltools.gnu-tools-for-stm32.10.3-2021.10.win32_1.0.200.202301161003/tools/bin/../lib/gcc/arm-none-eabi/10.3.1/../../../../arm-none-eabi/lib/thumb/v7e-m+fp/hard\libc_nano.a(lib_a-mlock.o)
 .ARM.attributes
                0x000000000000082b       0x34 c:/st/stm32cubeide_1.12.1/stm32cubeide/plugins/com.st.stm32cube.ide.mcu.externaltools.gnu-tools-for-stm32.10.3-2021.10.win32_1.0.200.202301161003/tools/bin/../lib/gcc/arm-none-eabi/10.3.1/../../../../arm-none-eabi/lib/thumb/v7e-m+fp/hard\libc_nano.a(lib_a-nano-svfprintf.o)
 .ARM.attributes
                0x000000000000085f       0x34 c:/st/stm32cubeide_1.12.1/stm32cubeide/plugins/com.st.stm32cube.ide.mcu.externaltools.gnu-tools-for-stm32.10.3-2021.10.win32_1.0.200.202301161003/tools/bin/../lib/gcc/arm-none-eabi/10.3.1/../../../../arm-none-eabi/lib/thumb/v7e-m+fp/hard\libc_nano.a(lib_a-nano-vfprintf_i.o)
 .ARM.attributes
                0x0000000000000893       0x34 c:/st/stm32cubeide_1.12.1/stm32cubeide/plugins/com.st.stm32cube.ide.mcu.externaltools.gnu-tools-for-stm32.10.3-2021.10.win32_1.0.200.202301161003/tools/bin/../lib/gcc/arm-none-eabi/10.3.1/../../../../arm-none-eabi/lib/thumb/v7e-m+fp/hard\libc_nano.a(lib_a-reent.o)
 .ARM.attributes
                0x00000000000008c7       0x34 c:/st/stm32cubeide_1.12.1/stm32cubeide/plugins/com.st.stm32cube.ide.mcu.externaltools.gnu-tools-for-stm32.10.3-2021.10.win32_1.0.200.202301161003/tools/bin/../lib/gcc/arm-none-eabi/10.3.1/../../../../arm-none-eabi/lib/thumb/v7e-m+fp/hard\libc_nano.a(lib_a-lock.o)
 .ARM.attributes
                0x00000000000008fb       0x1c c:/st/stm32cubeide_1.12.1/stm32cubeide/plugins/com.st.stm32cube.ide.mcu.externaltools.gnu-tools-for-stm32.10.3-2021.10.win32_1.0.200.202301161003/tools/bin/../lib/gcc/arm-none-eabi/10.3.1/../../../../arm-none-eabi/lib/thumb/v7e-m+fp/hard\libc_nano.a(lib_a-memchr.o)
 .ARM.attributes
                0x0000000000000917       0x34 c:/st/stm32cubeide_1.12.1/stm32cubeide/plugins/com.st.stm32cube.ide.mcu.externaltools.gnu-tools-for-stm32.10.3-2021.10.win32_1.0.200.202301161003/tools/bin/../lib/gcc/arm-none-eabi/10.3.1/../../../../arm-none-eabi/lib/thumb/v7e-m+fp/hard\libc_nano.a(lib_a-memcpy-stub.o)
 .ARM.attributes
                0x000000000000094b       0x34 c:/st/stm32cubeide_1.12.1/stm32cubeide/plugins/com.st.stm32cube.ide.mcu.externaltools.gnu-tools-for-stm32.10.3-2021.10.win32_1.0.200.202301161003/tools/bin/../lib/gcc/arm-none-eabi/10.3.1/../../../../arm-none-eabi/lib/thumb/v7e-m+fp/hard\libc_nano.a(lib_a-memmove.o)
 .ARM.attributes
                0x000000000000097f       0x34 c:/st/stm32cubeide_1.12.1/stm32cubeide/plugins/com.st.stm32cube.ide.mcu.externaltools.gnu-tools-for-stm32.10.3-2021.10.win32_1.0.200.202301161003/tools/bin/../lib/gcc/arm-none-eabi/10.3.1/../../../../arm-none-eabi/lib/thumb/v7e-m+fp/hard\libc_nano.a(lib_a-nano-reallocr.o)
 .ARM.attributes
                0x00000000000009b3       0x34 c:/st/stm32cubeide_1.12.1/stm32cubeide/plugins/com.st.stm32cube.ide.mcu.externaltools.gnu-tools-for-stm32.10.3-2021.10.win32_1.0.200.202301161003/tools/bin/../lib/gcc/arm-none-eabi/10.3.1/../../../../arm-none-eabi/lib/thumb/v7e-m+fp/hard\libc_nano.a(lib_a-nano-msizer.o)
 .ARM.attributes
                0x00000000000009e7       0x1e c:/st/stm32cubeide_1.12.1/stm32cubeide/plugins/com.st.stm32cube.ide.mcu.externaltools.gnu-tools-for-stm32.10.3-2021.10.win32_1.0.200.202301161003/tools/bin/../lib/gcc/arm-none-eabi/10.3.1/thumb/v7e-m+fp/hard\libgcc.a(_aeabi_uldivmod.o)
 .ARM.attributes
                0x0000000000000a05       0x34 c:/st/stm32cubeide_1.12.1/stm32cubeide/plugins/com.st.stm32cube.ide.mcu.externaltools.gnu-tools-for-stm32.10.3-2021.10.win32_1.0.200.202301161003/tools/bin/../lib/gcc/arm-none-eabi/10.3.1/thumb/v7e-m+fp/hard\libgcc.a(_udivmoddi4.o)
 .ARM.attributes
                0x0000000000000a39       0x1e c:/st/stm32cubeide_1.12.1/stm32cubeide/plugins/com.st.stm32cube.ide.mcu.externaltools.gnu-tools-for-stm32.10.3-2021.10.win32_1.0.200.202301161003/tools/bin/../lib/gcc/arm-none-eabi/10.3.1/thumb/v7e-m+fp/hard\libgcc.a(_dvmd_tls.o)
 .ARM.attributes